<?xml version="1.0" encoding="utf-8"?>
<TestRun id="a1a45f99-39c5-4dd9-9c10-f25e91e542ed" name="Administrator@PC-20250309WEIZ 2026-09-20 18:09:05" runUser="PC-20250309WEIZ\Administrator" xmlns="http://microsoft.com/schemas/VisualStudio/TeamTest/2010">
  <Times creation="2026-09-20T18:09:05.0999896+08:00" queuing="2026-09-20T18:09:05.0999903+08:00" start="2026-09-20T18:09:04.4426253+08:00" finish="2026-09-20T18:09:05.2243664+08:00" />
  <TestSettings name="default" id="b6be40db-5e36-43c9-b72e-99fc6c064e44">
    <Deployment runDeploymentRoot="Administrator_PC-20250309WEIZ_2026-09-20_18_09_05" />
  </TestSettings>
  <Results>
    <UnitTestResult executionId="7816f055-9536-4973-b0d9-993188dd310a" testId="160b0148-0c99-82d0-a3f7-3a9949f05f1e" testName="PublicSeamUsesRealWpfRoutesAndExecutesEachBoundButtonCommandOnlyOnce" computerName="PC-20250309WEIZ" duration="00:00:00.0004289" startTime="2026-09-20T18:09:05.0047979+08:00" endTime="2026-09-20T18:09:05.0052631+08:00" testType="13cdc9d9-ddb5-4fa4-a97d-d965ccfc6d4b" outcome="Passed" testListId="8c84fa94-04c1-424b-9868-57a2d4851a1d" relativeResultsDirectory="7816f055-9536-4973-b0d9-993188dd310a" />
    <UnitTestResult executionId="68169ea6-c442-4a77-814d-46cd993efab6" testId="1e624b4e-f002-8257-976e-0d40bb06c97e" testName="IndependentValidatorFailClosesAllRequiredIdentitySafetyAndMutationNegatives" computerName="PC-20250309WEIZ" duration="00:00:00.0013479" startTime="2026-09-20T18:09:05.1430873+08:00" endTime="2026-09-20T18:09:05.1444762+08:00" testType="13cdc9d9-ddb5-4fa4-a97d-d965ccfc6d4b" outcome="Passed" testListId="8c84fa94-04c1-424b-9868-57a2d4851a1d" relativeResultsDirectory="68169ea6-c442-4a77-814d-46cd993efab6" />
    <UnitTestResult executionId="82f6e3ab-c040-4231-8635-13e2a71625ca" testId="1292794a-6241-8fee-b22c-34e2cfa5df11" testName="AggregateEvidenceAcceptsNullableSelectionPidsAndManifestReplacementUsesARealBackupPath" computerName="PC-20250309WEIZ" duration="00:00:00.0013594" startTime="2026-09-20T18:09:05.1777725+08:00" endTime="2026-09-20T18:09:05.1806182+08:00" testType="13cdc9d9-ddb5-4fa4-a97d-d965ccfc6d4b" outcome="Passed" testListId="8c84fa94-04c1-424b-9868-57a2d4851a1d" relativeResultsDirectory="82f6e3ab-c040-4231-8635-13e2a71625ca" />
    <UnitTestResult executionId="01f08d7e-f02d-4828-a35d-9acc095c56fa" testId="16d6d3db-9ef7-8f21-89b7-d2d71ada44a7" testName="AutomatedControllerIsWiredIntoRealApplicationWindowModuleAndExitLifecycles" computerName="PC-20250309WEIZ" duration="00:00:00.0017469" startTime="2026-09-20T18:09:05.0029756+08:00" endTime="2026-09-20T18:09:05.0047679+08:00" testType="13cdc9d9-ddb5-4fa4-a97d-d965ccfc6d4b" outcome="Passed" testListId="8c84fa94-04c1-424b-9868-57a2d4851a1d" relativeResultsDirectory="01f08d7e-f02d-4828-a35d-9acc095c56fa" />
    <UnitTestResult executionId="6f7a21a3-7767-46ec-af11-4899b7c8a998" testId="11861abb-da36-8e93-8ee7-1acca2af4f6e" testName="EveryAutomatedManifestEvidenceScreenshotAndBoundsRecordCarriesHonestIdentity" computerName="PC-20250309WEIZ" duration="00:00:00.0311384" startTime="2026-09-20T18:09:05.1465468+08:00" endTime="2026-09-20T18:09:05.1777336+08:00" testType="13cdc9d9-ddb5-4fa4-a97d-d965ccfc6d4b" outcome="Passed" testListId="8c84fa94-04c1-424b-9868-57a2d4851a1d" relativeResultsDirectory="6f7a21a3-7767-46ec-af11-4899b7c8a998" />
    <UnitTestResult executionId="14437417-d564-4741-b9c8-0b0ddb5a04ee" testId="1a87b614-690a-8d65-89ba-60216ed81d0a" testName="IndependentValidatorReauditsAllButtonRolesStatesContrastsAndThemesFromSource" computerName="PC-20250309WEIZ" duration="00:00:00.0019943" startTime="2026-09-20T18:09:05.1445002+08:00" endTime="2026-09-20T18:09:05.1465266+08:00" testType="13cdc9d9-ddb5-4fa4-a97d-d965ccfc6d4b" outcome="Passed" testListId="8c84fa94-04c1-424b-9868-57a2d4851a1d" relativeResultsDirectory="14437417-d564-4741-b9c8-0b0ddb5a04ee" />
    <UnitTestResult executionId="ce5531dc-7445-4e67-85ae-4ad2b7510b49" testId="119ac368-6303-88e4-9136-194670dbd03c" testName="OnlySelectionPrimaryMayImportTheRunOwnedSyntheticFixture" computerName="PC-20250309WEIZ" duration="00:00:00.0012603" startTime="2026-09-20T18:09:05.1001185+08:00" endTime="2026-09-20T18:09:05.1014154+08:00" testType="13cdc9d9-ddb5-4fa4-a97d-d965ccfc6d4b" outcome="Passed" testListId="8c84fa94-04c1-424b-9868-57a2d4851a1d" relativeResultsDirectory="ce5531dc-7445-4e67-85ae-4ad2b7510b49" />
    <UnitTestResult executionId="6107c3bf-19d5-4f7b-b542-1783af2244b3" testId="1f78fab5-6fda-8993-8c7a-6dacd6dc243a" testName="RuntimeImplementsEveryFixedScenarioInsteadOfGeneratingGenericPassEvidence" computerName="PC-20250309WEIZ" duration="00:00:00.0342261" startTime="2026-09-20T18:09:04.9674507+08:00" endTime="2026-09-20T18:09:05.0017292+08:00" testType="13cdc9d9-ddb5-4fa4-a97d-d965ccfc6d4b" outcome="Passed" testListId="8c84fa94-04c1-424b-9868-57a2d4851a1d" relativeResultsDirectory="6107c3bf-19d5-4f7b-b542-1783af2244b3" />
    <UnitTestResult executionId="9f644646-efe4-408a-980d-d912041fe4e2" testId="1a8d8988-503c-841a-bafc-56a5d5662390" testName="EvidenceUsesLiveWpfRenderingBoundsAndFourExplicitlySimulatedDpiLayouts" computerName="PC-20250309WEIZ" duration="00:00:00.0334240" startTime="2026-09-20T18:09:05.0649038+08:00" endTime="2026-09-20T18:09:05.0983906+08:00" testType="13cdc9d9-ddb5-4fa4-a97d-d965ccfc6d4b" outcome="Passed" testListId="8c84fa94-04c1-424b-9868-57a2d4851a1d" relativeResultsDirectory="9f644646-efe4-408a-980d-d912041fe4e2" />
    <UnitTestResult executionId="994563da-f5a0-4d73-abdd-38b85c09bb6e" testId="10058532-ea24-88ef-885a-d0908f379a30" testName="ApplicationAndRunnerSafetyCleanupEvidenceAreValidatedAtTheirRealLifecycleBoundaries" computerName="PC-20250309WEIZ" duration="00:00:00.0022268" startTime="2026-09-20T18:09:05.1407772+08:00" endTime="2026-09-20T18:09:05.1430539+08:00" testType="13cdc9d9-ddb5-4fa4-a97d-d965ccfc6d4b" outcome="Passed" testListId="8c84fa94-04c1-424b-9868-57a2d4851a1d" relativeResultsDirectory="994563da-f5a0-4d73-abdd-38b85c09bb6e" />
    <UnitTestResult executionId="d6ac5523-b5e9-481a-b2a1-456fc293b361" testId="1215f8de-9a52-8ad6-92c5-e7b07d4b2198" testName="NineScenarioImplementationsMeasureRealTransitionsBeforeRecordingTheirChecks" computerName="PC-20250309WEIZ" duration="00:00:00.0011247" startTime="2026-09-20T18:09:05.0017779+08:00" endTime="2026-09-20T18:09:05.0029499+08:00" testType="13cdc9d9-ddb5-4fa4-a97d-d965ccfc6d4b" outcome="Passed" testListId="8c84fa94-04c1-424b-9868-57a2d4851a1d" relativeResultsDirectory="d6ac5523-b5e9-481a-b2a1-456fc293b361" />
    <UnitTestResult executionId="3f574d86-39cf-4d63-bf09-c8829597d7f2" testId="18f56017-08c8-8a2a-9c9a-22d1e343e2ef" testName="RuntimeRequiresAbsoluteRunPlanAndRuntimeRootsWithBoundHeadAndProcessIdentity" computerName="PC-20250309WEIZ" duration="00:00:00.0351346" startTime="2026-09-20T18:09:04.9245367+08:00" endTime="2026-09-20T18:09:04.9597300+08:00" testType="13cdc9d9-ddb5-4fa4-a97d-d965ccfc6d4b" outcome="Passed" testListId="8c84fa94-04c1-424b-9868-57a2d4851a1d" relativeResultsDirectory="3f574d86-39cf-4d63-bf09-c8829597d7f2" />
    <UnitTestResult executionId="6a85e106-98ea-431c-8b2a-41e342c1b392" testId="1dc7d761-60a2-8d67-bb0c-cd9fc1d3336d" testName="AutomatedRunnerNeverEnablesTheHistoricalManualStateSeam" computerName="PC-20250309WEIZ" duration="00:00:00.0025977" startTime="2026-09-20T18:09:04.9214041+08:00" endTime="2026-09-20T18:09:04.9242842+08:00" testType="13cdc9d9-ddb5-4fa4-a97d-d965ccfc6d4b" outcome="Passed" testListId="8c84fa94-04c1-424b-9868-57a2d4851a1d" relativeResultsDirectory="6a85e106-98ea-431c-8b2a-41e342c1b392" />
    <UnitTestResult executionId="881adb78-40e1-4fb0-be96-6fedd46d7627" testId="1c77e25d-87ce-8c89-a06c-5e989a82bdc4" testName="EventAndSummaryStreamsAreCreateNewAppendOnlyAndIndependentlyHashChained" computerName="PC-20250309WEIZ" duration="00:00:00.0392509" startTime="2026-09-20T18:09:05.1014378+08:00" endTime="2026-09-20T18:09:05.1407392+08:00" testType="13cdc9d9-ddb5-4fa4-a97d-d965ccfc6d4b" outcome="Passed" testListId="8c84fa94-04c1-424b-9868-57a2d4851a1d" relativeResultsDirectory="881adb78-40e1-4fb0-be96-6fedd46d7627" />
    <UnitTestResult executionId="39f70a8a-5a0d-4c71-9a82-54bdc71c5c5f" testId="1053012e-8254-828d-bef8-d35b726d2782" testName="ThreePersistenceScenariosRestartTheSameIsolatedRootAcrossDifferentPidAndHwnd" computerName="PC-20250309WEIZ" duration="00:00:00.0016241" startTime="2026-09-20T18:09:05.0984247+08:00" endTime="2026-09-20T18:09:05.1000920+08:00" testType="13cdc9d9-ddb5-4fa4-a97d-d965ccfc6d4b" outcome="Passed" testListId="8c84fa94-04c1-424b-9868-57a2d4851a1d" relativeResultsDirectory="39f70a8a-5a0d-4c71-9a82-54bdc71c5c5f" />
    <UnitTestResult executionId="6f0aa1e0-7cbf-48f5-9194-36ebbc30bb26" testId="1fd401fb-35a1-88f9-afd0-f3c8f19f0606" testName="AutomatedContractHasFourHonestyMarkersAndExactlyNineOrderedScenarios" computerName="PC-20250309WEIZ" duration="00:00:00.0076113" startTime="2026-09-20T18:09:04.9597659+08:00" endTime="2026-09-20T18:09:04.9674255+08:00" testType="13cdc9d9-ddb5-4fa4-a97d-d965ccfc6d4b" outcome="Passed" testListId="8c84fa94-04c1-424b-9868-57a2d4851a1d" relativeResultsDirectory="6f0aa1e0-7cbf-48f5-9194-36ebbc30bb26" />
    <UnitTestResult executionId="848a1be0-7f1d-4a8c-af38-33808299008b" testId="1727e9b9-29f4-81bd-a465-dabb98f6be16" testName="AutomatedSourcesContainNoReflectionDesktopInjectionUiAutomationInvokeOrDirectStateBypass" computerName="PC-20250309WEIZ" duration="00:00:00.0368717" startTime="2026-09-20T18:09:05.0052852+08:00" endTime="2026-09-20T18:09:05.0422012+08:00" testType="13cdc9d9-ddb5-4fa4-a97d-d965ccfc6d4b" outcome="Passed" testListId="8c84fa94-04c1-424b-9868-57a2d4851a1d" relativeResultsDirectory="848a1be0-7f1d-4a8c-af38-33808299008b" />
    <UnitTestResult executionId="a6534943-56de-4775-be28-f34663a1fdc5" testId="17b95907-a229-8db4-a5fc-e8cf63f9f3a2" testName="AutomatedBuildFlagIsRestrictedToDebugDevPreviewAndRejectedByProductBuilds" computerName="PC-20250309WEIZ" duration="00:00:00.0096302" startTime="2026-09-20T18:09:04.8942879+08:00" endTime="2026-09-20T18:09:04.9179531+08:00" testType="13cdc9d9-ddb5-4fa4-a97d-d965ccfc6d4b" outcome="Passed" testListId="8c84fa94-04c1-424b-9868-57a2d4851a1d" relativeResultsDirectory="a6534943-56de-4775-be28-f34663a1fdc5" />
  </Results>
  <TestDefinitions>
    <UnitTest name="RuntimeRequiresAbsoluteRunPlanAndRuntimeRootsWithBoundHeadAndProcessIdentity" storage="d:\ai agent\worktrees\pixel-tart-developer-preview-rc6\tests\rawselectionassistant.wpftests\bin\x64\release\net10.0-windows10.0.19041.0\rawselectionassistant.wpftests.dll" id="18f56017-08c8-8a2a-9c9a-22d1e343e2ef">
      <Execution id="3f574d86-39cf-4d63-bf09-c8829597d7f2" />
      <TestMethod codeBase="D:\AI AGENT\worktrees\pixel-tart-developer-preview-rc6\tests\RAWSelectionAssistant.WpfTests\bin\x64\Release\net10.0-windows10.0.19041.0\RAWSelectionAssistant.WpfTests.dll" adapterTypeName="executor://mstestadapter/v4" className="RAWSelectionAssistant.WpfTests.AssetLibraryP1AutomatedAcceptanceSeamTests" name="RuntimeRequiresAbsoluteRunPlanAndRuntimeRootsWithBoundHeadAndProcessIdentity" />
    </UnitTest>
    <UnitTest name="AutomatedSourcesContainNoReflectionDesktopInjectionUiAutomationInvokeOrDirectStateBypass" storage="d:\ai agent\worktrees\pixel-tart-developer-preview-rc6\tests\rawselectionassistant.wpftests\bin\x64\release\net10.0-windows10.0.19041.0\rawselectionassistant.wpftests.dll" id="1727e9b9-29f4-81bd-a465-dabb98f6be16">
      <Execution id="848a1be0-7f1d-4a8c-af38-33808299008b" />
      <TestMethod codeBase="D:\AI AGENT\worktrees\pixel-tart-developer-preview-rc6\tests\RAWSelectionAssistant.WpfTests\bin\x64\Release\net10.0-windows10.0.19041.0\RAWSelectionAssistant.WpfTests.dll" adapterTypeName="executor://mstestadapter/v4" className="RAWSelectionAssistant.WpfTests.AssetLibraryP1AutomatedAcceptanceSeamTests" name="AutomatedSourcesContainNoReflectionDesktopInjectionUiAutomationInvokeOrDirectStateBypass" />
    </UnitTest>
    <UnitTest name="PublicSeamUsesRealWpfRoutesAndExecutesEachBoundButtonCommandOnlyOnce" storage="d:\ai agent\worktrees\pixel-tart-developer-preview-rc6\tests\rawselectionassistant.wpftests\bin\x64\release\net10.0-windows10.0.19041.0\rawselectionassistant.wpftests.dll" id="160b0148-0c99-82d0-a3f7-3a9949f05f1e">
      <Execution id="7816f055-9536-4973-b0d9-993188dd310a" />
      <TestMethod codeBase="D:\AI AGENT\worktrees\pixel-tart-developer-preview-rc6\tests\RAWSelectionAssistant.WpfTests\bin\x64\Release\net10.0-windows10.0.19041.0\RAWSelectionAssistant.WpfTests.dll" adapterTypeName="executor://mstestadapter/v4" className="RAWSelectionAssistant.WpfTests.AssetLibraryP1AutomatedAcceptanceSeamTests" name="PublicSeamUsesRealWpfRoutesAndExecutesEachBoundButtonCommandOnlyOnce" />
    </UnitTest>
    <UnitTest name="AutomatedControllerIsWiredIntoRealApplicationWindowModuleAndExitLifecycles" storage="d:\ai agent\worktrees\pixel-tart-developer-preview-rc6\tests\rawselectionassistant.wpftests\bin\x64\release\net10.0-windows10.0.19041.0\rawselectionassistant.wpftests.dll" id="16d6d3db-9ef7-8f21-89b7-d2d71ada44a7">
      <Execution id="01f08d7e-f02d-4828-a35d-9acc095c56fa" />
      <TestMethod codeBase="D:\AI AGENT\worktrees\pixel-tart-developer-preview-rc6\tests\RAWSelectionAssistant.WpfTests\bin\x64\Release\net10.0-windows10.0.19041.0\RAWSelectionAssistant.WpfTests.dll" adapterTypeName="executor://mstestadapter/v4" className="RAWSelectionAssistant.WpfTests.AssetLibraryP1AutomatedAcceptanceSeamTests" name="AutomatedControllerIsWiredIntoRealApplicationWindowModuleAndExitLifecycles" />
    </UnitTest>
    <UnitTest name="NineScenarioImplementationsMeasureRealTransitionsBeforeRecordingTheirChecks" storage="d:\ai agent\worktrees\pixel-tart-developer-preview-rc6\tests\rawselectionassistant.wpftests\bin\x64\release\net10.0-windows10.0.19041.0\rawselectionassistant.wpftests.dll" id="1215f8de-9a52-8ad6-92c5-e7b07d4b2198">
      <Execution id="d6ac5523-b5e9-481a-b2a1-456fc293b361" />
      <TestMethod codeBase="D:\AI AGENT\worktrees\pixel-tart-developer-preview-rc6\tests\RAWSelectionAssistant.WpfTests\bin\x64\Release\net10.0-windows10.0.19041.0\RAWSelectionAssistant.WpfTests.dll" adapterTypeName="executor://mstestadapter/v4" className="RAWSelectionAssistant.WpfTests.AssetLibraryP1AutomatedAcceptanceSeamTests" name="NineScenarioImplementationsMeasureRealTransitionsBeforeRecordingTheirChecks" />
    </UnitTest>
    <UnitTest name="ApplicationAndRunnerSafetyCleanupEvidenceAreValidatedAtTheirRealLifecycleBoundaries" storage="d:\ai agent\worktrees\pixel-tart-developer-preview-rc6\tests\rawselectionassistant.wpftests\bin\x64\release\net10.0-windows10.0.19041.0\rawselectionassistant.wpftests.dll" id="10058532-ea24-88ef-885a-d0908f379a30">
      <Execution id="994563da-f5a0-4d73-abdd-38b85c09bb6e" />
      <TestMethod codeBase="D:\AI AGENT\worktrees\pixel-tart-developer-preview-rc6\tests\RAWSelectionAssistant.WpfTests\bin\x64\Release\net10.0-windows10.0.19041.0\RAWSelectionAssistant.WpfTests.dll" adapterTypeName="executor://mstestadapter/v4" className="RAWSelectionAssistant.WpfTests.AssetLibraryP1AutomatedAcceptanceSeamTests" name="ApplicationAndRunnerSafetyCleanupEvidenceAreValidatedAtTheirRealLifecycleBoundaries" />
    </UnitTest>
    <UnitTest name="OnlySelectionPrimaryMayImportTheRunOwnedSyntheticFixture" storage="d:\ai agent\worktrees\pixel-tart-developer-preview-rc6\tests\rawselectionassistant.wpftests\bin\x64\release\net10.0-windows10.0.19041.0\rawselectionassistant.wpftests.dll" id="119ac368-6303-88e4-9136-194670dbd03c">
      <Execution id="ce5531dc-7445-4e67-85ae-4ad2b7510b49" />
      <TestMethod codeBase="D:\AI AGENT\worktrees\pixel-tart-developer-preview-rc6\tests\RAWSelectionAssistant.WpfTests\bin\x64\Release\net10.0-windows10.0.19041.0\RAWSelectionAssistant.WpfTests.dll" adapterTypeName="executor://mstestadapter/v4" className="RAWSelectionAssistant.WpfTests.AssetLibraryP1AutomatedAcceptanceSeamTests" name="OnlySelectionPrimaryMayImportTheRunOwnedSyntheticFixture" />
    </UnitTest>
    <UnitTest name="EveryAutomatedManifestEvidenceScreenshotAndBoundsRecordCarriesHonestIdentity" storage="d:\ai agent\worktrees\pixel-tart-developer-preview-rc6\tests\rawselectionassistant.wpftests\bin\x64\release\net10.0-windows10.0.19041.0\rawselectionassistant.wpftests.dll" id="11861abb-da36-8e93-8ee7-1acca2af4f6e">
      <Execution id="6f7a21a3-7767-46ec-af11-4899b7c8a998" />
      <TestMethod codeBase="D:\AI AGENT\worktrees\pixel-tart-developer-preview-rc6\tests\RAWSelectionAssistant.WpfTests\bin\x64\Release\net10.0-windows10.0.19041.0\RAWSelectionAssistant.WpfTests.dll" adapterTypeName="executor://mstestadapter/v4" className="RAWSelectionAssistant.WpfTests.AssetLibraryP1AutomatedAcceptanceSeamTests" name="EveryAutomatedManifestEvidenceScreenshotAndBoundsRecordCarriesHonestIdentity" />
    </UnitTest>
    <UnitTest name="EventAndSummaryStreamsAreCreateNewAppendOnlyAndIndependentlyHashChained" storage="d:\ai agent\worktrees\pixel-tart-developer-preview-rc6\tests\rawselectionassistant.wpftests\bin\x64\release\net10.0-windows10.0.19041.0\rawselectionassistant.wpftests.dll" id="1c77e25d-87ce-8c89-a06c-5e989a82bdc4">
      <Execution id="881adb78-40e1-4fb0-be96-6fedd46d7627" />
      <TestMethod codeBase="D:\AI AGENT\worktrees\pixel-tart-developer-preview-rc6\tests\RAWSelectionAssistant.WpfTests\bin\x64\Release\net10.0-windows10.0.19041.0\RAWSelectionAssistant.WpfTests.dll" adapterTypeName="executor://mstestadapter/v4" className="RAWSelectionAssistant.WpfTests.AssetLibraryP1AutomatedAcceptanceSeamTests" name="EventAndSummaryStreamsAreCreateNewAppendOnlyAndIndependentlyHashChained" />
    </UnitTest>
    <UnitTest name="ThreePersistenceScenariosRestartTheSameIsolatedRootAcrossDifferentPidAndHwnd" storage="d:\ai agent\worktrees\pixel-tart-developer-preview-rc6\tests\rawselectionassistant.wpftests\bin\x64\release\net10.0-windows10.0.19041.0\rawselectionassistant.wpftests.dll" id="1053012e-8254-828d-bef8-d35b726d2782">
      <Execution id="39f70a8a-5a0d-4c71-9a82-54bdc71c5c5f" />
      <TestMethod codeBase="D:\AI AGENT\worktrees\pixel-tart-developer-preview-rc6\tests\RAWSelectionAssistant.WpfTests\bin\x64\Release\net10.0-windows10.0.19041.0\RAWSelectionAssistant.WpfTests.dll" adapterTypeName="executor://mstestadapter/v4" className="RAWSelectionAssistant.WpfTests.AssetLibraryP1AutomatedAcceptanceSeamTests" name="ThreePersistenceScenariosRestartTheSameIsolatedRootAcrossDifferentPidAndHwnd" />
    </UnitTest>
    <UnitTest name="EvidenceUsesLiveWpfRenderingBoundsAndFourExplicitlySimulatedDpiLayouts" storage="d:\ai agent\worktrees\pixel-tart-developer-preview-rc6\tests\rawselectionassistant.wpftests\bin\x64\release\net10.0-windows10.0.19041.0\rawselectionassistant.wpftests.dll" id="1a8d8988-503c-841a-bafc-56a5d5662390">
      <Execution id="9f644646-efe4-408a-980d-d912041fe4e2" />
      <TestMethod codeBase="D:\AI AGENT\worktrees\pixel-tart-developer-preview-rc6\tests\RAWSelectionAssistant.WpfTests\bin\x64\Release\net10.0-windows10.0.19041.0\RAWSelectionAssistant.WpfTests.dll" adapterTypeName="executor://mstestadapter/v4" className="RAWSelectionAssistant.WpfTests.AssetLibraryP1AutomatedAcceptanceSeamTests" name="EvidenceUsesLiveWpfRenderingBoundsAndFourExplicitlySimulatedDpiLayouts" />
    </UnitTest>
    <UnitTest name="RuntimeImplementsEveryFixedScenarioInsteadOfGeneratingGenericPassEvidence" storage="d:\ai agent\worktrees\pixel-tart-developer-preview-rc6\tests\rawselectionassistant.wpftests\bin\x64\release\net10.0-windows10.0.19041.0\rawselectionassistant.wpftests.dll" id="1f78fab5-6fda-8993-8c7a-6dacd6dc243a">
      <Execution id="6107c3bf-19d5-4f7b-b542-1783af2244b3" />
      <TestMethod codeBase="D:\AI AGENT\worktrees\pixel-tart-developer-preview-rc6\tests\RAWSelectionAssistant.WpfTests\bin\x64\Release\net10.0-windows10.0.19041.0\RAWSelectionAssistant.WpfTests.dll" adapterTypeName="executor://mstestadapter/v4" className="RAWSelectionAssistant.WpfTests.AssetLibraryP1AutomatedAcceptanceSeamTests" name="RuntimeImplementsEveryFixedScenarioInsteadOfGeneratingGenericPassEvidence" />
    </UnitTest>
    <UnitTest name="AutomatedContractHasFourHonestyMarkersAndExactlyNineOrderedScenarios" storage="d:\ai agent\worktrees\pixel-tart-developer-preview-rc6\tests\rawselectionassistant.wpftests\bin\x64\release\net10.0-windows10.0.19041.0\rawselectionassistant.wpftests.dll" id="1fd401fb-35a1-88f9-afd0-f3c8f19f0606">
      <Execution id="6f0aa1e0-7cbf-48f5-9194-36ebbc30bb26" />
      <TestMethod codeBase="D:\AI AGENT\worktrees\pixel-tart-developer-preview-rc6\tests\RAWSelectionAssistant.WpfTests\bin\x64\Release\net10.0-windows10.0.19041.0\RAWSelectionAssistant.WpfTests.dll" adapterTypeName="executor://mstestadapter/v4" className="RAWSelectionAssistant.WpfTests.AssetLibraryP1AutomatedAcceptanceSeamTests" name="AutomatedContractHasFourHonestyMarkersAndExactlyNineOrderedScenarios" />
    </UnitTest>
    <UnitTest name="AutomatedBuildFlagIsRestrictedToDebugDevPreviewAndRejectedByProductBuilds" storage="d:\ai agent\worktrees\pixel-tart-developer-preview-rc6\tests\rawselectionassistant.wpftests\bin\x64\release\net10.0-windows10.0.19041.0\rawselectionassistant.wpftests.dll" id="17b95907-a229-8db4-a5fc-e8cf63f9f3a2">
      <Execution id="a6534943-56de-4775-be28-f34663a1fdc5" />
      <TestMethod codeBase="D:\AI AGENT\worktrees\pixel-tart-developer-preview-rc6\tests\RAWSelectionAssistant.WpfTests\bin\x64\Release\net10.0-windows10.0.19041.0\RAWSelectionAssistant.WpfTests.dll" adapterTypeName="executor://mstestadapter/v4" className="RAWSelectionAssistant.WpfTests.AssetLibraryP1AutomatedAcceptanceSeamTests" name="AutomatedBuildFlagIsRestrictedToDebugDevPreviewAndRejectedByProductBuilds" />
    </UnitTest>
    <UnitTest name="AggregateEvidenceAcceptsNullableSelectionPidsAndManifestReplacementUsesARealBackupPath" storage="d:\ai agent\worktrees\pixel-tart-developer-preview-rc6\tests\rawselectionassistant.wpftests\bin\x64\release\net10.0-windows10.0.19041.0\rawselectionassistant.wpftests.dll" id="1292794a-6241-8fee-b22c-34e2cfa5df11">
      <Execution id="82f6e3ab-c040-4231-8635-13e2a71625ca" />
      <TestMethod codeBase="D:\AI AGENT\worktrees\pixel-tart-developer-preview-rc6\tests\RAWSelectionAssistant.WpfTests\bin\x64\Release\net10.0-windows10.0.19041.0\RAWSelectionAssistant.WpfTests.dll" adapterTypeName="executor://mstestadapter/v4" className="RAWSelectionAssistant.WpfTests.AssetLibraryP1AutomatedAcceptanceSeamTests" name="AggregateEvidenceAcceptsNullableSelectionPidsAndManifestReplacementUsesARealBackupPath" />
    </UnitTest>
    <UnitTest name="IndependentValidatorReauditsAllButtonRolesStatesContrastsAndThemesFromSource" storage="d:\ai agent\worktrees\pixel-tart-developer-preview-rc6\tests\rawselectionassistant.wpftests\bin\x64\release\net10.0-windows10.0.19041.0\rawselectionassistant.wpftests.dll" id="1a87b614-690a-8d65-89ba-60216ed81d0a">
      <Execution id="14437417-d564-4741-b9c8-0b0ddb5a04ee" />
      <TestMethod codeBase="D:\AI AGENT\worktrees\pixel-tart-developer-preview-rc6\tests\RAWSelectionAssistant.WpfTests\bin\x64\Release\net10.0-windows10.0.19041.0\RAWSelectionAssistant.WpfTests.dll" adapterTypeName="executor://mstestadapter/v4" className="RAWSelectionAssistant.WpfTests.AssetLibraryP1AutomatedAcceptanceSeamTests" name="IndependentValidatorReauditsAllButtonRolesStatesContrastsAndThemesFromSource" />
    </UnitTest>
    <UnitTest name="IndependentValidatorFailClosesAllRequiredIdentitySafetyAndMutationNegatives" storage="d:\ai agent\worktrees\pixel-tart-developer-preview-rc6\tests\rawselectionassistant.wpftests\bin\x64\release\net10.0-windows10.0.19041.0\rawselectionassistant.wpftests.dll" id="1e624b4e-f002-8257-976e-0d40bb06c97e">
      <Execution id="68169ea6-c442-4a77-814d-46cd993efab6" />
      <TestMethod codeBase="D:\AI AGENT\worktrees\pixel-tart-developer-preview-rc6\tests\RAWSelectionAssistant.WpfTests\bin\x64\Release\net10.0-windows10.0.19041.0\RAWSelectionAssistant.WpfTests.dll" adapterTypeName="executor://mstestadapter/v4" className="RAWSelectionAssistant.WpfTests.AssetLibraryP1AutomatedAcceptanceSeamTests" name="IndependentValidatorFailClosesAllRequiredIdentitySafetyAndMutationNegatives" />
    </UnitTest>
    <UnitTest name="AutomatedRunnerNeverEnablesTheHistoricalManualStateSeam" storage="d:\ai agent\worktrees\pixel-tart-developer-preview-rc6\tests\rawselectionassistant.wpftests\bin\x64\release\net10.0-windows10.0.19041.0\rawselectionassistant.wpftests.dll" id="1dc7d761-60a2-8d67-bb0c-cd9fc1d3336d">
      <Execution id="6a85e106-98ea-431c-8b2a-41e342c1b392" />
      <TestMethod codeBase="D:\AI AGENT\worktrees\pixel-tart-developer-preview-rc6\tests\RAWSelectionAssistant.WpfTests\bin\x64\Release\net10.0-windows10.0.19041.0\RAWSelectionAssistant.WpfTests.dll" adapterTypeName="executor://mstestadapter/v4" className="RAWSelectionAssistant.WpfTests.AssetLibraryP1AutomatedAcceptanceSeamTests" name="AutomatedRunnerNeverEnablesTheHistoricalManualStateSeam" />
    </UnitTest>
  </TestDefinitions>
  <TestEntries>
    <TestEntry testId="160b0148-0c99-82d0-a3f7-3a9949f05f1e" executionId="7816f055-9536-4973-b0d9-993188dd310a" testListId="8c84fa94-04c1-424b-9868-57a2d4851a1d" />
    <TestEntry testId="1e624b4e-f002-8257-976e-0d40bb06c97e" executionId="68169ea6-c442-4a77-814d-46cd993efab6" testListId="8c84fa94-04c1-424b-9868-57a2d4851a1d" />
    <TestEntry testId="1292794a-6241-8fee-b22c-34e2cfa5df11" executionId="82f6e3ab-c040-4231-8635-13e2a71625ca" testListId="8c84fa94-04c1-424b-9868-57a2d4851a1d" />
    <TestEntry testId="16d6d3db-9ef7-8f21-89b7-d2d71ada44a7" executionId="01f08d7e-f02d-4828-a35d-9acc095c56fa" testListId="8c84fa94-04c1-424b-9868-57a2d4851a1d" />
    <TestEntry testId="11861abb-da36-8e93-8ee7-1acca2af4f6e" executionId="6f7a21a3-7767-46ec-af11-4899b7c8a998" testListId="8c84fa94-04c1-424b-9868-57a2d4851a1d" />
    <TestEntry testId="1a87b614-690a-8d65-89ba-60216ed81d0a" executionId="14437417-d564-4741-b9c8-0b0ddb5a04ee" testListId="8c84fa94-04c1-424b-9868-57a2d4851a1d" />
    <TestEntry testId="119ac368-6303-88e4-9136-194670dbd03c" executionId="ce5531dc-7445-4e67-85ae-4ad2b7510b49" testListId="8c84fa94-04c1-424b-9868-57a2d4851a1d" />
    <TestEntry testId="1f78fab5-6fda-8993-8c7a-6dacd6dc243a" executionId="6107c3bf-19d5-4f7b-b542-1783af2244b3" testListId="8c84fa94-04c1-424b-9868-57a2d4851a1d" />
    <TestEntry testId="1a8d8988-503c-841a-bafc-56a5d5662390" executionId="9f644646-efe4-408a-980d-d912041fe4e2" testListId="8c84fa94-04c1-424b-9868-57a2d4851a1d" />
    <TestEntry testId="10058532-ea24-88ef-885a-d0908f379a30" executionId="994563da-f5a0-4d73-abdd-38b85c09bb6e" testListId="8c84fa94-04c1-424b-9868-57a2d4851a1d" />
    <TestEntry testId="1215f8de-9a52-8ad6-92c5-e7b07d4b2198" executionId="d6ac5523-b5e9-481a-b2a1-456fc293b361" testListId="8c84fa94-04c1-424b-9868-57a2d4851a1d" />
    <TestEntry testId="18f56017-08c8-8a2a-9c9a-22d1e343e2ef" executionId="3f574d86-39cf-4d63-bf09-c8829597d7f2" testListId="8c84fa94-04c1-424b-9868-57a2d4851a1d" />
    <TestEntry testId="1dc7d761-60a2-8d67-bb0c-cd9fc1d3336d" executionId="6a85e106-98ea-431c-8b2a-41e342c1b392" testListId="8c84fa94-04c1-424b-9868-57a2d4851a1d" />
    <TestEntry testId="1c77e25d-87ce-8c89-a06c-5e989a82bdc4" executionId="881adb78-40e1-4fb0-be96-6fedd46d7627" testListId="8c84fa94-04c1-424b-9868-57a2d4851a1d" />
    <TestEntry testId="1053012e-8254-828d-bef8-d35b726d2782" executionId="39f70a8a-5a0d-4c71-9a82-54bdc71c5c5f" testListId="8c84fa94-04c1-424b-9868-57a2d4851a1d" />
    <TestEntry testId="1fd401fb-35a1-88f9-afd0-f3c8f19f0606" executionId="6f0aa1e0-7cbf-48f5-9194-36ebbc30bb26" testListId="8c84fa94-04c1-424b-9868-57a2d4851a1d" />
    <TestEntry testId="1727e9b9-29f4-81bd-a465-dabb98f6be16" executionId="848a1be0-7f1d-4a8c-af38-33808299008b" testListId="8c84fa94-04c1-424b-9868-57a2d4851a1d" />
    <TestEntry testId="17b95907-a229-8db4-a5fc-e8cf63f9f3a2" executionId="a6534943-56de-4775-be28-f34663a1fdc5" testListId="8c84fa94-04c1-424b-9868-57a2d4851a1d" />
  </TestEntries>
  <TestLists>
    <TestList name="列表中未列出的结果" id="8c84fa94-04c1-424b-9868-57a2d4851a1d" />
    <TestList name="所有已加载的结果" id="19431567-8539-422a-85d7-44ee4e166bda" />
  </TestLists>
  <ResultSummary outcome="Completed">
    <Counters total="18" executed="18" passed="18" failed="0" error="0" timeout="0" aborted="0" inconclusive="0" passedButRunAborted="0" notRunnable="0" notExecuted="0" disconnected="0" warning="0" completed="0" inProgress="0" pending="0" />
  </ResultSummary>
</TestRun>