<?xml version="1.0" encoding="utf-8"?>
<TestRun id="25458579-874d-47c1-a957-7b82d80ec258" name="Administrator@PC-20250309WEIZ 2026-09-20 18:16:33" runUser="PC-20250309WEIZ\Administrator" xmlns="http://microsoft.com/schemas/VisualStudio/TeamTest/2010">
  <Times creation="2026-09-20T18:16:33.2444044+08:00" queuing="2026-09-20T18:16:33.2444047+08:00" start="2026-09-20T18:16:31.6163637+08:00" finish="2026-09-20T18:16:33.2488287+08:00" />
  <TestSettings name="default" id="33e3a6fa-8d96-46ff-8c24-66ec6bcf9545">
    <Deployment runDeploymentRoot="Administrator_PC-20250309WEIZ_2026-09-20_18_16_33" />
  </TestSettings>
  <Results>
    <UnitTestResult executionId="bec7d7c1-849e-4746-a5c9-ac7f039846b9" testId="1f60ebcb-e853-8ed4-a83a-d933cf283d09" testName="SwitchPersistsAcrossReloadAndRemoveRecentNeverDeletesLibrary" computerName="PC-20250309WEIZ" duration="00:00:01.0491657" startTime="2026-09-20T18:16:32.0646282+08:00" endTime="2026-09-20T18:16:33.1303545+08:00" testType="13cdc9d9-ddb5-4fa4-a97d-d965ccfc6d4b" outcome="Passed" testListId="8c84fa94-04c1-424b-9868-57a2d4851a1d" relativeResultsDirectory="bec7d7c1-849e-4746-a5c9-ac7f039846b9" />
  </Results>
  <TestDefinitions>
    <UnitTest name="SwitchPersistsAcrossReloadAndRemoveRecentNeverDeletesLibrary" storage="d:\ai agent\worktrees\pixel-tart-developer-preview-rc6\tests\rawselectionassistant.wpftests\bin\x64\release\net10.0-windows10.0.19041.0\rawselectionassistant.wpftests.dll" id="1f60ebcb-e853-8ed4-a83a-d933cf283d09">
      <Execution id="bec7d7c1-849e-4746-a5c9-ac7f039846b9" />
      <TestMethod codeBase="D:\AI AGENT\worktrees\pixel-tart-developer-preview-rc6\tests\RAWSelectionAssistant.WpfTests\bin\x64\Release\net10.0-windows10.0.19041.0\RAWSelectionAssistant.WpfTests.dll" adapterTypeName="executor://mstestadapter/v4" className="RAWSelectionAssistant.WpfTests.AssetLibraryRecentLibrarySwitcherEndToEndTests" name="SwitchPersistsAcrossReloadAndRemoveRecentNeverDeletesLibrary" />
    </UnitTest>
  </TestDefinitions>
  <TestEntries>
    <TestEntry testId="1f60ebcb-e853-8ed4-a83a-d933cf283d09" executionId="bec7d7c1-849e-4746-a5c9-ac7f039846b9" testListId="8c84fa94-04c1-424b-9868-57a2d4851a1d" />
  </TestEntries>
  <TestLists>
    <TestList name="列表中未列出的结果" id="8c84fa94-04c1-424b-9868-57a2d4851a1d" />
    <TestList name="所有已加载的结果" id="19431567-8539-422a-85d7-44ee4e166bda" />
  </TestLists>
  <ResultSummary outcome="Completed">
    <Counters total="1" executed="1" passed="1" failed="0" error="0" timeout="0" aborted="0" inconclusive="0" passedButRunAborted="0" notRunnable="0" notExecuted="0" disconnected="0" warning="0" completed="0" inProgress="0" pending="0" />
  </ResultSummary>
</TestRun>