<?xml version="1.0" encoding="utf-8"?>
<TestRun id="41914a4f-298d-43c6-9637-02597e718708" name="Administrator@PC-20250309WEIZ 2026-09-20 18:17:55" runUser="PC-20250309WEIZ\Administrator" xmlns="http://microsoft.com/schemas/VisualStudio/TeamTest/2010">
  <Times creation="2026-09-20T18:17:55.1777117+08:00" queuing="2026-09-20T18:17:55.1777120+08:00" start="2026-09-20T18:17:54.5089908+08:00" finish="2026-09-20T18:17:55.1820747+08:00" />
  <TestSettings name="default" id="fef7ccbb-d5e3-45c6-8274-b88fceb59e09">
    <Deployment runDeploymentRoot="Administrator_PC-20250309WEIZ_2026-09-20_18_17_55" />
  </TestSettings>
  <Results>
    <UnitTestResult executionId="0cb4b511-637d-41cd-b78f-7a50a0b9f3cb" testId="1c38c2cd-ef6d-8f03-8af3-13873cc49658" testName="PaletteObjectPersistsAsEditableDataAndNeverCreatesAnImageFile" computerName="PC-20250309WEIZ" duration="00:00:00.0857841" startTime="2026-09-20T18:17:54.9765778+08:00" endTime="2026-09-20T18:17:55.0791075+08:00" testType="13cdc9d9-ddb5-4fa4-a97d-d965ccfc6d4b" outcome="Passed" testListId="8c84fa94-04c1-424b-9868-57a2d4851a1d" relativeResultsDirectory="0cb4b511-637d-41cd-b78f-7a50a0b9f3cb" />
    <UnitTestResult executionId="8592508b-09d7-45b7-a27e-2e5ad12d3da2" testId="14e35727-9ced-8bad-be63-7a068683094d" testName="CombinedPaletteKeepsAllSourceReferences" computerName="PC-20250309WEIZ" duration="00:00:00.0024990" startTime="2026-09-20T18:17:55.0824838+08:00" endTime="2026-09-20T18:17:55.0862298+08:00" testType="13cdc9d9-ddb5-4fa4-a97d-d965ccfc6d4b" outcome="Passed" testListId="8c84fa94-04c1-424b-9868-57a2d4851a1d" relativeResultsDirectory="8592508b-09d7-45b7-a27e-2e5ad12d3da2" />
  </Results>
  <TestDefinitions>
    <UnitTest name="CombinedPaletteKeepsAllSourceReferences" storage="d:\ai agent\worktrees\pixel-tart-developer-preview-rc6\tests\rawselectionassistant.wpftests\bin\x64\release\net10.0-windows10.0.19041.0\rawselectionassistant.wpftests.dll" id="14e35727-9ced-8bad-be63-7a068683094d">
      <Execution id="8592508b-09d7-45b7-a27e-2e5ad12d3da2" />
      <TestMethod codeBase="D:\AI AGENT\worktrees\pixel-tart-developer-preview-rc6\tests\RAWSelectionAssistant.WpfTests\bin\x64\Release\net10.0-windows10.0.19041.0\RAWSelectionAssistant.WpfTests.dll" adapterTypeName="executor://mstestadapter/v4" className="RAWSelectionAssistant.WpfTests.PaletteCanvasObjectTests" name="CombinedPaletteKeepsAllSourceReferences" />
    </UnitTest>
    <UnitTest name="PaletteObjectPersistsAsEditableDataAndNeverCreatesAnImageFile" storage="d:\ai agent\worktrees\pixel-tart-developer-preview-rc6\tests\rawselectionassistant.wpftests\bin\x64\release\net10.0-windows10.0.19041.0\rawselectionassistant.wpftests.dll" id="1c38c2cd-ef6d-8f03-8af3-13873cc49658">
      <Execution id="0cb4b511-637d-41cd-b78f-7a50a0b9f3cb" />
      <TestMethod codeBase="D:\AI AGENT\worktrees\pixel-tart-developer-preview-rc6\tests\RAWSelectionAssistant.WpfTests\bin\x64\Release\net10.0-windows10.0.19041.0\RAWSelectionAssistant.WpfTests.dll" adapterTypeName="executor://mstestadapter/v4" className="RAWSelectionAssistant.WpfTests.PaletteCanvasObjectTests" name="PaletteObjectPersistsAsEditableDataAndNeverCreatesAnImageFile" />
    </UnitTest>
  </TestDefinitions>
  <TestEntries>
    <TestEntry testId="1c38c2cd-ef6d-8f03-8af3-13873cc49658" executionId="0cb4b511-637d-41cd-b78f-7a50a0b9f3cb" testListId="8c84fa94-04c1-424b-9868-57a2d4851a1d" />
    <TestEntry testId="14e35727-9ced-8bad-be63-7a068683094d" executionId="8592508b-09d7-45b7-a27e-2e5ad12d3da2" testListId="8c84fa94-04c1-424b-9868-57a2d4851a1d" />
  </TestEntries>
  <TestLists>
    <TestList name="列表中未列出的结果" id="8c84fa94-04c1-424b-9868-57a2d4851a1d" />
    <TestList name="所有已加载的结果" id="19431567-8539-422a-85d7-44ee4e166bda" />
  </TestLists>
  <ResultSummary outcome="Completed">
    <Counters total="2" executed="2" passed="2" failed="0" error="0" timeout="0" aborted="0" inconclusive="0" passedButRunAborted="0" notRunnable="0" notExecuted="0" disconnected="0" warning="0" completed="0" inProgress="0" pending="0" />
  </ResultSummary>
</TestRun>