<?xml version="1.0" encoding="utf-8"?>
<TestRun id="861ffb75-f341-4063-a57c-23df91b3032d" name="Administrator@PC-20250309WEIZ 2026-09-20 18:18:56" runUser="PC-20250309WEIZ\Administrator" xmlns="http://microsoft.com/schemas/VisualStudio/TeamTest/2010">
  <Times creation="2026-09-20T18:18:56.9228886+08:00" queuing="2026-09-20T18:18:56.9228888+08:00" start="2026-09-20T18:18:56.1055487+08:00" finish="2026-09-20T18:18:56.9275352+08:00" />
  <TestSettings name="default" id="703d5d15-64c5-4665-91fd-d811af2a4161">
    <Deployment runDeploymentRoot="Administrator_PC-20250309WEIZ_2026-09-20_18_18_56" />
  </TestSettings>
  <Results>
    <UnitTestResult executionId="68c71f90-1f57-4c3b-9e92-63dc289be997" testId="12546ee3-9d04-82cf-99c6-8703b2008d8b" testName="SplitUsesGeometryAndSharedParentTransform" computerName="PC-20250309WEIZ" duration="00:00:00.0018524" startTime="2026-09-20T18:18:56.8215314+08:00" endTime="2026-09-20T18:18:56.8245598+08:00" testType="13cdc9d9-ddb5-4fa4-a97d-d965ccfc6d4b" outcome="Passed" testListId="8c84fa94-04c1-424b-9868-57a2d4851a1d" relativeResultsDirectory="68c71f90-1f57-4c3b-9e92-63dc289be997" />
    <UnitTestResult executionId="7add37c1-aff7-4642-a6f2-821b667c7494" testId="1d9f0855-9073-8a52-9baa-a3cef6f20a1b" testName="SplitAccepts25_50_75AndClampsBounds" computerName="PC-20250309WEIZ" duration="00:00:00.2554883" startTime="2026-09-20T18:18:56.5484205+08:00" endTime="2026-09-20T18:18:56.8180580+08:00" testType="13cdc9d9-ddb5-4fa4-a97d-d965ccfc6d4b" outcome="Passed" testListId="8c84fa94-04c1-424b-9868-57a2d4851a1d" relativeResultsDirectory="7add37c1-aff7-4642-a6f2-821b667c7494" />
  </Results>
  <TestDefinitions>
    <UnitTest name="SplitAccepts25_50_75AndClampsBounds" storage="d:\ai agent\worktrees\pixel-tart-developer-preview-rc6\tests\rawselectionassistant.wpftests\bin\x64\release\net10.0-windows10.0.19041.0\rawselectionassistant.wpftests.dll" id="1d9f0855-9073-8a52-9baa-a3cef6f20a1b">
      <Execution id="7add37c1-aff7-4642-a6f2-821b667c7494" />
      <TestMethod codeBase="D:\AI AGENT\worktrees\pixel-tart-developer-preview-rc6\tests\RAWSelectionAssistant.WpfTests\bin\x64\Release\net10.0-windows10.0.19041.0\RAWSelectionAssistant.WpfTests.dll" adapterTypeName="executor://mstestadapter/v4" className="RAWSelectionAssistant.WpfTests.TetherSplitCompareTests" name="SplitAccepts25_50_75AndClampsBounds" />
    </UnitTest>
    <UnitTest name="SplitUsesGeometryAndSharedParentTransform" storage="d:\ai agent\worktrees\pixel-tart-developer-preview-rc6\tests\rawselectionassistant.wpftests\bin\x64\release\net10.0-windows10.0.19041.0\rawselectionassistant.wpftests.dll" id="12546ee3-9d04-82cf-99c6-8703b2008d8b">
      <Execution id="68c71f90-1f57-4c3b-9e92-63dc289be997" />
      <TestMethod codeBase="D:\AI AGENT\worktrees\pixel-tart-developer-preview-rc6\tests\RAWSelectionAssistant.WpfTests\bin\x64\Release\net10.0-windows10.0.19041.0\RAWSelectionAssistant.WpfTests.dll" adapterTypeName="executor://mstestadapter/v4" className="RAWSelectionAssistant.WpfTests.TetherSplitCompareTests" name="SplitUsesGeometryAndSharedParentTransform" />
    </UnitTest>
  </TestDefinitions>
  <TestEntries>
    <TestEntry testId="12546ee3-9d04-82cf-99c6-8703b2008d8b" executionId="68c71f90-1f57-4c3b-9e92-63dc289be997" testListId="8c84fa94-04c1-424b-9868-57a2d4851a1d" />
    <TestEntry testId="1d9f0855-9073-8a52-9baa-a3cef6f20a1b" executionId="7add37c1-aff7-4642-a6f2-821b667c7494" testListId="8c84fa94-04c1-424b-9868-57a2d4851a1d" />
  </TestEntries>
  <TestLists>
    <TestList name="列表中未列出的结果" id="8c84fa94-04c1-424b-9868-57a2d4851a1d" />
    <TestList name="所有已加载的结果" id="19431567-8539-422a-85d7-44ee4e166bda" />
  </TestLists>
  <ResultSummary outcome="Completed">
    <Counters total="2" executed="2" passed="2" failed="0" error="0" timeout="0" aborted="0" inconclusive="0" passedButRunAborted="0" notRunnable="0" notExecuted="0" disconnected="0" warning="0" completed="0" inProgress="0" pending="0" />
  </ResultSummary>
</TestRun>