<?xml version="1.0" encoding="utf-8"?>
<TestRun id="6174ef4c-4a63-44d4-b2f1-09ce1d09053e" name="Administrator@PC-20250309WEIZ 2026-09-20 18:19:01" runUser="PC-20250309WEIZ\Administrator" xmlns="http://microsoft.com/schemas/VisualStudio/TeamTest/2010">
  <Times creation="2026-09-20T18:19:01.0189930+08:00" queuing="2026-09-20T18:19:01.0189933+08:00" start="2026-09-20T18:19:00.4499448+08:00" finish="2026-09-20T18:19:01.0238126+08:00" />
  <TestSettings name="default" id="631851bb-2f05-4198-8568-1643b91cc170">
    <Deployment runDeploymentRoot="Administrator_PC-20250309WEIZ_2026-09-20_18_19_01" />
  </TestSettings>
  <Results>
    <UnitTestResult executionId="20796e3b-03c7-4382-abc0-12f5cbe8b6dd" testId="1809df93-6f0e-81aa-b7ef-c2ee2e038c92" testName="StageIVRelatedXamlHasNoForbiddenVisibleEnglish" computerName="PC-20250309WEIZ" duration="00:00:00.0127735" startTime="2026-09-20T18:19:00.8933453+08:00" endTime="2026-09-20T18:19:00.9202827+08:00" testType="13cdc9d9-ddb5-4fa4-a97d-d965ccfc6d4b" outcome="Passed" testListId="8c84fa94-04c1-424b-9868-57a2d4851a1d" relativeResultsDirectory="20796e3b-03c7-4382-abc0-12f5cbe8b6dd" />
    <UnitTestResult executionId="c797c733-6e05-4ce2-b676-e3cee616e824" testId="184f2c16-c097-8302-99e6-e8b306a6f347" testName="DesignSystemDefinesProductRadiusHierarchyAndThemedPopups" computerName="PC-20250309WEIZ" duration="00:00:00.0004937" startTime="2026-09-20T18:19:00.9276090+08:00" endTime="2026-09-20T18:19:00.9290692+08:00" testType="13cdc9d9-ddb5-4fa4-a97d-d965ccfc6d4b" outcome="Passed" testListId="8c84fa94-04c1-424b-9868-57a2d4851a1d" relativeResultsDirectory="c797c733-6e05-4ce2-b676-e3cee616e824" />
    <UnitTestResult executionId="766bf91a-7bcb-4075-897d-058b361da745" testId="16600065-dbf1-847f-9e39-ac166c1ba113" testName="IndustryAbbreviationAllowlistIsExplicitAndNarrow" computerName="PC-20250309WEIZ" duration="00:00:00.0017310" startTime="2026-09-20T18:19:00.9237712+08:00" endTime="2026-09-20T18:19:00.9257548+08:00" testType="13cdc9d9-ddb5-4fa4-a97d-d965ccfc6d4b" outcome="Passed" testListId="8c84fa94-04c1-424b-9868-57a2d4851a1d" relativeResultsDirectory="766bf91a-7bcb-4075-897d-058b361da745" />
    <UnitTestResult executionId="13f1ce32-bf97-4f6d-89bc-5e3fe6e20a2c" testId="162360a0-91bc-82fb-a6a0-a7c36542f2a1" testName="TetherAndColorSchemeTermsUseChineseProductLanguage" computerName="PC-20250309WEIZ" duration="00:00:00.0015287" startTime="2026-09-20T18:19:00.9260211+08:00" endTime="2026-09-20T18:19:00.9275886+08:00" testType="13cdc9d9-ddb5-4fa4-a97d-d965ccfc6d4b" outcome="Passed" testListId="8c84fa94-04c1-424b-9868-57a2d4851a1d" relativeResultsDirectory="13f1ce32-bf97-4f6d-89bc-5e3fe6e20a2c" />
  </Results>
  <TestDefinitions>
    <UnitTest name="StageIVRelatedXamlHasNoForbiddenVisibleEnglish" storage="d:\ai agent\worktrees\pixel-tart-developer-preview-rc6\tests\rawselectionassistant.wpftests\bin\x64\release\net10.0-windows10.0.19041.0\rawselectionassistant.wpftests.dll" id="1809df93-6f0e-81aa-b7ef-c2ee2e038c92">
      <Execution id="20796e3b-03c7-4382-abc0-12f5cbe8b6dd" />
      <TestMethod codeBase="D:\AI AGENT\worktrees\pixel-tart-developer-preview-rc6\tests\RAWSelectionAssistant.WpfTests\bin\x64\Release\net10.0-windows10.0.19041.0\RAWSelectionAssistant.WpfTests.dll" adapterTypeName="executor://mstestadapter/v4" className="RAWSelectionAssistant.WpfTests.UserFacingChineseLanguageTests" name="StageIVRelatedXamlHasNoForbiddenVisibleEnglish" />
    </UnitTest>
    <UnitTest name="TetherAndColorSchemeTermsUseChineseProductLanguage" storage="d:\ai agent\worktrees\pixel-tart-developer-preview-rc6\tests\rawselectionassistant.wpftests\bin\x64\release\net10.0-windows10.0.19041.0\rawselectionassistant.wpftests.dll" id="162360a0-91bc-82fb-a6a0-a7c36542f2a1">
      <Execution id="13f1ce32-bf97-4f6d-89bc-5e3fe6e20a2c" />
      <TestMethod codeBase="D:\AI AGENT\worktrees\pixel-tart-developer-preview-rc6\tests\RAWSelectionAssistant.WpfTests\bin\x64\Release\net10.0-windows10.0.19041.0\RAWSelectionAssistant.WpfTests.dll" adapterTypeName="executor://mstestadapter/v4" className="RAWSelectionAssistant.WpfTests.UserFacingChineseLanguageTests" name="TetherAndColorSchemeTermsUseChineseProductLanguage" />
    </UnitTest>
    <UnitTest name="IndustryAbbreviationAllowlistIsExplicitAndNarrow" storage="d:\ai agent\worktrees\pixel-tart-developer-preview-rc6\tests\rawselectionassistant.wpftests\bin\x64\release\net10.0-windows10.0.19041.0\rawselectionassistant.wpftests.dll" id="16600065-dbf1-847f-9e39-ac166c1ba113">
      <Execution id="766bf91a-7bcb-4075-897d-058b361da745" />
      <TestMethod codeBase="D:\AI AGENT\worktrees\pixel-tart-developer-preview-rc6\tests\RAWSelectionAssistant.WpfTests\bin\x64\Release\net10.0-windows10.0.19041.0\RAWSelectionAssistant.WpfTests.dll" adapterTypeName="executor://mstestadapter/v4" className="RAWSelectionAssistant.WpfTests.UserFacingChineseLanguageTests" name="IndustryAbbreviationAllowlistIsExplicitAndNarrow" />
    </UnitTest>
    <UnitTest name="DesignSystemDefinesProductRadiusHierarchyAndThemedPopups" storage="d:\ai agent\worktrees\pixel-tart-developer-preview-rc6\tests\rawselectionassistant.wpftests\bin\x64\release\net10.0-windows10.0.19041.0\rawselectionassistant.wpftests.dll" id="184f2c16-c097-8302-99e6-e8b306a6f347">
      <Execution id="c797c733-6e05-4ce2-b676-e3cee616e824" />
      <TestMethod codeBase="D:\AI AGENT\worktrees\pixel-tart-developer-preview-rc6\tests\RAWSelectionAssistant.WpfTests\bin\x64\Release\net10.0-windows10.0.19041.0\RAWSelectionAssistant.WpfTests.dll" adapterTypeName="executor://mstestadapter/v4" className="RAWSelectionAssistant.WpfTests.UserFacingChineseLanguageTests" name="DesignSystemDefinesProductRadiusHierarchyAndThemedPopups" />
    </UnitTest>
  </TestDefinitions>
  <TestEntries>
    <TestEntry testId="1809df93-6f0e-81aa-b7ef-c2ee2e038c92" executionId="20796e3b-03c7-4382-abc0-12f5cbe8b6dd" testListId="8c84fa94-04c1-424b-9868-57a2d4851a1d" />
    <TestEntry testId="184f2c16-c097-8302-99e6-e8b306a6f347" executionId="c797c733-6e05-4ce2-b676-e3cee616e824" testListId="8c84fa94-04c1-424b-9868-57a2d4851a1d" />
    <TestEntry testId="16600065-dbf1-847f-9e39-ac166c1ba113" executionId="766bf91a-7bcb-4075-897d-058b361da745" testListId="8c84fa94-04c1-424b-9868-57a2d4851a1d" />
    <TestEntry testId="162360a0-91bc-82fb-a6a0-a7c36542f2a1" executionId="13f1ce32-bf97-4f6d-89bc-5e3fe6e20a2c" testListId="8c84fa94-04c1-424b-9868-57a2d4851a1d" />
  </TestEntries>
  <TestLists>
    <TestList name="列表中未列出的结果" id="8c84fa94-04c1-424b-9868-57a2d4851a1d" />
    <TestList name="所有已加载的结果" id="19431567-8539-422a-85d7-44ee4e166bda" />
  </TestLists>
  <ResultSummary outcome="Completed">
    <Counters total="4" executed="4" passed="4" failed="0" error="0" timeout="0" aborted="0" inconclusive="0" passedButRunAborted="0" notRunnable="0" notExecuted="0" disconnected="0" warning="0" completed="0" inProgress="0" pending="0" />
  </ResultSummary>
</TestRun>