<?xml version="1.0" encoding="utf-8"?>
<TestRun id="01507a9e-f45a-4a0b-a05b-40599c62f67a" name="Administrator@PC-20250309WEIZ 2026-09-20 18:19:16" runUser="PC-20250309WEIZ\Administrator" xmlns="http://microsoft.com/schemas/VisualStudio/TeamTest/2010">
  <Times creation="2026-09-20T18:19:16.6789242+08:00" queuing="2026-09-20T18:19:16.6789243+08:00" start="2026-09-20T18:19:15.9671047+08:00" finish="2026-09-20T18:19:16.7212248+08:00" />
  <TestSettings name="default" id="aef9a332-fcaa-4388-a7a7-3129b8c03fba">
    <Deployment runDeploymentRoot="Administrator_PC-20250309WEIZ_2026-09-20_18_19_16" />
  </TestSettings>
  <Results>
    <UnitTestResult executionId="b0d973e5-8d39-4d11-ab1d-29ea92145405" testId="1a35c1dc-cb11-8d7e-ab68-9e860ac9e13b" testName="Rc4ModifiedViewsRemainValidXaml" computerName="PC-20250309WEIZ" duration="00:00:00.0069768" startTime="2026-09-20T18:19:16.6726432+08:00" endTime="2026-09-20T18:19:16.6806926+08:00" testType="13cdc9d9-ddb5-4fa4-a97d-d965ccfc6d4b" outcome="Passed" testListId="8c84fa94-04c1-424b-9868-57a2d4851a1d" relativeResultsDirectory="b0d973e5-8d39-4d11-ab1d-29ea92145405" />
    <UnitTestResult executionId="b722bf1d-42c8-49d4-b008-e0bd58d76175" testId="120e1928-8e55-8c9f-8fb4-31f6af9e172b" testName="LocalSplitHero_KeepsSameFillAcrossInteractionStates (&quot;WorkbenchHeroBrush&quot;)" computerName="PC-20250309WEIZ" duration="00:00:00.0003457" startTime="2026-09-20T18:19:16.6551551+08:00" endTime="2026-09-20T18:19:16.6555172+08:00" testType="13cdc9d9-ddb5-4fa4-a97d-d965ccfc6d4b" outcome="Passed" testListId="8c84fa94-04c1-424b-9868-57a2d4851a1d" relativeResultsDirectory="b722bf1d-42c8-49d4-b008-e0bd58d76175" />
    <UnitTestResult executionId="3efe8f5b-a8ed-4c53-916f-519a45827218" testId="1cb3c643-a368-84f0-bab4-488e3a998f4c" testName="Documents_UseOnePersistentModeAndRetainPendingSelection (&quot;AddDocumentsCommand&quot;)" computerName="PC-20250309WEIZ" duration="00:00:00.0003543" startTime="2026-09-20T18:19:16.6580951+08:00" endTime="2026-09-20T18:19:16.6584732+08:00" testType="13cdc9d9-ddb5-4fa4-a97d-d965ccfc6d4b" outcome="Passed" testListId="8c84fa94-04c1-424b-9868-57a2d4851a1d" relativeResultsDirectory="3efe8f5b-a8ed-4c53-916f-519a45827218" />
    <UnitTestResult executionId="04f3671d-037b-4b80-bde2-877100c83866" testId="1320153f-a095-8f75-a8e3-17c6e5d4935b" testName="LocalSplitHero_KeepsSameFillAcrossInteractionStates (&quot;IsPressed&quot;)" computerName="PC-20250309WEIZ" duration="00:00:00.0003583" startTime="2026-09-20T18:19:16.6547663+08:00" endTime="2026-09-20T18:19:16.6551440+08:00" testType="13cdc9d9-ddb5-4fa4-a97d-d965ccfc6d4b" outcome="Passed" testListId="8c84fa94-04c1-424b-9868-57a2d4851a1d" relativeResultsDirectory="04f3671d-037b-4b80-bde2-877100c83866" />
    <UnitTestResult executionId="7d3ae9a0-3894-4784-9482-d90cfb0b92ee" testId="168b4783-e466-86d9-9186-02a31360f032" testName="MainStatusBar_SeparatesStatusSources (&quot;BackgroundTaskStatus&quot;)" computerName="PC-20250309WEIZ" duration="00:00:00.0010926" startTime="2026-09-20T18:19:16.6658081+08:00" endTime="2026-09-20T18:19:16.6669315+08:00" testType="13cdc9d9-ddb5-4fa4-a97d-d965ccfc6d4b" outcome="Passed" testListId="8c84fa94-04c1-424b-9868-57a2d4851a1d" relativeResultsDirectory="7d3ae9a0-3894-4784-9482-d90cfb0b92ee" />
    <UnitTestResult executionId="e17ca9a8-5b00-49d0-bcfb-2a2d695c303d" testId="1f8f563f-eb63-8aea-acb4-2f44ca7da0bf" testName="WeatherUi_ExposesSafeLocationModesAndFallback (&quot;OpenLocationSettingsCommand&quot;)" computerName="PC-20250309WEIZ" duration="00:00:00.0002273" startTime="2026-09-20T18:19:16.6646233+08:00" endTime="2026-09-20T18:19:16.6648686+08:00" testType="13cdc9d9-ddb5-4fa4-a97d-d965ccfc6d4b" outcome="Passed" testListId="8c84fa94-04c1-424b-9868-57a2d4851a1d" relativeResultsDirectory="e17ca9a8-5b00-49d0-bcfb-2a2d695c303d" />
    <UnitTestResult executionId="cb5d0688-48f8-4ffb-9259-96d764280d32" testId="1758b8b0-dd63-8518-812f-b81f655e8be5" testName="BookingEditor_ExposesRc4StepTwoAndPartialDraftContract (&quot;allowPartial: asDraft&quot;)" computerName="PC-20250309WEIZ" duration="00:00:00.0004364" startTime="2026-09-20T18:19:16.6717418+08:00" endTime="2026-09-20T18:19:16.6722150+08:00" testType="13cdc9d9-ddb5-4fa4-a97d-d965ccfc6d4b" outcome="Passed" testListId="8c84fa94-04c1-424b-9868-57a2d4851a1d" relativeResultsDirectory="cb5d0688-48f8-4ffb-9259-96d764280d32" />
    <UnitTestResult executionId="028ae62d-93cf-43ae-a79e-3856c1733f9d" testId="1ce87b4b-dc2b-8467-8d80-efceeec311c7" testName="BookingEditor_RetryAfterFailureUsesSameBookingId" computerName="PC-20250309WEIZ" duration="00:00:00.0011622" startTime="2026-09-20T18:19:16.5761934+08:00" endTime="2026-09-20T18:19:16.5776052+08:00" testType="13cdc9d9-ddb5-4fa4-a97d-d965ccfc6d4b" outcome="Passed" testListId="8c84fa94-04c1-424b-9868-57a2d4851a1d" relativeResultsDirectory="028ae62d-93cf-43ae-a79e-3856c1733f9d" />
    <UnitTestResult executionId="6e776673-0a54-4c3e-af2e-6f884bc1dcf1" testId="10dfe8cb-3a4e-80b5-b85d-cc33484eedbc" testName="BookingEditor_ExposesRc4StepTwoAndPartialDraftContract (&quot;天气预览&quot;)" computerName="PC-20250309WEIZ" duration="00:00:00.0006836" startTime="2026-09-20T18:19:16.6688147+08:00" endTime="2026-09-20T18:19:16.6695463+08:00" testType="13cdc9d9-ddb5-4fa4-a97d-d965ccfc6d4b" outcome="Passed" testListId="8c84fa94-04c1-424b-9868-57a2d4851a1d" relativeResultsDirectory="6e776673-0a54-4c3e-af2e-6f884bc1dcf1" />
    <UnitTestResult executionId="1c4fb047-b8cc-45fc-b3f3-42e773149182" testId="1ddd9f55-a1a9-83a8-8ad3-0a2412ed5d6f" testName="Calendar_SelectingTaskDayThenEmptyDayKeepsDateDetailsAndBookingIdSynchronized" computerName="PC-20250309WEIZ" duration="00:00:00.0288682" startTime="2026-09-20T18:19:16.5826400+08:00" endTime="2026-09-20T18:19:16.6115521+08:00" testType="13cdc9d9-ddb5-4fa4-a97d-d965ccfc6d4b" outcome="Passed" testListId="8c84fa94-04c1-424b-9868-57a2d4851a1d" relativeResultsDirectory="1c4fb047-b8cc-45fc-b3f3-42e773149182" />
    <UnitTestResult executionId="3a1c5795-a2e5-4148-9274-0cfd84467002" testId="1fd6ef8b-705c-8934-b23f-30893f9fda3c" testName="Tether_DeclaresTrueSessionGatedWorkspace (&quot;ShowPreSessionPage&quot;)" computerName="PC-20250309WEIZ" duration="00:00:00.0015442" startTime="2026-09-20T18:19:16.6202596+08:00" endTime="2026-09-20T18:19:16.6230243+08:00" testType="13cdc9d9-ddb5-4fa4-a97d-d965ccfc6d4b" outcome="Passed" testListId="8c84fa94-04c1-424b-9868-57a2d4851a1d" relativeResultsDirectory="3a1c5795-a2e5-4148-9274-0cfd84467002" />
    <UnitTestResult executionId="82bb2948-08c0-4ea3-895e-5a876591735f" testId="1cd309f6-a02a-811c-911f-e2bf0cb80a3b" testName="Documents_UseOnePersistentModeAndRetainPendingSelection (&quot;等待排期创建后处理&quot;)" computerName="PC-20250309WEIZ" duration="00:00:00.0029297" startTime="2026-09-20T18:19:16.6592025+08:00" endTime="2026-09-20T18:19:16.6621641+08:00" testType="13cdc9d9-ddb5-4fa4-a97d-d965ccfc6d4b" outcome="Passed" testListId="8c84fa94-04c1-424b-9868-57a2d4851a1d" relativeResultsDirectory="82bb2948-08c0-4ea3-895e-5a876591735f" />
    <UnitTestResult executionId="38b75fa6-376c-4851-a62c-270e377f7937" testId="1b2d05c4-92ae-8e5b-a93a-f596258c5a48" testName="MainStatusBar_SeparatesStatusSources (&quot;CurrentPageStatus&quot;)" computerName="PC-20250309WEIZ" duration="00:00:00.0008933" startTime="2026-09-20T18:19:16.6648790+08:00" endTime="2026-09-20T18:19:16.6657926+08:00" testType="13cdc9d9-ddb5-4fa4-a97d-d965ccfc6d4b" outcome="Passed" testListId="8c84fa94-04c1-424b-9868-57a2d4851a1d" relativeResultsDirectory="38b75fa6-376c-4851-a62c-270e377f7937" />
    <UnitTestResult executionId="40ca3a80-b53d-44df-bf7b-485aff7bb0d8" testId="1577cba4-978b-8108-963d-7eaa33cb0122" testName="WeatherUi_ExposesSafeLocationModesAndFallback (&quot;跟随拍摄地点&quot;)" computerName="PC-20250309WEIZ" duration="00:00:00.0004795" startTime="2026-09-20T18:19:16.6627716+08:00" endTime="2026-09-20T18:19:16.6632822+08:00" testType="13cdc9d9-ddb5-4fa4-a97d-d965ccfc6d4b" outcome="Passed" testListId="8c84fa94-04c1-424b-9868-57a2d4851a1d" relativeResultsDirectory="40ca3a80-b53d-44df-bf7b-485aff7bb0d8" />
    <UnitTestResult executionId="3a33549c-aff9-44cd-ada0-9ead8ef0013f" testId="17e2a243-ed25-878d-bc85-428202d1838f" testName="Tether_DeclaresTrueSessionGatedWorkspace (&quot;联机拍摄启动页&quot;)" computerName="PC-20250309WEIZ" duration="00:00:00.0007315" startTime="2026-09-20T18:19:16.6459841+08:00" endTime="2026-09-20T18:19:16.6467551+08:00" testType="13cdc9d9-ddb5-4fa4-a97d-d965ccfc6d4b" outcome="Passed" testListId="8c84fa94-04c1-424b-9868-57a2d4851a1d" relativeResultsDirectory="3a33549c-aff9-44cd-ada0-9ead8ef0013f" />
    <UnitTestResult executionId="ffeb31bd-c7ae-4d67-9ff7-1de45467477e" testId="163eb434-a8cf-8ffb-8eac-2f2a94ceb3ad" testName="WeatherUi_ExposesSafeLocationModesAndFallback (&quot;其他城市&quot;)" computerName="PC-20250309WEIZ" duration="00:00:00.0002443" startTime="2026-09-20T18:19:16.6633006+08:00" endTime="2026-09-20T18:19:16.6635684+08:00" testType="13cdc9d9-ddb5-4fa4-a97d-d965ccfc6d4b" outcome="Passed" testListId="8c84fa94-04c1-424b-9868-57a2d4851a1d" relativeResultsDirectory="ffeb31bd-c7ae-4d67-9ff7-1de45467477e" />
    <UnitTestResult executionId="334b3cbd-4d81-4726-9581-8d3f316b0026" testId="159ba9ce-0619-82e1-b95a-a37005a3c057" testName="Tether_DeclaresTrueSessionGatedWorkspace (&quot;等待照片&quot;)" computerName="PC-20250309WEIZ" duration="00:00:00.0006424" startTime="2026-09-20T18:19:16.6467745+08:00" endTime="2026-09-20T18:19:16.6474403+08:00" testType="13cdc9d9-ddb5-4fa4-a97d-d965ccfc6d4b" outcome="Passed" testListId="8c84fa94-04c1-424b-9868-57a2d4851a1d" relativeResultsDirectory="334b3cbd-4d81-4726-9581-8d3f316b0026" />
    <UnitTestResult executionId="821bcfcf-6000-4636-bd86-efb7c556d08d" testId="1ffb6d23-9382-82bf-a94f-751df4fc9606" testName="BookingEditor_ExposesRc4StepTwoAndPartialDraftContract (&quot;提醒设置&quot;)" computerName="PC-20250309WEIZ" duration="00:00:00.0003683" startTime="2026-09-20T18:19:16.6702378+08:00" endTime="2026-09-20T18:19:16.6706337+08:00" testType="13cdc9d9-ddb5-4fa4-a97d-d965ccfc6d4b" outcome="Passed" testListId="8c84fa94-04c1-424b-9868-57a2d4851a1d" relativeResultsDirectory="821bcfcf-6000-4636-bd86-efb7c556d08d" />
    <UnitTestResult executionId="48d03052-29d9-4fc4-b66c-7ca722110cd3" testId="18e15aff-0710-8fc0-9205-8babade71e8a" testName="MainStatusBar_SeparatesStatusSources (&quot;NotificationStatus&quot;)" computerName="PC-20250309WEIZ" duration="00:00:00.0017888" startTime="2026-09-20T18:19:16.6669503+08:00" endTime="2026-09-20T18:19:16.6687823+08:00" testType="13cdc9d9-ddb5-4fa4-a97d-d965ccfc6d4b" outcome="Passed" testListId="8c84fa94-04c1-424b-9868-57a2d4851a1d" relativeResultsDirectory="48d03052-29d9-4fc4-b66c-7ca722110cd3" />
    <UnitTestResult executionId="dfa23b1e-1675-4184-968b-6627d1bde898" testId="1516b515-dab5-850a-a9b4-e8f4a9a1f0a8" testName="Weather_DefaultCurrentLocationRequestsOnceAndLoadsForecast" computerName="PC-20250309WEIZ" duration="00:00:00.0067779" startTime="2026-09-20T18:19:16.6115873+08:00" endTime="2026-09-20T18:19:16.6184226+08:00" testType="13cdc9d9-ddb5-4fa4-a97d-d965ccfc6d4b" outcome="Passed" testListId="8c84fa94-04c1-424b-9868-57a2d4851a1d" relativeResultsDirectory="dfa23b1e-1675-4184-968b-6627d1bde898" />
    <UnitTestResult executionId="ff328ea4-4c6d-4105-bb9b-d9acbad8d8fa" testId="132c8458-9c33-8809-8877-b5a4ce9dd9b8" testName="Documents_UseOnePersistentModeAndRetainPendingSelection (&quot;SelectedLinkMode&quot;)" computerName="PC-20250309WEIZ" duration="00:00:00.0003368" startTime="2026-09-20T18:19:16.6584851+08:00" endTime="2026-09-20T18:19:16.6588389+08:00" testType="13cdc9d9-ddb5-4fa4-a97d-d965ccfc6d4b" outcome="Passed" testListId="8c84fa94-04c1-424b-9868-57a2d4851a1d" relativeResultsDirectory="ff328ea4-4c6d-4105-bb9b-d9acbad8d8fa" />
    <UnitTestResult executionId="2581db58-fc8e-4dc9-8fc3-bc223e969072" testId="17afd7d9-8286-8ee4-8cb6-f8e8167feb87" testName="Tether_DeclaresTrueSessionGatedWorkspace (&quot;HasReadyAsset&quot;)" computerName="PC-20250309WEIZ" duration="00:00:00.0054919" startTime="2026-09-20T18:19:16.6474523+08:00" endTime="2026-09-20T18:19:16.6529868+08:00" testType="13cdc9d9-ddb5-4fa4-a97d-d965ccfc6d4b" outcome="Passed" testListId="8c84fa94-04c1-424b-9868-57a2d4851a1d" relativeResultsDirectory="2581db58-fc8e-4dc9-8fc3-bc223e969072" />
    <UnitTestResult executionId="503050bc-b6cc-45e8-89ed-d61dd84c25b9" testId="1837ee90-2946-81eb-b414-0058b2991707" testName="WeatherUi_ExposesSafeLocationModesAndFallback (&quot;无法获取当前位置，请选择城市。&quot;)" computerName="PC-20250309WEIZ" duration="00:00:00.0002985" startTime="2026-09-20T18:19:16.6642793+08:00" endTime="2026-09-20T18:19:16.6646081+08:00" testType="13cdc9d9-ddb5-4fa4-a97d-d965ccfc6d4b" outcome="Passed" testListId="8c84fa94-04c1-424b-9868-57a2d4851a1d" relativeResultsDirectory="503050bc-b6cc-45e8-89ed-d61dd84c25b9" />
    <UnitTestResult executionId="96fd3ad0-4e72-4c1d-9cc1-873db1ef2a0a" testId="1aab7f0d-c8f9-8cb3-bf1d-a6a193185752" testName="Weather_ForecastFailureDoesNotMisreportSuccessfulLocationAsDenied" computerName="PC-20250309WEIZ" duration="00:00:00.0011395" startTime="2026-09-20T18:19:16.6190616+08:00" endTime="2026-09-20T18:19:16.6202368+08:00" testType="13cdc9d9-ddb5-4fa4-a97d-d965ccfc6d4b" outcome="Passed" testListId="8c84fa94-04c1-424b-9868-57a2d4851a1d" relativeResultsDirectory="96fd3ad0-4e72-4c1d-9cc1-873db1ef2a0a" />
    <UnitTestResult executionId="090796a4-b0ef-4b12-898f-5d4d7583fceb" testId="1b7c7e8b-ba2e-809a-8321-b059bc15d223" testName="BookingEditor_PartialDraftPersistsWithSafeDefaultsAndSkipsBlankPeople" computerName="PC-20250309WEIZ" duration="00:00:00.0033434" startTime="2026-09-20T18:19:16.5778365+08:00" endTime="2026-09-20T18:19:16.5812175+08:00" testType="13cdc9d9-ddb5-4fa4-a97d-d965ccfc6d4b" outcome="Passed" testListId="8c84fa94-04c1-424b-9868-57a2d4851a1d" relativeResultsDirectory="090796a4-b0ef-4b12-898f-5d4d7583fceb" />
    <UnitTestResult executionId="e7e43795-3627-4891-a428-87b714755063" testId="1f622702-e2b6-8606-b447-bf397b3584f3" testName="LocalSplitHero_KeepsSameFillAcrossInteractionStates (&quot;IsMouseOver&quot;)" computerName="PC-20250309WEIZ" duration="00:00:00.0006056" startTime="2026-09-20T18:19:16.6536716+08:00" endTime="2026-09-20T18:19:16.6543154+08:00" testType="13cdc9d9-ddb5-4fa4-a97d-d965ccfc6d4b" outcome="Passed" testListId="8c84fa94-04c1-424b-9868-57a2d4851a1d" relativeResultsDirectory="e7e43795-3627-4891-a428-87b714755063" />
    <UnitTestResult executionId="d72ace39-8fd0-40c5-b7f7-40e4fc13ebc1" testId="140ddd3b-79e7-8fb5-8b2d-0198b4487abf" testName="BookingEditor_ExposesRc4StepTwoAndPartialDraftContract (&quot;未命名草稿&quot;)" computerName="PC-20250309WEIZ" duration="00:00:00.0003671" startTime="2026-09-20T18:19:16.6722371+08:00" endTime="2026-09-20T18:19:16.6726311+08:00" testType="13cdc9d9-ddb5-4fa4-a97d-d965ccfc6d4b" outcome="Passed" testListId="8c84fa94-04c1-424b-9868-57a2d4851a1d" relativeResultsDirectory="d72ace39-8fd0-40c5-b7f7-40e4fc13ebc1" />
    <UnitTestResult executionId="76edb238-bbc0-47d8-bd10-2ba4e5f6eb72" testId="12346ba6-7f75-8c4b-9cd4-06e400f620eb" testName="BookingEditor_ExposesRc4StepTwoAndPartialDraftContract (&quot;当前提醒列表&quot;)" computerName="PC-20250309WEIZ" duration="00:00:00.0003666" startTime="2026-09-20T18:19:16.6706458+08:00" endTime="2026-09-20T18:19:16.6710377+08:00" testType="13cdc9d9-ddb5-4fa4-a97d-d965ccfc6d4b" outcome="Passed" testListId="8c84fa94-04c1-424b-9868-57a2d4851a1d" relativeResultsDirectory="76edb238-bbc0-47d8-bd10-2ba4e5f6eb72" />
    <UnitTestResult executionId="e6bb58cb-6ec3-408c-8520-2939144b563e" testId="1f764aad-4555-8294-a0c9-210d4bfe439b" testName="Weather_DeniedLocationFallsBackWithoutBlockingBooking" computerName="PC-20250309WEIZ" duration="00:00:00.0005249" startTime="2026-09-20T18:19:16.6184608+08:00" endTime="2026-09-20T18:19:16.6190345+08:00" testType="13cdc9d9-ddb5-4fa4-a97d-d965ccfc6d4b" outcome="Passed" testListId="8c84fa94-04c1-424b-9868-57a2d4851a1d" relativeResultsDirectory="e6bb58cb-6ec3-408c-8520-2939144b563e" />
    <UnitTestResult executionId="bf623fd8-e187-42dc-98df-fb718ed8509b" testId="133f12d0-c692-887d-b54c-f5952c343d55" testName="BookingEditor_ExposesRc4StepTwoAndPartialDraftContract (&quot;天气风险&quot;)" computerName="PC-20250309WEIZ" duration="00:00:00.0006081" startTime="2026-09-20T18:19:16.6695712+08:00" endTime="2026-09-20T18:19:16.6702181+08:00" testType="13cdc9d9-ddb5-4fa4-a97d-d965ccfc6d4b" outcome="Passed" testListId="8c84fa94-04c1-424b-9868-57a2d4851a1d" relativeResultsDirectory="bf623fd8-e187-42dc-98df-fb718ed8509b" />
    <UnitTestResult executionId="cdf5459f-a7d5-4a91-8cc0-f05450a93c6e" testId="148549af-f657-8348-8ea6-5fe400ff38e5" testName="Tether_DeclaresTrueSessionGatedWorkspace (&quot;ShowMonitorWorkspace&quot;)" computerName="PC-20250309WEIZ" duration="00:00:00.0011124" startTime="2026-09-20T18:19:16.6447653+08:00" endTime="2026-09-20T18:19:16.6459516+08:00" testType="13cdc9d9-ddb5-4fa4-a97d-d965ccfc6d4b" outcome="Passed" testListId="8c84fa94-04c1-424b-9868-57a2d4851a1d" relativeResultsDirectory="cdf5459f-a7d5-4a91-8cc0-f05450a93c6e" />
    <UnitTestResult executionId="aaafb299-d764-4da6-a2f0-4ff48426b25f" testId="12ac0e85-1f54-8ce3-860b-fb5a6c60894d" testName="MultidayCalendarItem_UsesOneBookingIdAndClearContinuationLabels" computerName="PC-20250309WEIZ" duration="00:00:00.0013537" startTime="2026-09-20T18:19:16.5812369+08:00" endTime="2026-09-20T18:19:16.5826211+08:00" testType="13cdc9d9-ddb5-4fa4-a97d-d965ccfc6d4b" outcome="Passed" testListId="8c84fa94-04c1-424b-9868-57a2d4851a1d" relativeResultsDirectory="aaafb299-d764-4da6-a2f0-4ff48426b25f" />
    <UnitTestResult executionId="edbe50d3-b0e8-4a4b-8412-41e48eeb8cb6" testId="17780e34-032f-8354-af50-03fea2d69cc1" testName="LocalSplitHero_KeepsSameFillAcrossInteractionStates (&quot;LocalSplitHeroButton&quot;)" computerName="PC-20250309WEIZ" duration="00:00:00.0005710" startTime="2026-09-20T18:19:16.6530268+08:00" endTime="2026-09-20T18:19:16.6536489+08:00" testType="13cdc9d9-ddb5-4fa4-a97d-d965ccfc6d4b" outcome="Passed" testListId="8c84fa94-04c1-424b-9868-57a2d4851a1d" relativeResultsDirectory="edbe50d3-b0e8-4a4b-8412-41e48eeb8cb6" />
    <UnitTestResult executionId="7c441f50-b6b0-4860-b0c8-41333ec51348" testId="17cef70f-da97-83f7-880a-1c926da7e17a" testName="WeatherUi_ExposesSafeLocationModesAndFallback (&quot;当前位置&quot;)" computerName="PC-20250309WEIZ" duration="00:00:00.0005187" startTime="2026-09-20T18:19:16.6621912+08:00" endTime="2026-09-20T18:19:16.6627510+08:00" testType="13cdc9d9-ddb5-4fa4-a97d-d965ccfc6d4b" outcome="Passed" testListId="8c84fa94-04c1-424b-9868-57a2d4851a1d" relativeResultsDirectory="7c441f50-b6b0-4860-b0c8-41333ec51348" />
    <UnitTestResult executionId="eb6d1acd-0720-44b8-9736-eba28f61dd89" testId="1ac51990-f6b6-8965-9259-fde838e4b731" testName="LocalSplitHero_KeepsSameFillAcrossInteractionStates (&quot;IsKeyboardFocused&quot;)" computerName="PC-20250309WEIZ" duration="00:00:00.0003874" startTime="2026-09-20T18:19:16.6543375+08:00" endTime="2026-09-20T18:19:16.6547532+08:00" testType="13cdc9d9-ddb5-4fa4-a97d-d965ccfc6d4b" outcome="Passed" testListId="8c84fa94-04c1-424b-9868-57a2d4851a1d" relativeResultsDirectory="eb6d1acd-0720-44b8-9736-eba28f61dd89" />
    <UnitTestResult executionId="d3b24df2-2608-46bf-8525-3a6f37500056" testId="138a00d4-d882-8470-9c80-b119da3e36ac" testName="Documents_UseOnePersistentModeAndRetainPendingSelection (&quot;尚未添加拍摄资料&quot;)" computerName="PC-20250309WEIZ" duration="00:00:00.0003286" startTime="2026-09-20T18:19:16.6588491+08:00" endTime="2026-09-20T18:19:16.6591931+08:00" testType="13cdc9d9-ddb5-4fa4-a97d-d965ccfc6d4b" outcome="Passed" testListId="8c84fa94-04c1-424b-9868-57a2d4851a1d" relativeResultsDirectory="d3b24df2-2608-46bf-8525-3a6f37500056" />
    <UnitTestResult executionId="da94d561-e8d0-4eb2-ab0f-8936c03a3601" testId="102d6357-e0bf-8479-ae8f-fce77a56ada4" testName="Documents_UseOnePersistentModeAndRetainPendingSelection (&quot;安全复制到项目目录&quot;)" computerName="PC-20250309WEIZ" duration="00:00:00.0005413" startTime="2026-09-20T18:19:16.6575067+08:00" endTime="2026-09-20T18:19:16.6580772+08:00" testType="13cdc9d9-ddb5-4fa4-a97d-d965ccfc6d4b" outcome="Passed" testListId="8c84fa94-04c1-424b-9868-57a2d4851a1d" relativeResultsDirectory="da94d561-e8d0-4eb2-ab0f-8936c03a3601" />
    <UnitTestResult executionId="dc8dcc00-0edc-42a0-90f9-1abee2ce640f" testId="1f2423bd-07b1-8adb-badc-e5c09526c10e" testName="BookingEditor_DatabaseFailureRetainsInputsStepAndStableBookingId" computerName="PC-20250309WEIZ" duration="00:00:00.1493047" startTime="2026-09-20T18:19:16.4094114+08:00" endTime="2026-09-20T18:19:16.5728120+08:00" testType="13cdc9d9-ddb5-4fa4-a97d-d965ccfc6d4b" outcome="Passed" testListId="8c84fa94-04c1-424b-9868-57a2d4851a1d" relativeResultsDirectory="dc8dcc00-0edc-42a0-90f9-1abee2ce640f" />
    <UnitTestResult executionId="234999ec-bbba-4e34-abb9-106e6848551c" testId="1864dd7e-c89e-8562-87da-1ef6f11478a7" testName="Documents_UseOnePersistentModeAndRetainPendingSelection (&quot;仅关联原位置&quot;)" computerName="PC-20250309WEIZ" duration="00:00:00.0005949" startTime="2026-09-20T18:19:16.6568523+08:00" endTime="2026-09-20T18:19:16.6574874+08:00" testType="13cdc9d9-ddb5-4fa4-a97d-d965ccfc6d4b" outcome="Passed" testListId="8c84fa94-04c1-424b-9868-57a2d4851a1d" relativeResultsDirectory="234999ec-bbba-4e34-abb9-106e6848551c" />
  </Results>
  <TestDefinitions>
    <UnitTest name="BookingEditor_PartialDraftPersistsWithSafeDefaultsAndSkipsBlankPeople" storage="d:\ai agent\worktrees\pixel-tart-developer-preview-rc6\tests\rawselectionassistant.wpftests\bin\x64\release\net10.0-windows10.0.19041.0\rawselectionassistant.wpftests.dll" id="1b7c7e8b-ba2e-809a-8321-b059bc15d223">
      <Execution id="090796a4-b0ef-4b12-898f-5d4d7583fceb" />
      <TestMethod codeBase="D:\AI AGENT\worktrees\pixel-tart-developer-preview-rc6\tests\RAWSelectionAssistant.WpfTests\bin\x64\Release\net10.0-windows10.0.19041.0\RAWSelectionAssistant.WpfTests.dll" adapterTypeName="executor://mstestadapter/v4" className="RAWSelectionAssistant.WpfTests.Version230Rc4RuntimeWorkflowUiTests" name="BookingEditor_PartialDraftPersistsWithSafeDefaultsAndSkipsBlankPeople" />
    </UnitTest>
    <UnitTest name="BookingEditor_ExposesRc4StepTwoAndPartialDraftContract (&quot;天气预览&quot;)" storage="d:\ai agent\worktrees\pixel-tart-developer-preview-rc6\tests\rawselectionassistant.wpftests\bin\x64\release\net10.0-windows10.0.19041.0\rawselectionassistant.wpftests.dll" id="10dfe8cb-3a4e-80b5-b85d-cc33484eedbc">
      <Execution id="6e776673-0a54-4c3e-af2e-6f884bc1dcf1" />
      <TestMethod codeBase="D:\AI AGENT\worktrees\pixel-tart-developer-preview-rc6\tests\RAWSelectionAssistant.WpfTests\bin\x64\Release\net10.0-windows10.0.19041.0\RAWSelectionAssistant.WpfTests.dll" adapterTypeName="executor://mstestadapter/v4" className="RAWSelectionAssistant.WpfTests.Version230Rc4RuntimeWorkflowUiTests" name="BookingEditor_ExposesRc4StepTwoAndPartialDraftContract" />
    </UnitTest>
    <UnitTest name="Documents_UseOnePersistentModeAndRetainPendingSelection (&quot;安全复制到项目目录&quot;)" storage="d:\ai agent\worktrees\pixel-tart-developer-preview-rc6\tests\rawselectionassistant.wpftests\bin\x64\release\net10.0-windows10.0.19041.0\rawselectionassistant.wpftests.dll" id="102d6357-e0bf-8479-ae8f-fce77a56ada4">
      <Execution id="da94d561-e8d0-4eb2-ab0f-8936c03a3601" />
      <TestMethod codeBase="D:\AI AGENT\worktrees\pixel-tart-developer-preview-rc6\tests\RAWSelectionAssistant.WpfTests\bin\x64\Release\net10.0-windows10.0.19041.0\RAWSelectionAssistant.WpfTests.dll" adapterTypeName="executor://mstestadapter/v4" className="RAWSelectionAssistant.WpfTests.Version230Rc4RuntimeWorkflowUiTests" name="Documents_UseOnePersistentModeAndRetainPendingSelection" />
    </UnitTest>
    <UnitTest name="BookingEditor_RetryAfterFailureUsesSameBookingId" storage="d:\ai agent\worktrees\pixel-tart-developer-preview-rc6\tests\rawselectionassistant.wpftests\bin\x64\release\net10.0-windows10.0.19041.0\rawselectionassistant.wpftests.dll" id="1ce87b4b-dc2b-8467-8d80-efceeec311c7">
      <Execution id="028ae62d-93cf-43ae-a79e-3856c1733f9d" />
      <TestMethod codeBase="D:\AI AGENT\worktrees\pixel-tart-developer-preview-rc6\tests\RAWSelectionAssistant.WpfTests\bin\x64\Release\net10.0-windows10.0.19041.0\RAWSelectionAssistant.WpfTests.dll" adapterTypeName="executor://mstestadapter/v4" className="RAWSelectionAssistant.WpfTests.Version230Rc4RuntimeWorkflowUiTests" name="BookingEditor_RetryAfterFailureUsesSameBookingId" />
    </UnitTest>
    <UnitTest name="LocalSplitHero_KeepsSameFillAcrossInteractionStates (&quot;IsMouseOver&quot;)" storage="d:\ai agent\worktrees\pixel-tart-developer-preview-rc6\tests\rawselectionassistant.wpftests\bin\x64\release\net10.0-windows10.0.19041.0\rawselectionassistant.wpftests.dll" id="1f622702-e2b6-8606-b447-bf397b3584f3">
      <Execution id="e7e43795-3627-4891-a428-87b714755063" />
      <TestMethod codeBase="D:\AI AGENT\worktrees\pixel-tart-developer-preview-rc6\tests\RAWSelectionAssistant.WpfTests\bin\x64\Release\net10.0-windows10.0.19041.0\RAWSelectionAssistant.WpfTests.dll" adapterTypeName="executor://mstestadapter/v4" className="RAWSelectionAssistant.WpfTests.Version230Rc4RuntimeWorkflowUiTests" name="LocalSplitHero_KeepsSameFillAcrossInteractionStates" />
    </UnitTest>
    <UnitTest name="Tether_DeclaresTrueSessionGatedWorkspace (&quot;ShowMonitorWorkspace&quot;)" storage="d:\ai agent\worktrees\pixel-tart-developer-preview-rc6\tests\rawselectionassistant.wpftests\bin\x64\release\net10.0-windows10.0.19041.0\rawselectionassistant.wpftests.dll" id="148549af-f657-8348-8ea6-5fe400ff38e5">
      <Execution id="cdf5459f-a7d5-4a91-8cc0-f05450a93c6e" />
      <TestMethod codeBase="D:\AI AGENT\worktrees\pixel-tart-developer-preview-rc6\tests\RAWSelectionAssistant.WpfTests\bin\x64\Release\net10.0-windows10.0.19041.0\RAWSelectionAssistant.WpfTests.dll" adapterTypeName="executor://mstestadapter/v4" className="RAWSelectionAssistant.WpfTests.Version230Rc4RuntimeWorkflowUiTests" name="Tether_DeclaresTrueSessionGatedWorkspace" />
    </UnitTest>
    <UnitTest name="Tether_DeclaresTrueSessionGatedWorkspace (&quot;ShowPreSessionPage&quot;)" storage="d:\ai agent\worktrees\pixel-tart-developer-preview-rc6\tests\rawselectionassistant.wpftests\bin\x64\release\net10.0-windows10.0.19041.0\rawselectionassistant.wpftests.dll" id="1fd6ef8b-705c-8934-b23f-30893f9fda3c">
      <Execution id="3a1c5795-a2e5-4148-9274-0cfd84467002" />
      <TestMethod codeBase="D:\AI AGENT\worktrees\pixel-tart-developer-preview-rc6\tests\RAWSelectionAssistant.WpfTests\bin\x64\Release\net10.0-windows10.0.19041.0\RAWSelectionAssistant.WpfTests.dll" adapterTypeName="executor://mstestadapter/v4" className="RAWSelectionAssistant.WpfTests.Version230Rc4RuntimeWorkflowUiTests" name="Tether_DeclaresTrueSessionGatedWorkspace" />
    </UnitTest>
    <UnitTest name="Weather_ForecastFailureDoesNotMisreportSuccessfulLocationAsDenied" storage="d:\ai agent\worktrees\pixel-tart-developer-preview-rc6\tests\rawselectionassistant.wpftests\bin\x64\release\net10.0-windows10.0.19041.0\rawselectionassistant.wpftests.dll" id="1aab7f0d-c8f9-8cb3-bf1d-a6a193185752">
      <Execution id="96fd3ad0-4e72-4c1d-9cc1-873db1ef2a0a" />
      <TestMethod codeBase="D:\AI AGENT\worktrees\pixel-tart-developer-preview-rc6\tests\RAWSelectionAssistant.WpfTests\bin\x64\Release\net10.0-windows10.0.19041.0\RAWSelectionAssistant.WpfTests.dll" adapterTypeName="executor://mstestadapter/v4" className="RAWSelectionAssistant.WpfTests.Version230Rc4RuntimeWorkflowUiTests" name="Weather_ForecastFailureDoesNotMisreportSuccessfulLocationAsDenied" />
    </UnitTest>
    <UnitTest name="WeatherUi_ExposesSafeLocationModesAndFallback (&quot;当前位置&quot;)" storage="d:\ai agent\worktrees\pixel-tart-developer-preview-rc6\tests\rawselectionassistant.wpftests\bin\x64\release\net10.0-windows10.0.19041.0\rawselectionassistant.wpftests.dll" id="17cef70f-da97-83f7-880a-1c926da7e17a">
      <Execution id="7c441f50-b6b0-4860-b0c8-41333ec51348" />
      <TestMethod codeBase="D:\AI AGENT\worktrees\pixel-tart-developer-preview-rc6\tests\RAWSelectionAssistant.WpfTests\bin\x64\Release\net10.0-windows10.0.19041.0\RAWSelectionAssistant.WpfTests.dll" adapterTypeName="executor://mstestadapter/v4" className="RAWSelectionAssistant.WpfTests.Version230Rc4RuntimeWorkflowUiTests" name="WeatherUi_ExposesSafeLocationModesAndFallback" />
    </UnitTest>
    <UnitTest name="LocalSplitHero_KeepsSameFillAcrossInteractionStates (&quot;WorkbenchHeroBrush&quot;)" storage="d:\ai agent\worktrees\pixel-tart-developer-preview-rc6\tests\rawselectionassistant.wpftests\bin\x64\release\net10.0-windows10.0.19041.0\rawselectionassistant.wpftests.dll" id="120e1928-8e55-8c9f-8fb4-31f6af9e172b">
      <Execution id="b722bf1d-42c8-49d4-b008-e0bd58d76175" />
      <TestMethod codeBase="D:\AI AGENT\worktrees\pixel-tart-developer-preview-rc6\tests\RAWSelectionAssistant.WpfTests\bin\x64\Release\net10.0-windows10.0.19041.0\RAWSelectionAssistant.WpfTests.dll" adapterTypeName="executor://mstestadapter/v4" className="RAWSelectionAssistant.WpfTests.Version230Rc4RuntimeWorkflowUiTests" name="LocalSplitHero_KeepsSameFillAcrossInteractionStates" />
    </UnitTest>
    <UnitTest name="Documents_UseOnePersistentModeAndRetainPendingSelection (&quot;仅关联原位置&quot;)" storage="d:\ai agent\worktrees\pixel-tart-developer-preview-rc6\tests\rawselectionassistant.wpftests\bin\x64\release\net10.0-windows10.0.19041.0\rawselectionassistant.wpftests.dll" id="1864dd7e-c89e-8562-87da-1ef6f11478a7">
      <Execution id="234999ec-bbba-4e34-abb9-106e6848551c" />
      <TestMethod codeBase="D:\AI AGENT\worktrees\pixel-tart-developer-preview-rc6\tests\RAWSelectionAssistant.WpfTests\bin\x64\Release\net10.0-windows10.0.19041.0\RAWSelectionAssistant.WpfTests.dll" adapterTypeName="executor://mstestadapter/v4" className="RAWSelectionAssistant.WpfTests.Version230Rc4RuntimeWorkflowUiTests" name="Documents_UseOnePersistentModeAndRetainPendingSelection" />
    </UnitTest>
    <UnitTest name="MainStatusBar_SeparatesStatusSources (&quot;CurrentPageStatus&quot;)" storage="d:\ai agent\worktrees\pixel-tart-developer-preview-rc6\tests\rawselectionassistant.wpftests\bin\x64\release\net10.0-windows10.0.19041.0\rawselectionassistant.wpftests.dll" id="1b2d05c4-92ae-8e5b-a93a-f596258c5a48">
      <Execution id="38b75fa6-376c-4851-a62c-270e377f7937" />
      <TestMethod codeBase="D:\AI AGENT\worktrees\pixel-tart-developer-preview-rc6\tests\RAWSelectionAssistant.WpfTests\bin\x64\Release\net10.0-windows10.0.19041.0\RAWSelectionAssistant.WpfTests.dll" adapterTypeName="executor://mstestadapter/v4" className="RAWSelectionAssistant.WpfTests.Version230Rc4RuntimeWorkflowUiTests" name="MainStatusBar_SeparatesStatusSources" />
    </UnitTest>
    <UnitTest name="Tether_DeclaresTrueSessionGatedWorkspace (&quot;联机拍摄启动页&quot;)" storage="d:\ai agent\worktrees\pixel-tart-developer-preview-rc6\tests\rawselectionassistant.wpftests\bin\x64\release\net10.0-windows10.0.19041.0\rawselectionassistant.wpftests.dll" id="17e2a243-ed25-878d-bc85-428202d1838f">
      <Execution id="3a33549c-aff9-44cd-ada0-9ead8ef0013f" />
      <TestMethod codeBase="D:\AI AGENT\worktrees\pixel-tart-developer-preview-rc6\tests\RAWSelectionAssistant.WpfTests\bin\x64\Release\net10.0-windows10.0.19041.0\RAWSelectionAssistant.WpfTests.dll" adapterTypeName="executor://mstestadapter/v4" className="RAWSelectionAssistant.WpfTests.Version230Rc4RuntimeWorkflowUiTests" name="Tether_DeclaresTrueSessionGatedWorkspace" />
    </UnitTest>
    <UnitTest name="WeatherUi_ExposesSafeLocationModesAndFallback (&quot;OpenLocationSettingsCommand&quot;)" storage="d:\ai agent\worktrees\pixel-tart-developer-preview-rc6\tests\rawselectionassistant.wpftests\bin\x64\release\net10.0-windows10.0.19041.0\rawselectionassistant.wpftests.dll" id="1f8f563f-eb63-8aea-acb4-2f44ca7da0bf">
      <Execution id="e17ca9a8-5b00-49d0-bcfb-2a2d695c303d" />
      <TestMethod codeBase="D:\AI AGENT\worktrees\pixel-tart-developer-preview-rc6\tests\RAWSelectionAssistant.WpfTests\bin\x64\Release\net10.0-windows10.0.19041.0\RAWSelectionAssistant.WpfTests.dll" adapterTypeName="executor://mstestadapter/v4" className="RAWSelectionAssistant.WpfTests.Version230Rc4RuntimeWorkflowUiTests" name="WeatherUi_ExposesSafeLocationModesAndFallback" />
    </UnitTest>
    <UnitTest name="BookingEditor_ExposesRc4StepTwoAndPartialDraftContract (&quot;当前提醒列表&quot;)" storage="d:\ai agent\worktrees\pixel-tart-developer-preview-rc6\tests\rawselectionassistant.wpftests\bin\x64\release\net10.0-windows10.0.19041.0\rawselectionassistant.wpftests.dll" id="12346ba6-7f75-8c4b-9cd4-06e400f620eb">
      <Execution id="76edb238-bbc0-47d8-bd10-2ba4e5f6eb72" />
      <TestMethod codeBase="D:\AI AGENT\worktrees\pixel-tart-developer-preview-rc6\tests\RAWSelectionAssistant.WpfTests\bin\x64\Release\net10.0-windows10.0.19041.0\RAWSelectionAssistant.WpfTests.dll" adapterTypeName="executor://mstestadapter/v4" className="RAWSelectionAssistant.WpfTests.Version230Rc4RuntimeWorkflowUiTests" name="BookingEditor_ExposesRc4StepTwoAndPartialDraftContract" />
    </UnitTest>
    <UnitTest name="Weather_DeniedLocationFallsBackWithoutBlockingBooking" storage="d:\ai agent\worktrees\pixel-tart-developer-preview-rc6\tests\rawselectionassistant.wpftests\bin\x64\release\net10.0-windows10.0.19041.0\rawselectionassistant.wpftests.dll" id="1f764aad-4555-8294-a0c9-210d4bfe439b">
      <Execution id="e6bb58cb-6ec3-408c-8520-2939144b563e" />
      <TestMethod codeBase="D:\AI AGENT\worktrees\pixel-tart-developer-preview-rc6\tests\RAWSelectionAssistant.WpfTests\bin\x64\Release\net10.0-windows10.0.19041.0\RAWSelectionAssistant.WpfTests.dll" adapterTypeName="executor://mstestadapter/v4" className="RAWSelectionAssistant.WpfTests.Version230Rc4RuntimeWorkflowUiTests" name="Weather_DeniedLocationFallsBackWithoutBlockingBooking" />
    </UnitTest>
    <UnitTest name="LocalSplitHero_KeepsSameFillAcrossInteractionStates (&quot;IsKeyboardFocused&quot;)" storage="d:\ai agent\worktrees\pixel-tart-developer-preview-rc6\tests\rawselectionassistant.wpftests\bin\x64\release\net10.0-windows10.0.19041.0\rawselectionassistant.wpftests.dll" id="1ac51990-f6b6-8965-9259-fde838e4b731">
      <Execution id="eb6d1acd-0720-44b8-9736-eba28f61dd89" />
      <TestMethod codeBase="D:\AI AGENT\worktrees\pixel-tart-developer-preview-rc6\tests\RAWSelectionAssistant.WpfTests\bin\x64\Release\net10.0-windows10.0.19041.0\RAWSelectionAssistant.WpfTests.dll" adapterTypeName="executor://mstestadapter/v4" className="RAWSelectionAssistant.WpfTests.Version230Rc4RuntimeWorkflowUiTests" name="LocalSplitHero_KeepsSameFillAcrossInteractionStates" />
    </UnitTest>
    <UnitTest name="WeatherUi_ExposesSafeLocationModesAndFallback (&quot;其他城市&quot;)" storage="d:\ai agent\worktrees\pixel-tart-developer-preview-rc6\tests\rawselectionassistant.wpftests\bin\x64\release\net10.0-windows10.0.19041.0\rawselectionassistant.wpftests.dll" id="163eb434-a8cf-8ffb-8eac-2f2a94ceb3ad">
      <Execution id="ffeb31bd-c7ae-4d67-9ff7-1de45467477e" />
      <TestMethod codeBase="D:\AI AGENT\worktrees\pixel-tart-developer-preview-rc6\tests\RAWSelectionAssistant.WpfTests\bin\x64\Release\net10.0-windows10.0.19041.0\RAWSelectionAssistant.WpfTests.dll" adapterTypeName="executor://mstestadapter/v4" className="RAWSelectionAssistant.WpfTests.Version230Rc4RuntimeWorkflowUiTests" name="WeatherUi_ExposesSafeLocationModesAndFallback" />
    </UnitTest>
    <UnitTest name="Documents_UseOnePersistentModeAndRetainPendingSelection (&quot;尚未添加拍摄资料&quot;)" storage="d:\ai agent\worktrees\pixel-tart-developer-preview-rc6\tests\rawselectionassistant.wpftests\bin\x64\release\net10.0-windows10.0.19041.0\rawselectionassistant.wpftests.dll" id="138a00d4-d882-8470-9c80-b119da3e36ac">
      <Execution id="d3b24df2-2608-46bf-8525-3a6f37500056" />
      <TestMethod codeBase="D:\AI AGENT\worktrees\pixel-tart-developer-preview-rc6\tests\RAWSelectionAssistant.WpfTests\bin\x64\Release\net10.0-windows10.0.19041.0\RAWSelectionAssistant.WpfTests.dll" adapterTypeName="executor://mstestadapter/v4" className="RAWSelectionAssistant.WpfTests.Version230Rc4RuntimeWorkflowUiTests" name="Documents_UseOnePersistentModeAndRetainPendingSelection" />
    </UnitTest>
    <UnitTest name="WeatherUi_ExposesSafeLocationModesAndFallback (&quot;跟随拍摄地点&quot;)" storage="d:\ai agent\worktrees\pixel-tart-developer-preview-rc6\tests\rawselectionassistant.wpftests\bin\x64\release\net10.0-windows10.0.19041.0\rawselectionassistant.wpftests.dll" id="1577cba4-978b-8108-963d-7eaa33cb0122">
      <Execution id="40ca3a80-b53d-44df-bf7b-485aff7bb0d8" />
      <TestMethod codeBase="D:\AI AGENT\worktrees\pixel-tart-developer-preview-rc6\tests\RAWSelectionAssistant.WpfTests\bin\x64\Release\net10.0-windows10.0.19041.0\RAWSelectionAssistant.WpfTests.dll" adapterTypeName="executor://mstestadapter/v4" className="RAWSelectionAssistant.WpfTests.Version230Rc4RuntimeWorkflowUiTests" name="WeatherUi_ExposesSafeLocationModesAndFallback" />
    </UnitTest>
    <UnitTest name="Documents_UseOnePersistentModeAndRetainPendingSelection (&quot;SelectedLinkMode&quot;)" storage="d:\ai agent\worktrees\pixel-tart-developer-preview-rc6\tests\rawselectionassistant.wpftests\bin\x64\release\net10.0-windows10.0.19041.0\rawselectionassistant.wpftests.dll" id="132c8458-9c33-8809-8877-b5a4ce9dd9b8">
      <Execution id="ff328ea4-4c6d-4105-bb9b-d9acbad8d8fa" />
      <TestMethod codeBase="D:\AI AGENT\worktrees\pixel-tart-developer-preview-rc6\tests\RAWSelectionAssistant.WpfTests\bin\x64\Release\net10.0-windows10.0.19041.0\RAWSelectionAssistant.WpfTests.dll" adapterTypeName="executor://mstestadapter/v4" className="RAWSelectionAssistant.WpfTests.Version230Rc4RuntimeWorkflowUiTests" name="Documents_UseOnePersistentModeAndRetainPendingSelection" />
    </UnitTest>
    <UnitTest name="BookingEditor_ExposesRc4StepTwoAndPartialDraftContract (&quot;天气风险&quot;)" storage="d:\ai agent\worktrees\pixel-tart-developer-preview-rc6\tests\rawselectionassistant.wpftests\bin\x64\release\net10.0-windows10.0.19041.0\rawselectionassistant.wpftests.dll" id="133f12d0-c692-887d-b54c-f5952c343d55">
      <Execution id="bf623fd8-e187-42dc-98df-fb718ed8509b" />
      <TestMethod codeBase="D:\AI AGENT\worktrees\pixel-tart-developer-preview-rc6\tests\RAWSelectionAssistant.WpfTests\bin\x64\Release\net10.0-windows10.0.19041.0\RAWSelectionAssistant.WpfTests.dll" adapterTypeName="executor://mstestadapter/v4" className="RAWSelectionAssistant.WpfTests.Version230Rc4RuntimeWorkflowUiTests" name="BookingEditor_ExposesRc4StepTwoAndPartialDraftContract" />
    </UnitTest>
    <UnitTest name="BookingEditor_ExposesRc4StepTwoAndPartialDraftContract (&quot;提醒设置&quot;)" storage="d:\ai agent\worktrees\pixel-tart-developer-preview-rc6\tests\rawselectionassistant.wpftests\bin\x64\release\net10.0-windows10.0.19041.0\rawselectionassistant.wpftests.dll" id="1ffb6d23-9382-82bf-a94f-751df4fc9606">
      <Execution id="821bcfcf-6000-4636-bd86-efb7c556d08d" />
      <TestMethod codeBase="D:\AI AGENT\worktrees\pixel-tart-developer-preview-rc6\tests\RAWSelectionAssistant.WpfTests\bin\x64\Release\net10.0-windows10.0.19041.0\RAWSelectionAssistant.WpfTests.dll" adapterTypeName="executor://mstestadapter/v4" className="RAWSelectionAssistant.WpfTests.Version230Rc4RuntimeWorkflowUiTests" name="BookingEditor_ExposesRc4StepTwoAndPartialDraftContract" />
    </UnitTest>
    <UnitTest name="LocalSplitHero_KeepsSameFillAcrossInteractionStates (&quot;IsPressed&quot;)" storage="d:\ai agent\worktrees\pixel-tart-developer-preview-rc6\tests\rawselectionassistant.wpftests\bin\x64\release\net10.0-windows10.0.19041.0\rawselectionassistant.wpftests.dll" id="1320153f-a095-8f75-a8e3-17c6e5d4935b">
      <Execution id="04f3671d-037b-4b80-bde2-877100c83866" />
      <TestMethod codeBase="D:\AI AGENT\worktrees\pixel-tart-developer-preview-rc6\tests\RAWSelectionAssistant.WpfTests\bin\x64\Release\net10.0-windows10.0.19041.0\RAWSelectionAssistant.WpfTests.dll" adapterTypeName="executor://mstestadapter/v4" className="RAWSelectionAssistant.WpfTests.Version230Rc4RuntimeWorkflowUiTests" name="LocalSplitHero_KeepsSameFillAcrossInteractionStates" />
    </UnitTest>
    <UnitTest name="MultidayCalendarItem_UsesOneBookingIdAndClearContinuationLabels" storage="d:\ai agent\worktrees\pixel-tart-developer-preview-rc6\tests\rawselectionassistant.wpftests\bin\x64\release\net10.0-windows10.0.19041.0\rawselectionassistant.wpftests.dll" id="12ac0e85-1f54-8ce3-860b-fb5a6c60894d">
      <Execution id="aaafb299-d764-4da6-a2f0-4ff48426b25f" />
      <TestMethod codeBase="D:\AI AGENT\worktrees\pixel-tart-developer-preview-rc6\tests\RAWSelectionAssistant.WpfTests\bin\x64\Release\net10.0-windows10.0.19041.0\RAWSelectionAssistant.WpfTests.dll" adapterTypeName="executor://mstestadapter/v4" className="RAWSelectionAssistant.WpfTests.Version230Rc4RuntimeWorkflowUiTests" name="MultidayCalendarItem_UsesOneBookingIdAndClearContinuationLabels" />
    </UnitTest>
    <UnitTest name="BookingEditor_ExposesRc4StepTwoAndPartialDraftContract (&quot;allowPartial: asDraft&quot;)" storage="d:\ai agent\worktrees\pixel-tart-developer-preview-rc6\tests\rawselectionassistant.wpftests\bin\x64\release\net10.0-windows10.0.19041.0\rawselectionassistant.wpftests.dll" id="1758b8b0-dd63-8518-812f-b81f655e8be5">
      <Execution id="cb5d0688-48f8-4ffb-9259-96d764280d32" />
      <TestMethod codeBase="D:\AI AGENT\worktrees\pixel-tart-developer-preview-rc6\tests\RAWSelectionAssistant.WpfTests\bin\x64\Release\net10.0-windows10.0.19041.0\RAWSelectionAssistant.WpfTests.dll" adapterTypeName="executor://mstestadapter/v4" className="RAWSelectionAssistant.WpfTests.Version230Rc4RuntimeWorkflowUiTests" name="BookingEditor_ExposesRc4StepTwoAndPartialDraftContract" />
    </UnitTest>
    <UnitTest name="Weather_DefaultCurrentLocationRequestsOnceAndLoadsForecast" storage="d:\ai agent\worktrees\pixel-tart-developer-preview-rc6\tests\rawselectionassistant.wpftests\bin\x64\release\net10.0-windows10.0.19041.0\rawselectionassistant.wpftests.dll" id="1516b515-dab5-850a-a9b4-e8f4a9a1f0a8">
      <Execution id="dfa23b1e-1675-4184-968b-6627d1bde898" />
      <TestMethod codeBase="D:\AI AGENT\worktrees\pixel-tart-developer-preview-rc6\tests\RAWSelectionAssistant.WpfTests\bin\x64\Release\net10.0-windows10.0.19041.0\RAWSelectionAssistant.WpfTests.dll" adapterTypeName="executor://mstestadapter/v4" className="RAWSelectionAssistant.WpfTests.Version230Rc4RuntimeWorkflowUiTests" name="Weather_DefaultCurrentLocationRequestsOnceAndLoadsForecast" />
    </UnitTest>
    <UnitTest name="WeatherUi_ExposesSafeLocationModesAndFallback (&quot;无法获取当前位置，请选择城市。&quot;)" storage="d:\ai agent\worktrees\pixel-tart-developer-preview-rc6\tests\rawselectionassistant.wpftests\bin\x64\release\net10.0-windows10.0.19041.0\rawselectionassistant.wpftests.dll" id="1837ee90-2946-81eb-b414-0058b2991707">
      <Execution id="503050bc-b6cc-45e8-89ed-d61dd84c25b9" />
      <TestMethod codeBase="D:\AI AGENT\worktrees\pixel-tart-developer-preview-rc6\tests\RAWSelectionAssistant.WpfTests\bin\x64\Release\net10.0-windows10.0.19041.0\RAWSelectionAssistant.WpfTests.dll" adapterTypeName="executor://mstestadapter/v4" className="RAWSelectionAssistant.WpfTests.Version230Rc4RuntimeWorkflowUiTests" name="WeatherUi_ExposesSafeLocationModesAndFallback" />
    </UnitTest>
    <UnitTest name="Tether_DeclaresTrueSessionGatedWorkspace (&quot;HasReadyAsset&quot;)" storage="d:\ai agent\worktrees\pixel-tart-developer-preview-rc6\tests\rawselectionassistant.wpftests\bin\x64\release\net10.0-windows10.0.19041.0\rawselectionassistant.wpftests.dll" id="17afd7d9-8286-8ee4-8cb6-f8e8167feb87">
      <Execution id="2581db58-fc8e-4dc9-8fc3-bc223e969072" />
      <TestMethod codeBase="D:\AI AGENT\worktrees\pixel-tart-developer-preview-rc6\tests\RAWSelectionAssistant.WpfTests\bin\x64\Release\net10.0-windows10.0.19041.0\RAWSelectionAssistant.WpfTests.dll" adapterTypeName="executor://mstestadapter/v4" className="RAWSelectionAssistant.WpfTests.Version230Rc4RuntimeWorkflowUiTests" name="Tether_DeclaresTrueSessionGatedWorkspace" />
    </UnitTest>
    <UnitTest name="BookingEditor_ExposesRc4StepTwoAndPartialDraftContract (&quot;未命名草稿&quot;)" storage="d:\ai agent\worktrees\pixel-tart-developer-preview-rc6\tests\rawselectionassistant.wpftests\bin\x64\release\net10.0-windows10.0.19041.0\rawselectionassistant.wpftests.dll" id="140ddd3b-79e7-8fb5-8b2d-0198b4487abf">
      <Execution id="d72ace39-8fd0-40c5-b7f7-40e4fc13ebc1" />
      <TestMethod codeBase="D:\AI AGENT\worktrees\pixel-tart-developer-preview-rc6\tests\RAWSelectionAssistant.WpfTests\bin\x64\Release\net10.0-windows10.0.19041.0\RAWSelectionAssistant.WpfTests.dll" adapterTypeName="executor://mstestadapter/v4" className="RAWSelectionAssistant.WpfTests.Version230Rc4RuntimeWorkflowUiTests" name="BookingEditor_ExposesRc4StepTwoAndPartialDraftContract" />
    </UnitTest>
    <UnitTest name="Calendar_SelectingTaskDayThenEmptyDayKeepsDateDetailsAndBookingIdSynchronized" storage="d:\ai agent\worktrees\pixel-tart-developer-preview-rc6\tests\rawselectionassistant.wpftests\bin\x64\release\net10.0-windows10.0.19041.0\rawselectionassistant.wpftests.dll" id="1ddd9f55-a1a9-83a8-8ad3-0a2412ed5d6f">
      <Execution id="1c4fb047-b8cc-45fc-b3f3-42e773149182" />
      <TestMethod codeBase="D:\AI AGENT\worktrees\pixel-tart-developer-preview-rc6\tests\RAWSelectionAssistant.WpfTests\bin\x64\Release\net10.0-windows10.0.19041.0\RAWSelectionAssistant.WpfTests.dll" adapterTypeName="executor://mstestadapter/v4" className="RAWSelectionAssistant.WpfTests.Version230Rc4RuntimeWorkflowUiTests" name="Calendar_SelectingTaskDayThenEmptyDayKeepsDateDetailsAndBookingIdSynchronized" />
    </UnitTest>
    <UnitTest name="LocalSplitHero_KeepsSameFillAcrossInteractionStates (&quot;LocalSplitHeroButton&quot;)" storage="d:\ai agent\worktrees\pixel-tart-developer-preview-rc6\tests\rawselectionassistant.wpftests\bin\x64\release\net10.0-windows10.0.19041.0\rawselectionassistant.wpftests.dll" id="17780e34-032f-8354-af50-03fea2d69cc1">
      <Execution id="edbe50d3-b0e8-4a4b-8412-41e48eeb8cb6" />
      <TestMethod codeBase="D:\AI AGENT\worktrees\pixel-tart-developer-preview-rc6\tests\RAWSelectionAssistant.WpfTests\bin\x64\Release\net10.0-windows10.0.19041.0\RAWSelectionAssistant.WpfTests.dll" adapterTypeName="executor://mstestadapter/v4" className="RAWSelectionAssistant.WpfTests.Version230Rc4RuntimeWorkflowUiTests" name="LocalSplitHero_KeepsSameFillAcrossInteractionStates" />
    </UnitTest>
    <UnitTest name="Documents_UseOnePersistentModeAndRetainPendingSelection (&quot;AddDocumentsCommand&quot;)" storage="d:\ai agent\worktrees\pixel-tart-developer-preview-rc6\tests\rawselectionassistant.wpftests\bin\x64\release\net10.0-windows10.0.19041.0\rawselectionassistant.wpftests.dll" id="1cb3c643-a368-84f0-bab4-488e3a998f4c">
      <Execution id="3efe8f5b-a8ed-4c53-916f-519a45827218" />
      <TestMethod codeBase="D:\AI AGENT\worktrees\pixel-tart-developer-preview-rc6\tests\RAWSelectionAssistant.WpfTests\bin\x64\Release\net10.0-windows10.0.19041.0\RAWSelectionAssistant.WpfTests.dll" adapterTypeName="executor://mstestadapter/v4" className="RAWSelectionAssistant.WpfTests.Version230Rc4RuntimeWorkflowUiTests" name="Documents_UseOnePersistentModeAndRetainPendingSelection" />
    </UnitTest>
    <UnitTest name="Tether_DeclaresTrueSessionGatedWorkspace (&quot;等待照片&quot;)" storage="d:\ai agent\worktrees\pixel-tart-developer-preview-rc6\tests\rawselectionassistant.wpftests\bin\x64\release\net10.0-windows10.0.19041.0\rawselectionassistant.wpftests.dll" id="159ba9ce-0619-82e1-b95a-a37005a3c057">
      <Execution id="334b3cbd-4d81-4726-9581-8d3f316b0026" />
      <TestMethod codeBase="D:\AI AGENT\worktrees\pixel-tart-developer-preview-rc6\tests\RAWSelectionAssistant.WpfTests\bin\x64\Release\net10.0-windows10.0.19041.0\RAWSelectionAssistant.WpfTests.dll" adapterTypeName="executor://mstestadapter/v4" className="RAWSelectionAssistant.WpfTests.Version230Rc4RuntimeWorkflowUiTests" name="Tether_DeclaresTrueSessionGatedWorkspace" />
    </UnitTest>
    <UnitTest name="MainStatusBar_SeparatesStatusSources (&quot;NotificationStatus&quot;)" storage="d:\ai agent\worktrees\pixel-tart-developer-preview-rc6\tests\rawselectionassistant.wpftests\bin\x64\release\net10.0-windows10.0.19041.0\rawselectionassistant.wpftests.dll" id="18e15aff-0710-8fc0-9205-8babade71e8a">
      <Execution id="48d03052-29d9-4fc4-b66c-7ca722110cd3" />
      <TestMethod codeBase="D:\AI AGENT\worktrees\pixel-tart-developer-preview-rc6\tests\RAWSelectionAssistant.WpfTests\bin\x64\Release\net10.0-windows10.0.19041.0\RAWSelectionAssistant.WpfTests.dll" adapterTypeName="executor://mstestadapter/v4" className="RAWSelectionAssistant.WpfTests.Version230Rc4RuntimeWorkflowUiTests" name="MainStatusBar_SeparatesStatusSources" />
    </UnitTest>
    <UnitTest name="BookingEditor_DatabaseFailureRetainsInputsStepAndStableBookingId" storage="d:\ai agent\worktrees\pixel-tart-developer-preview-rc6\tests\rawselectionassistant.wpftests\bin\x64\release\net10.0-windows10.0.19041.0\rawselectionassistant.wpftests.dll" id="1f2423bd-07b1-8adb-badc-e5c09526c10e">
      <Execution id="dc8dcc00-0edc-42a0-90f9-1abee2ce640f" />
      <TestMethod codeBase="D:\AI AGENT\worktrees\pixel-tart-developer-preview-rc6\tests\RAWSelectionAssistant.WpfTests\bin\x64\Release\net10.0-windows10.0.19041.0\RAWSelectionAssistant.WpfTests.dll" adapterTypeName="executor://mstestadapter/v4" className="RAWSelectionAssistant.WpfTests.Version230Rc4RuntimeWorkflowUiTests" name="BookingEditor_DatabaseFailureRetainsInputsStepAndStableBookingId" />
    </UnitTest>
    <UnitTest name="MainStatusBar_SeparatesStatusSources (&quot;BackgroundTaskStatus&quot;)" storage="d:\ai agent\worktrees\pixel-tart-developer-preview-rc6\tests\rawselectionassistant.wpftests\bin\x64\release\net10.0-windows10.0.19041.0\rawselectionassistant.wpftests.dll" id="168b4783-e466-86d9-9186-02a31360f032">
      <Execution id="7d3ae9a0-3894-4784-9482-d90cfb0b92ee" />
      <TestMethod codeBase="D:\AI AGENT\worktrees\pixel-tart-developer-preview-rc6\tests\RAWSelectionAssistant.WpfTests\bin\x64\Release\net10.0-windows10.0.19041.0\RAWSelectionAssistant.WpfTests.dll" adapterTypeName="executor://mstestadapter/v4" className="RAWSelectionAssistant.WpfTests.Version230Rc4RuntimeWorkflowUiTests" name="MainStatusBar_SeparatesStatusSources" />
    </UnitTest>
    <UnitTest name="Documents_UseOnePersistentModeAndRetainPendingSelection (&quot;等待排期创建后处理&quot;)" storage="d:\ai agent\worktrees\pixel-tart-developer-preview-rc6\tests\rawselectionassistant.wpftests\bin\x64\release\net10.0-windows10.0.19041.0\rawselectionassistant.wpftests.dll" id="1cd309f6-a02a-811c-911f-e2bf0cb80a3b">
      <Execution id="82bb2948-08c0-4ea3-895e-5a876591735f" />
      <TestMethod codeBase="D:\AI AGENT\worktrees\pixel-tart-developer-preview-rc6\tests\RAWSelectionAssistant.WpfTests\bin\x64\Release\net10.0-windows10.0.19041.0\RAWSelectionAssistant.WpfTests.dll" adapterTypeName="executor://mstestadapter/v4" className="RAWSelectionAssistant.WpfTests.Version230Rc4RuntimeWorkflowUiTests" name="Documents_UseOnePersistentModeAndRetainPendingSelection" />
    </UnitTest>
    <UnitTest name="Rc4ModifiedViewsRemainValidXaml" storage="d:\ai agent\worktrees\pixel-tart-developer-preview-rc6\tests\rawselectionassistant.wpftests\bin\x64\release\net10.0-windows10.0.19041.0\rawselectionassistant.wpftests.dll" id="1a35c1dc-cb11-8d7e-ab68-9e860ac9e13b">
      <Execution id="b0d973e5-8d39-4d11-ab1d-29ea92145405" />
      <TestMethod codeBase="D:\AI AGENT\worktrees\pixel-tart-developer-preview-rc6\tests\RAWSelectionAssistant.WpfTests\bin\x64\Release\net10.0-windows10.0.19041.0\RAWSelectionAssistant.WpfTests.dll" adapterTypeName="executor://mstestadapter/v4" className="RAWSelectionAssistant.WpfTests.Version230Rc4RuntimeWorkflowUiTests" name="Rc4ModifiedViewsRemainValidXaml" />
    </UnitTest>
  </TestDefinitions>
  <TestEntries>
    <TestEntry testId="1a35c1dc-cb11-8d7e-ab68-9e860ac9e13b" executionId="b0d973e5-8d39-4d11-ab1d-29ea92145405" testListId="8c84fa94-04c1-424b-9868-57a2d4851a1d" />
    <TestEntry testId="120e1928-8e55-8c9f-8fb4-31f6af9e172b" executionId="b722bf1d-42c8-49d4-b008-e0bd58d76175" testListId="8c84fa94-04c1-424b-9868-57a2d4851a1d" />
    <TestEntry testId="1cb3c643-a368-84f0-bab4-488e3a998f4c" executionId="3efe8f5b-a8ed-4c53-916f-519a45827218" testListId="8c84fa94-04c1-424b-9868-57a2d4851a1d" />
    <TestEntry testId="1320153f-a095-8f75-a8e3-17c6e5d4935b" executionId="04f3671d-037b-4b80-bde2-877100c83866" testListId="8c84fa94-04c1-424b-9868-57a2d4851a1d" />
    <TestEntry testId="168b4783-e466-86d9-9186-02a31360f032" executionId="7d3ae9a0-3894-4784-9482-d90cfb0b92ee" testListId="8c84fa94-04c1-424b-9868-57a2d4851a1d" />
    <TestEntry testId="1f8f563f-eb63-8aea-acb4-2f44ca7da0bf" executionId="e17ca9a8-5b00-49d0-bcfb-2a2d695c303d" testListId="8c84fa94-04c1-424b-9868-57a2d4851a1d" />
    <TestEntry testId="1758b8b0-dd63-8518-812f-b81f655e8be5" executionId="cb5d0688-48f8-4ffb-9259-96d764280d32" testListId="8c84fa94-04c1-424b-9868-57a2d4851a1d" />
    <TestEntry testId="1ce87b4b-dc2b-8467-8d80-efceeec311c7" executionId="028ae62d-93cf-43ae-a79e-3856c1733f9d" testListId="8c84fa94-04c1-424b-9868-57a2d4851a1d" />
    <TestEntry testId="10dfe8cb-3a4e-80b5-b85d-cc33484eedbc" executionId="6e776673-0a54-4c3e-af2e-6f884bc1dcf1" testListId="8c84fa94-04c1-424b-9868-57a2d4851a1d" />
    <TestEntry testId="1ddd9f55-a1a9-83a8-8ad3-0a2412ed5d6f" executionId="1c4fb047-b8cc-45fc-b3f3-42e773149182" testListId="8c84fa94-04c1-424b-9868-57a2d4851a1d" />
    <TestEntry testId="1fd6ef8b-705c-8934-b23f-30893f9fda3c" executionId="3a1c5795-a2e5-4148-9274-0cfd84467002" testListId="8c84fa94-04c1-424b-9868-57a2d4851a1d" />
    <TestEntry testId="1cd309f6-a02a-811c-911f-e2bf0cb80a3b" executionId="82bb2948-08c0-4ea3-895e-5a876591735f" testListId="8c84fa94-04c1-424b-9868-57a2d4851a1d" />
    <TestEntry testId="1b2d05c4-92ae-8e5b-a93a-f596258c5a48" executionId="38b75fa6-376c-4851-a62c-270e377f7937" testListId="8c84fa94-04c1-424b-9868-57a2d4851a1d" />
    <TestEntry testId="1577cba4-978b-8108-963d-7eaa33cb0122" executionId="40ca3a80-b53d-44df-bf7b-485aff7bb0d8" testListId="8c84fa94-04c1-424b-9868-57a2d4851a1d" />
    <TestEntry testId="17e2a243-ed25-878d-bc85-428202d1838f" executionId="3a33549c-aff9-44cd-ada0-9ead8ef0013f" testListId="8c84fa94-04c1-424b-9868-57a2d4851a1d" />
    <TestEntry testId="163eb434-a8cf-8ffb-8eac-2f2a94ceb3ad" executionId="ffeb31bd-c7ae-4d67-9ff7-1de45467477e" testListId="8c84fa94-04c1-424b-9868-57a2d4851a1d" />
    <TestEntry testId="159ba9ce-0619-82e1-b95a-a37005a3c057" executionId="334b3cbd-4d81-4726-9581-8d3f316b0026" testListId="8c84fa94-04c1-424b-9868-57a2d4851a1d" />
    <TestEntry testId="1ffb6d23-9382-82bf-a94f-751df4fc9606" executionId="821bcfcf-6000-4636-bd86-efb7c556d08d" testListId="8c84fa94-04c1-424b-9868-57a2d4851a1d" />
    <TestEntry testId="18e15aff-0710-8fc0-9205-8babade71e8a" executionId="48d03052-29d9-4fc4-b66c-7ca722110cd3" testListId="8c84fa94-04c1-424b-9868-57a2d4851a1d" />
    <TestEntry testId="1516b515-dab5-850a-a9b4-e8f4a9a1f0a8" executionId="dfa23b1e-1675-4184-968b-6627d1bde898" testListId="8c84fa94-04c1-424b-9868-57a2d4851a1d" />
    <TestEntry testId="132c8458-9c33-8809-8877-b5a4ce9dd9b8" executionId="ff328ea4-4c6d-4105-bb9b-d9acbad8d8fa" testListId="8c84fa94-04c1-424b-9868-57a2d4851a1d" />
    <TestEntry testId="17afd7d9-8286-8ee4-8cb6-f8e8167feb87" executionId="2581db58-fc8e-4dc9-8fc3-bc223e969072" testListId="8c84fa94-04c1-424b-9868-57a2d4851a1d" />
    <TestEntry testId="1837ee90-2946-81eb-b414-0058b2991707" executionId="503050bc-b6cc-45e8-89ed-d61dd84c25b9" testListId="8c84fa94-04c1-424b-9868-57a2d4851a1d" />
    <TestEntry testId="1aab7f0d-c8f9-8cb3-bf1d-a6a193185752" executionId="96fd3ad0-4e72-4c1d-9cc1-873db1ef2a0a" testListId="8c84fa94-04c1-424b-9868-57a2d4851a1d" />
    <TestEntry testId="1b7c7e8b-ba2e-809a-8321-b059bc15d223" executionId="090796a4-b0ef-4b12-898f-5d4d7583fceb" testListId="8c84fa94-04c1-424b-9868-57a2d4851a1d" />
    <TestEntry testId="1f622702-e2b6-8606-b447-bf397b3584f3" executionId="e7e43795-3627-4891-a428-87b714755063" testListId="8c84fa94-04c1-424b-9868-57a2d4851a1d" />
    <TestEntry testId="140ddd3b-79e7-8fb5-8b2d-0198b4487abf" executionId="d72ace39-8fd0-40c5-b7f7-40e4fc13ebc1" testListId="8c84fa94-04c1-424b-9868-57a2d4851a1d" />
    <TestEntry testId="12346ba6-7f75-8c4b-9cd4-06e400f620eb" executionId="76edb238-bbc0-47d8-bd10-2ba4e5f6eb72" testListId="8c84fa94-04c1-424b-9868-57a2d4851a1d" />
    <TestEntry testId="1f764aad-4555-8294-a0c9-210d4bfe439b" executionId="e6bb58cb-6ec3-408c-8520-2939144b563e" testListId="8c84fa94-04c1-424b-9868-57a2d4851a1d" />
    <TestEntry testId="133f12d0-c692-887d-b54c-f5952c343d55" executionId="bf623fd8-e187-42dc-98df-fb718ed8509b" testListId="8c84fa94-04c1-424b-9868-57a2d4851a1d" />
    <TestEntry testId="148549af-f657-8348-8ea6-5fe400ff38e5" executionId="cdf5459f-a7d5-4a91-8cc0-f05450a93c6e" testListId="8c84fa94-04c1-424b-9868-57a2d4851a1d" />
    <TestEntry testId="12ac0e85-1f54-8ce3-860b-fb5a6c60894d" executionId="aaafb299-d764-4da6-a2f0-4ff48426b25f" testListId="8c84fa94-04c1-424b-9868-57a2d4851a1d" />
    <TestEntry testId="17780e34-032f-8354-af50-03fea2d69cc1" executionId="edbe50d3-b0e8-4a4b-8412-41e48eeb8cb6" testListId="8c84fa94-04c1-424b-9868-57a2d4851a1d" />
    <TestEntry testId="17cef70f-da97-83f7-880a-1c926da7e17a" executionId="7c441f50-b6b0-4860-b0c8-41333ec51348" testListId="8c84fa94-04c1-424b-9868-57a2d4851a1d" />
    <TestEntry testId="1ac51990-f6b6-8965-9259-fde838e4b731" executionId="eb6d1acd-0720-44b8-9736-eba28f61dd89" testListId="8c84fa94-04c1-424b-9868-57a2d4851a1d" />
    <TestEntry testId="138a00d4-d882-8470-9c80-b119da3e36ac" executionId="d3b24df2-2608-46bf-8525-3a6f37500056" testListId="8c84fa94-04c1-424b-9868-57a2d4851a1d" />
    <TestEntry testId="102d6357-e0bf-8479-ae8f-fce77a56ada4" executionId="da94d561-e8d0-4eb2-ab0f-8936c03a3601" testListId="8c84fa94-04c1-424b-9868-57a2d4851a1d" />
    <TestEntry testId="1f2423bd-07b1-8adb-badc-e5c09526c10e" executionId="dc8dcc00-0edc-42a0-90f9-1abee2ce640f" testListId="8c84fa94-04c1-424b-9868-57a2d4851a1d" />
    <TestEntry testId="1864dd7e-c89e-8562-87da-1ef6f11478a7" executionId="234999ec-bbba-4e34-abb9-106e6848551c" testListId="8c84fa94-04c1-424b-9868-57a2d4851a1d" />
  </TestEntries>
  <TestLists>
    <TestList name="列表中未列出的结果" id="8c84fa94-04c1-424b-9868-57a2d4851a1d" />
    <TestList name="所有已加载的结果" id="19431567-8539-422a-85d7-44ee4e166bda" />
  </TestLists>
  <ResultSummary outcome="Completed">
    <Counters total="39" executed="39" passed="39" failed="0" error="0" timeout="0" aborted="0" inconclusive="0" passedButRunAborted="0" notRunnable="0" notExecuted="0" disconnected="0" warning="0" completed="0" inProgress="0" pending="0" />
  </ResultSummary>
</TestRun>