<?xml version="1.0" encoding="utf-8"?>
<TestRun id="814781b8-c7df-48f7-9ab1-ad44f7457e42" name="Administrator@PC-20250309WEIZ 2026-09-20 18:19:29" runUser="PC-20250309WEIZ\Administrator" xmlns="http://microsoft.com/schemas/VisualStudio/TeamTest/2010">
  <Times creation="2026-09-20T18:19:29.6592187+08:00" queuing="2026-09-20T18:19:29.6592189+08:00" start="2026-09-20T18:19:29.1326134+08:00" finish="2026-09-20T18:19:30.2358951+08:00" />
  <TestSettings name="default" id="5cb835ab-18c4-4df2-be13-da3f485909fb">
    <Deployment runDeploymentRoot="Administrator_PC-20250309WEIZ_2026-09-20_18_19_29" />
  </TestSettings>
  <Results>
    <UnitTestResult executionId="71606166-f5f0-42da-9bb9-9eda8923b50a" testId="139bc53d-ff57-8df8-a908-f77e0d189ffd" testName="Workspace_XamlContainsPreviewNavigationContract (&quot;Content=&quot;适合窗口&quot;&quot;)" computerName="PC-20250309WEIZ" duration="00:00:00.0003922" startTime="2026-09-20T18:19:29.6248106+08:00" endTime="2026-09-20T18:19:29.6252335+08:00" testType="13cdc9d9-ddb5-4fa4-a97d-d965ccfc6d4b" outcome="Passed" testListId="8c84fa94-04c1-424b-9868-57a2d4851a1d" relativeResultsDirectory="71606166-f5f0-42da-9bb9-9eda8923b50a" />
    <UnitTestResult executionId="5ccef910-01e2-4bf9-804e-f10b30e6644d" testId="1b25f9c0-3b8e-8fda-aa73-f0b5529aac1b" testName="Workspace_XamlContainsLocalAnnotationContract (&quot;不进入回收站&quot;)" computerName="PC-20250309WEIZ" duration="00:00:00.0004148" startTime="2026-09-20T18:19:29.6489525+08:00" endTime="2026-09-20T18:19:29.6493879+08:00" testType="13cdc9d9-ddb5-4fa4-a97d-d965ccfc6d4b" outcome="Passed" testListId="8c84fa94-04c1-424b-9868-57a2d4851a1d" relativeResultsDirectory="5ccef910-01e2-4bf9-804e-f10b30e6644d" />
    <UnitTestResult executionId="f2f86ce2-735e-4fe8-8428-beb1afd7ef4d" testId="1dba8fee-91a4-8bdb-b8c2-6b9adc541fda" testName="ExifService_MissingMetadataShowsNotProvidedAndHidesNothingByFabrication" computerName="PC-20250309WEIZ" duration="00:00:00.0218500" startTime="2026-09-20T18:19:29.7927809+08:00" endTime="2026-09-20T18:19:29.8146842+08:00" testType="13cdc9d9-ddb5-4fa4-a97d-d965ccfc6d4b" outcome="Passed" testListId="8c84fa94-04c1-424b-9868-57a2d4851a1d" relativeResultsDirectory="f2f86ce2-735e-4fe8-8428-beb1afd7ef4d" />
    <UnitTestResult executionId="c57cfe48-2cc3-44da-83bc-b7104bdd7f40" testId="1246a133-61f6-8dc6-be4d-d6e4de96a80b" testName="Workspace_XamlContainsAnalysisCompareReferenceAndGuideContract (&quot;重叠比较&quot;)" computerName="PC-20250309WEIZ" duration="00:00:00.0005518" startTime="2026-09-20T18:19:29.6383791+08:00" endTime="2026-09-20T18:19:29.6389482+08:00" testType="13cdc9d9-ddb5-4fa4-a97d-d965ccfc6d4b" outcome="Passed" testListId="8c84fa94-04c1-424b-9868-57a2d4851a1d" relativeResultsDirectory="c57cfe48-2cc3-44da-83bc-b7104bdd7f40" />
    <UnitTestResult executionId="b7379007-f7e0-48b9-bd9d-0ce87bdc50a7" testId="1027a7a8-bf9a-8f8b-b1e8-481bbcc1804c" testName="Workspace_XamlContainsAnalysisCompareReferenceAndGuideContract (&quot;并排比较&quot;)" computerName="PC-20250309WEIZ" duration="00:00:00.0005704" startTime="2026-09-20T18:19:29.6377789+08:00" endTime="2026-09-20T18:19:29.6383677+08:00" testType="13cdc9d9-ddb5-4fa4-a97d-d965ccfc6d4b" outcome="Passed" testListId="8c84fa94-04c1-424b-9868-57a2d4851a1d" relativeResultsDirectory="b7379007-f7e0-48b9-bd9d-0ce87bdc50a7" />
    <UnitTestResult executionId="5e37901c-1b19-4180-a962-b493146e2576" testId="17980955-b948-8fce-8c2f-695bf1142de6" testName="MonitoringLogsAndDiagnosticsExcludePrivateContent" computerName="PC-20250309WEIZ" duration="00:00:00.0004130" startTime="2026-09-20T18:19:30.1799855+08:00" endTime="2026-09-20T18:19:30.1814507+08:00" testType="13cdc9d9-ddb5-4fa4-a97d-d965ccfc6d4b" outcome="Passed" testListId="8c84fa94-04c1-424b-9868-57a2d4851a1d" relativeResultsDirectory="5e37901c-1b19-4180-a962-b493146e2576" />
    <UnitTestResult executionId="d5af148d-d1c0-403b-930a-8fc37535f3d3" testId="11b0af94-e9c0-8c86-9010-77275322f10d" testName="Workspace_XamlContainsAnalysisCompareReferenceAndGuideContract (&quot;RGB直方图&quot;)" computerName="PC-20250309WEIZ" duration="00:00:00.0007418" startTime="2026-09-20T18:19:29.6304633+08:00" endTime="2026-09-20T18:19:29.6312386+08:00" testType="13cdc9d9-ddb5-4fa4-a97d-d965ccfc6d4b" outcome="Passed" testListId="8c84fa94-04c1-424b-9868-57a2d4851a1d" relativeResultsDirectory="d5af148d-d1c0-403b-930a-8fc37535f3d3" />
    <UnitTestResult executionId="ac182313-9735-4b71-9285-891d6a35c3cd" testId="1bd72bdc-665e-80f7-8791-4ff0dd6a238d" testName="Workspace_XamlContainsThreeColumnAndVirtualizationContract (&quot;InspectorColumn&quot;)" computerName="PC-20250309WEIZ" duration="00:00:00.0002826" startTime="2026-09-20T18:19:29.6004534+08:00" endTime="2026-09-20T18:19:29.6007587+08:00" testType="13cdc9d9-ddb5-4fa4-a97d-d965ccfc6d4b" outcome="Passed" testListId="8c84fa94-04c1-424b-9868-57a2d4851a1d" relativeResultsDirectory="ac182313-9735-4b71-9285-891d6a35c3cd" />
    <UnitTestResult executionId="c4241c56-9f0d-47fe-9631-44a66cd7b942" testId="11a056e2-8627-855e-95d5-9df260180064" testName="ViewModel_HundredIncomingAssetsRemainAvailableForMonitoring" computerName="PC-20250309WEIZ" duration="00:00:00.0258268" startTime="2026-09-20T18:19:30.1494536+08:00" endTime="2026-09-20T18:19:30.1753422+08:00" testType="13cdc9d9-ddb5-4fa4-a97d-d965ccfc6d4b" outcome="Passed" testListId="8c84fa94-04c1-424b-9868-57a2d4851a1d" relativeResultsDirectory="c4241c56-9f0d-47fe-9631-44a66cd7b942" />
    <UnitTestResult executionId="596c5e39-3dbb-47f2-a78f-c82f6f5434a7" testId="1bb588e4-fb49-8363-b27d-466739efa264" testName="Histogram_ComputesRgbAndLuminanceOffUiThreadCompatibleBitmap" computerName="PC-20250309WEIZ" duration="00:00:00.0044251" startTime="2026-09-20T18:19:29.7727821+08:00" endTime="2026-09-20T18:19:29.7772505+08:00" testType="13cdc9d9-ddb5-4fa4-a97d-d965ccfc6d4b" outcome="Passed" testListId="8c84fa94-04c1-424b-9868-57a2d4851a1d" relativeResultsDirectory="596c5e39-3dbb-47f2-a78f-c82f6f5434a7" />
    <UnitTestResult executionId="0ce48702-6e2b-44d5-867b-7d842f1ba099" testId="15d29956-0455-89c2-8f84-0fb6d1726b91" testName="Workspace_XamlContainsLocalAnnotationContract (&quot;只设置本地拒绝标记&quot;)" computerName="PC-20250309WEIZ" duration="00:00:00.0003997" startTime="2026-09-20T18:19:29.6493996+08:00" endTime="2026-09-20T18:19:29.6498153+08:00" testType="13cdc9d9-ddb5-4fa4-a97d-d965ccfc6d4b" outcome="Passed" testListId="8c84fa94-04c1-424b-9868-57a2d4851a1d" relativeResultsDirectory="0ce48702-6e2b-44d5-867b-7d842f1ba099" />
    <UnitTestResult executionId="483b918d-9304-4922-b710-57e88989b9e1" testId="1fb4590e-8762-8f64-8815-19c1d292f79e" testName="Workspace_XamlContainsAnalysisCompareReferenceAndGuideContract (&quot;三分法&quot;)" computerName="PC-20250309WEIZ" duration="00:00:00.0005731" startTime="2026-09-20T18:19:29.6432501+08:00" endTime="2026-09-20T18:19:29.6439020+08:00" testType="13cdc9d9-ddb5-4fa4-a97d-d965ccfc6d4b" outcome="Passed" testListId="8c84fa94-04c1-424b-9868-57a2d4851a1d" relativeResultsDirectory="483b918d-9304-4922-b710-57e88989b9e1" />
    <UnitTestResult executionId="fd109016-5475-448d-afa1-e55b97bc66e1" testId="148001be-118c-8e27-98d5-f63904623da8" testName="Workspace_XamlContainsThreeColumnAndVirtualizationContract (&quot;VirtualizingPanel.IsVirtualizing=&quot;True&quot;&quot;)" computerName="PC-20250309WEIZ" duration="00:00:00.0002508" startTime="2026-09-20T18:19:29.6010686+08:00" endTime="2026-09-20T18:19:29.6013346+08:00" testType="13cdc9d9-ddb5-4fa4-a97d-d965ccfc6d4b" outcome="Passed" testListId="8c84fa94-04c1-424b-9868-57a2d4851a1d" relativeResultsDirectory="fd109016-5475-448d-afa1-e55b97bc66e1" />
    <UnitTestResult executionId="0e660a06-1b17-454b-9f6e-303a478ec844" testId="16e0cb41-62ad-874c-b505-4d5897565b59" testName="Workspace_XamlContainsPreviewNavigationContract (&quot;Content=&quot;100%&quot;&quot;)" computerName="PC-20250309WEIZ" duration="00:00:00.0002747" startTime="2026-09-20T18:19:29.6257244+08:00" endTime="2026-09-20T18:19:29.6260232+08:00" testType="13cdc9d9-ddb5-4fa4-a97d-d965ccfc6d4b" outcome="Passed" testListId="8c84fa94-04c1-424b-9868-57a2d4851a1d" relativeResultsDirectory="0e660a06-1b17-454b-9f6e-303a478ec844" />
    <UnitTestResult executionId="96f88207-ade4-48f1-8590-386d7b45064f" testId="139ab4f0-5572-8510-aba3-d0408fc87c28" testName="ViewModel_OneThousandAssetsAreIncrementalAndKeepItemInstances" computerName="PC-20250309WEIZ" duration="00:00:00.2766904" startTime="2026-09-20T18:19:29.8726679+08:00" endTime="2026-09-20T18:19:30.1494180+08:00" testType="13cdc9d9-ddb5-4fa4-a97d-d965ccfc6d4b" outcome="Passed" testListId="8c84fa94-04c1-424b-9868-57a2d4851a1d" relativeResultsDirectory="96f88207-ade4-48f1-8590-386d7b45064f" />
    <UnitTestResult executionId="6d7b1e2a-c55a-44bb-ad1d-3fd91d896ae6" testId="1217b941-ffc3-836e-8c6b-f28b6f1007b7" testName="PreviewLoader_LoadsProxyAndReleasesProxyFile" computerName="PC-20250309WEIZ" duration="00:00:00.0843698" startTime="2026-09-20T18:19:29.6539250+08:00" endTime="2026-09-20T18:19:29.7397127+08:00" testType="13cdc9d9-ddb5-4fa4-a97d-d965ccfc6d4b" outcome="Passed" testListId="8c84fa94-04c1-424b-9868-57a2d4851a1d" relativeResultsDirectory="6d7b1e2a-c55a-44bb-ad1d-3fd91d896ae6" />
    <UnitTestResult executionId="c9b702d1-077a-4c93-8267-4f277d723731" testId="1147730f-8658-87a9-980a-fca1ce9ce1e8" testName="FullResolutionLoader_UsesOnLoadAndReleasesSourceFile" computerName="PC-20250309WEIZ" duration="00:00:00.0124260" startTime="2026-09-20T18:19:29.7397522+08:00" endTime="2026-09-20T18:19:29.7522666+08:00" testType="13cdc9d9-ddb5-4fa4-a97d-d965ccfc6d4b" outcome="Passed" testListId="8c84fa94-04c1-424b-9868-57a2d4851a1d" relativeResultsDirectory="c9b702d1-077a-4c93-8267-4f277d723731" />
    <UnitTestResult executionId="efaf6e21-dcce-40be-8255-e0f40324e25a" testId="140d1c1e-0ba3-8b75-87b4-9abf95a4b92e" testName="Workspace_XamlContainsLocalAnnotationContract (&quot;SetRatingCommand&quot;)" computerName="PC-20250309WEIZ" duration="00:00:00.0005058" startTime="2026-09-20T18:19:29.6498255+08:00" endTime="2026-09-20T18:19:29.6503492+08:00" testType="13cdc9d9-ddb5-4fa4-a97d-d965ccfc6d4b" outcome="Passed" testListId="8c84fa94-04c1-424b-9868-57a2d4851a1d" relativeResultsDirectory="efaf6e21-dcce-40be-8255-e0f40324e25a" />
    <UnitTestResult executionId="c2a93a37-f9b7-449e-b6bb-b81d6bdbf836" testId="15e8c3ba-f93a-89f6-bb8d-2e5c130a3866" testName="FullscreenImplementation_HidesShellWithoutStoppingWatchSession" computerName="PC-20250309WEIZ" duration="00:00:00.0009703" startTime="2026-09-20T18:19:30.1753784+08:00" endTime="2026-09-20T18:19:30.1763973+08:00" testType="13cdc9d9-ddb5-4fa4-a97d-d965ccfc6d4b" outcome="Passed" testListId="8c84fa94-04c1-424b-9868-57a2d4851a1d" relativeResultsDirectory="c2a93a37-f9b7-449e-b6bb-b81d6bdbf836" />
    <UnitTestResult executionId="2989ec9d-a442-4811-b999-e2163e1f5aea" testId="14b366af-5a1a-8b1d-a796-815f3af0c09e" testName="Histogram_HonorsCancellation" computerName="PC-20250309WEIZ" duration="00:00:00.0052961" startTime="2026-09-20T18:19:29.7772869+08:00" endTime="2026-09-20T18:19:29.7826416+08:00" testType="13cdc9d9-ddb5-4fa4-a97d-d965ccfc6d4b" outcome="Passed" testListId="8c84fa94-04c1-424b-9868-57a2d4851a1d" relativeResultsDirectory="2989ec9d-a442-4811-b999-e2163e1f5aea" />
    <UnitTestResult executionId="8a741886-e4b0-486e-b0a0-032634d5abf5" testId="1e8e5d81-5bef-8bca-8a75-535126c4ae25" testName="Workspace_XamlContainsLocalAnnotationContract (&quot;摄影师备注&quot;)" computerName="PC-20250309WEIZ" duration="00:00:00.0005292" startTime="2026-09-20T18:19:29.6444479+08:00" endTime="2026-09-20T18:19:29.6450069+08:00" testType="13cdc9d9-ddb5-4fa4-a97d-d965ccfc6d4b" outcome="Passed" testListId="8c84fa94-04c1-424b-9868-57a2d4851a1d" relativeResultsDirectory="8a741886-e4b0-486e-b0a0-032634d5abf5" />
    <UnitTestResult executionId="1f2f13ad-9054-47c0-b01e-599429679db0" testId="1d755015-2c0e-825e-9454-b2dcd926ad0e" testName="Workspace_XamlContainsAnalysisCompareReferenceAndGuideContract (&quot;阴影警告&quot;)" computerName="PC-20250309WEIZ" duration="00:00:00.0005624" startTime="2026-09-20T18:19:29.6371820+08:00" endTime="2026-09-20T18:19:29.6377660+08:00" testType="13cdc9d9-ddb5-4fa4-a97d-d965ccfc6d4b" outcome="Passed" testListId="8c84fa94-04c1-424b-9868-57a2d4851a1d" relativeResultsDirectory="1f2f13ad-9054-47c0-b01e-599429679db0" />
    <UnitTestResult executionId="ff642ae8-ca60-4d82-8200-2213ec44d376" testId="1e213a93-d6f2-8172-a1d8-dde553210504" testName="OrdinaryPagesTaskCompletionAndProviderSafetyRemainWired" computerName="PC-20250309WEIZ" duration="00:00:00.0012909" startTime="2026-09-20T18:19:30.1786323+08:00" endTime="2026-09-20T18:19:30.1799626+08:00" testType="13cdc9d9-ddb5-4fa4-a97d-d965ccfc6d4b" outcome="Passed" testListId="8c84fa94-04c1-424b-9868-57a2d4851a1d" relativeResultsDirectory="ff642ae8-ca60-4d82-8200-2213ec44d376" />
    <UnitTestResult executionId="ca9a2da1-172f-4c1f-8a54-a2d13dffcc66" testId="18c39a28-f5a9-8318-9c35-02e606668d2f" testName="PreviewRequestCoordinator_CancelsOldRequestAndRejectsOldWriteback" computerName="PC-20250309WEIZ" duration="00:00:00.0007342" startTime="2026-09-20T18:19:29.7717278+08:00" endTime="2026-09-20T18:19:29.7725060+08:00" testType="13cdc9d9-ddb5-4fa4-a97d-d965ccfc6d4b" outcome="Passed" testListId="8c84fa94-04c1-424b-9868-57a2d4851a1d" relativeResultsDirectory="ca9a2da1-172f-4c1f-8a54-a2d13dffcc66" />
    <UnitTestResult executionId="42def572-97f3-40c6-9c99-1f1020580f91" testId="114e29b4-2209-88a6-b42b-abdf754e08b5" testName="Workspace_XamlContainsThreeColumnAndVirtualizationContract (&quot;ThumbnailColumn&quot;)" computerName="PC-20250309WEIZ" duration="00:00:00.0006045" startTime="2026-09-20T18:19:29.5988794+08:00" endTime="2026-09-20T18:19:29.5997482+08:00" testType="13cdc9d9-ddb5-4fa4-a97d-d965ccfc6d4b" outcome="Passed" testListId="8c84fa94-04c1-424b-9868-57a2d4851a1d" relativeResultsDirectory="42def572-97f3-40c6-9c99-1f1020580f91" />
    <UnitTestResult executionId="70f36647-26bf-496d-82f5-6b950f8fe8a1" testId="19cf20bb-7137-81e0-bd86-a1eb13cfe2a3" testName="ClippingOverlay_MarksHighlightsAndShadowsWithoutChangingSource" computerName="PC-20250309WEIZ" duration="00:00:00.0041845" startTime="2026-09-20T18:19:29.7834246+08:00" endTime="2026-09-20T18:19:29.7876988+08:00" testType="13cdc9d9-ddb5-4fa4-a97d-d965ccfc6d4b" outcome="Passed" testListId="8c84fa94-04c1-424b-9868-57a2d4851a1d" relativeResultsDirectory="70f36647-26bf-496d-82f5-6b950f8fe8a1" />
    <UnitTestResult executionId="76dd2ca7-9d1a-4258-9794-4119b29c979a" testId="1e09c936-1470-8409-9ab8-6b2413e5f8a4" testName="Workspace_XamlContainsThreeColumnAndVirtualizationContract (&quot;ThumbnailItem_Unloaded&quot;)" computerName="PC-20250309WEIZ" duration="00:00:00.0004190" startTime="2026-09-20T18:19:29.6242995+08:00" endTime="2026-09-20T18:19:29.6247808+08:00" testType="13cdc9d9-ddb5-4fa4-a97d-d965ccfc6d4b" outcome="Passed" testListId="8c84fa94-04c1-424b-9868-57a2d4851a1d" relativeResultsDirectory="76dd2ca7-9d1a-4258-9794-4119b29c979a" />
    <UnitTestResult executionId="75df62b2-dd9c-4547-a1dc-2ceb328274ae" testId="14ac9f82-f9fa-84ac-9385-76c9a39956d2" testName="Workspace_XamlContainsPreviewNavigationContract (&quot;PreviewImage_MouseLeftButtonDown&quot;)" computerName="PC-20250309WEIZ" duration="00:00:00.0002377" startTime="2026-09-20T18:19:29.6263156+08:00" endTime="2026-09-20T18:19:29.6265682+08:00" testType="13cdc9d9-ddb5-4fa4-a97d-d965ccfc6d4b" outcome="Passed" testListId="8c84fa94-04c1-424b-9868-57a2d4851a1d" relativeResultsDirectory="75df62b2-dd9c-4547-a1dc-2ceb328274ae" />
    <UnitTestResult executionId="5cea0995-04a4-45ed-941f-cf2dcee3cd50" testId="1753c481-df87-863b-b7f4-e96b7abe84f4" testName="Workspace_XamlContainsLocalAnnotationContract (&quot;快速拒绝 / 取消&quot;)" computerName="PC-20250309WEIZ" duration="00:00:00.0004809" startTime="2026-09-20T18:19:29.6484294+08:00" endTime="2026-09-20T18:19:29.6489391+08:00" testType="13cdc9d9-ddb5-4fa4-a97d-d965ccfc6d4b" outcome="Passed" testListId="8c84fa94-04c1-424b-9868-57a2d4851a1d" relativeResultsDirectory="5cea0995-04a4-45ed-941f-cf2dcee3cd50" />
    <UnitTestResult executionId="c7210c09-e565-41c9-ae90-82316212147e" testId="164145db-78de-8a5f-ad85-1324451e43c4" testName="ExifService_CorruptMetadataDoesNotThrow" computerName="PC-20250309WEIZ" duration="00:00:00.0034041" startTime="2026-09-20T18:19:29.8147241+08:00" endTime="2026-09-20T18:19:29.8181856+08:00" testType="13cdc9d9-ddb5-4fa4-a97d-d965ccfc6d4b" outcome="Passed" testListId="8c84fa94-04c1-424b-9868-57a2d4851a1d" relativeResultsDirectory="c7210c09-e565-41c9-ae90-82316212147e" />
    <UnitTestResult executionId="71a88dfa-a535-47e4-b1b6-20e4b863b4e8" testId="1f1ac8ce-9ce9-893e-9c75-51ffb6c77823" testName="Workspace_XamlContainsAnalysisCompareReferenceAndGuideContract (&quot;基于监看代理图；不是RAW显影结果&quot;)" computerName="PC-20250309WEIZ" duration="00:00:00.0052733" startTime="2026-09-20T18:19:29.6312571+08:00" endTime="2026-09-20T18:19:29.6365762+08:00" testType="13cdc9d9-ddb5-4fa4-a97d-d965ccfc6d4b" outcome="Passed" testListId="8c84fa94-04c1-424b-9868-57a2d4851a1d" relativeResultsDirectory="71a88dfa-a535-47e4-b1b6-20e4b863b4e8" />
    <UnitTestResult executionId="a8e3e896-fb5d-4cb7-a38e-b00be732f3b5" testId="1d8a1ca8-8b39-8b34-9b53-4479a981bc27" testName="Workspace_XamlContainsLocalAnnotationContract (&quot;客户备注&quot;)" computerName="PC-20250309WEIZ" duration="00:00:00.0026817" startTime="2026-09-20T18:19:29.6450232+08:00" endTime="2026-09-20T18:19:29.6477397+08:00" testType="13cdc9d9-ddb5-4fa4-a97d-d965ccfc6d4b" outcome="Passed" testListId="8c84fa94-04c1-424b-9868-57a2d4851a1d" relativeResultsDirectory="a8e3e896-fb5d-4cb7-a38e-b00be732f3b5" />
    <UnitTestResult executionId="e5594ec3-6de0-42fe-b3f9-7bab611bd95d" testId="1443cf83-8fd1-83dd-9e7b-95918c1542be" testName="Workspace_XamlContainsPreviewNavigationContract (&quot;Content=&quot;上一张  ←&quot;&quot;)" computerName="PC-20250309WEIZ" duration="00:00:00.0002310" startTime="2026-09-20T18:19:29.6265776+08:00" endTime="2026-09-20T18:19:29.6268225+08:00" testType="13cdc9d9-ddb5-4fa4-a97d-d965ccfc6d4b" outcome="Passed" testListId="8c84fa94-04c1-424b-9868-57a2d4851a1d" relativeResultsDirectory="e5594ec3-6de0-42fe-b3f9-7bab611bd95d" />
    <UnitTestResult executionId="6b6be737-2546-4d0e-b526-5e3a198d4323" testId="1151597b-494a-8062-9688-5fdd3facaa0f" testName="Workspace_XamlContainsAnalysisCompareReferenceAndGuideContract (&quot;9:16&quot;)" computerName="PC-20250309WEIZ" duration="00:00:00.0004705" startTime="2026-09-20T18:19:29.6439246+08:00" endTime="2026-09-20T18:19:29.6444284+08:00" testType="13cdc9d9-ddb5-4fa4-a97d-d965ccfc6d4b" outcome="Passed" testListId="8c84fa94-04c1-424b-9868-57a2d4851a1d" relativeResultsDirectory="6b6be737-2546-4d0e-b526-5e3a198d4323" />
    <UnitTestResult executionId="8a867d6e-c9f3-426f-9972-341b08ca5c17" testId="161bb52c-a452-8028-85f4-ff0d760a7862" testName="RawPreview_UsesPairedJpgWithoutDecodingRaw" computerName="PC-20250309WEIZ" duration="00:00:00.0158808" startTime="2026-09-20T18:19:29.7523076+08:00" endTime="2026-09-20T18:19:29.7682500+08:00" testType="13cdc9d9-ddb5-4fa4-a97d-d965ccfc6d4b" outcome="Passed" testListId="8c84fa94-04c1-424b-9868-57a2d4851a1d" relativeResultsDirectory="8a867d6e-c9f3-426f-9972-341b08ca5c17" />
    <UnitTestResult executionId="da2d1170-02a6-4ca7-9762-a5ae392c94f6" testId="1e1e322c-a952-8a77-9f0b-56713768cd81" testName="Workspace_XamlContainsPreviewNavigationContract (&quot;AutomationProperties.Name=&quot;全屏监看&quot;&quot;)" computerName="PC-20250309WEIZ" duration="00:00:00.0002530" startTime="2026-09-20T18:19:29.6270792+08:00" endTime="2026-09-20T18:19:29.6273470+08:00" testType="13cdc9d9-ddb5-4fa4-a97d-d965ccfc6d4b" outcome="Passed" testListId="8c84fa94-04c1-424b-9868-57a2d4851a1d" relativeResultsDirectory="da2d1170-02a6-4ca7-9762-a5ae392c94f6" />
    <UnitTestResult executionId="807aaf05-e771-43f7-b552-4191f07bb91b" testId="1303cc2d-0359-83b9-a460-edc114a98019" testName="Workspace_XamlContainsThreeColumnAndVirtualizationContract (&quot;InspectorDrawer&quot;)" computerName="PC-20250309WEIZ" duration="00:00:00.0002675" startTime="2026-09-20T18:19:29.6007718+08:00" endTime="2026-09-20T18:19:29.6010581+08:00" testType="13cdc9d9-ddb5-4fa4-a97d-d965ccfc6d4b" outcome="Passed" testListId="8c84fa94-04c1-424b-9868-57a2d4851a1d" relativeResultsDirectory="807aaf05-e771-43f7-b552-4191f07bb91b" />
    <UnitTestResult executionId="daa81b37-fcdf-43e9-84bb-80a5b503fcd5" testId="1fba0f9f-180e-8891-bb02-bbb4bd551a8d" testName="Workspace_XamlContainsThreeColumnAndVirtualizationContract (&quot;MinWidth=&quot;640&quot;&quot;)" computerName="PC-20250309WEIZ" duration="00:00:00.0003557" startTime="2026-09-20T18:19:29.6000385+08:00" endTime="2026-09-20T18:19:29.6004347+08:00" testType="13cdc9d9-ddb5-4fa4-a97d-d965ccfc6d4b" outcome="Passed" testListId="8c84fa94-04c1-424b-9868-57a2d4851a1d" relativeResultsDirectory="daa81b37-fcdf-43e9-84bb-80a5b503fcd5" />
    <UnitTestResult executionId="5be52d66-0fc3-4f58-8058-91a6f6525c05" testId="11ef9b29-c6c9-8fcb-8384-2b73b5e97fd7" testName="RawPreview_WithoutPairReturnsPlaceholder" computerName="PC-20250309WEIZ" duration="00:00:00.0033573" startTime="2026-09-20T18:19:29.7682850+08:00" endTime="2026-09-20T18:19:29.7716963+08:00" testType="13cdc9d9-ddb5-4fa4-a97d-d965ccfc6d4b" outcome="Passed" testListId="8c84fa94-04c1-424b-9868-57a2d4851a1d" relativeResultsDirectory="5be52d66-0fc3-4f58-8058-91a6f6525c05" />
    <UnitTestResult executionId="8b4348d6-378e-4174-af93-f53187299378" testId="1a7135e1-99f9-829c-98b5-1177ef4954d1" testName="Workspace_ReadOnlyPreviewProgressBindingIsOneWay" computerName="PC-20250309WEIZ" duration="00:00:00.0005119" startTime="2026-09-20T18:19:29.6286813+08:00" endTime="2026-09-20T18:19:29.6304425+08:00" testType="13cdc9d9-ddb5-4fa4-a97d-d965ccfc6d4b" outcome="Passed" testListId="8c84fa94-04c1-424b-9868-57a2d4851a1d" relativeResultsDirectory="8b4348d6-378e-4174-af93-f53187299378" />
    <UnitTestResult executionId="3ba4933a-3d95-4bda-91b9-45f38ae03458" testId="14e80d9f-c115-8a73-94a5-f19fe6f3f556" testName="Workspace_XamlContainsPreviewNavigationContract (&quot;MouseWheel=&quot;PreviewViewport_MouseWheel&quot;&quot;)" computerName="PC-20250309WEIZ" duration="00:00:00.0002518" startTime="2026-09-20T18:19:29.6260354+08:00" endTime="2026-09-20T18:19:29.6263046+08:00" testType="13cdc9d9-ddb5-4fa4-a97d-d965ccfc6d4b" outcome="Passed" testListId="8c84fa94-04c1-424b-9868-57a2d4851a1d" relativeResultsDirectory="3ba4933a-3d95-4bda-91b9-45f38ae03458" />
    <UnitTestResult executionId="a64ef4c6-4420-475d-8d61-e2115e965e75" testId="14ae8f3d-f559-887c-a669-d14802942243" testName="PreviewRequestCoordinator_FiftyFastSwitchesLeaveOnlyNewestCurrent" computerName="PC-20250309WEIZ" duration="00:00:00.0001940" startTime="2026-09-20T18:19:29.7725368+08:00" endTime="2026-09-20T18:19:29.7727650+08:00" testType="13cdc9d9-ddb5-4fa4-a97d-d965ccfc6d4b" outcome="Passed" testListId="8c84fa94-04c1-424b-9868-57a2d4851a1d" relativeResultsDirectory="a64ef4c6-4420-475d-8d61-e2115e965e75" />
    <UnitTestResult executionId="c4660749-c70c-46d9-a67e-41307ff788bd" testId="12a54204-23a0-84c4-b781-4aeaf50e4304" testName="FullResolutionMemoryManager_UsesBoundedLruAndReleasesOldImages" computerName="PC-20250309WEIZ" duration="00:00:00.0049341" startTime="2026-09-20T18:19:29.7877489+08:00" endTime="2026-09-20T18:19:29.7927488+08:00" testType="13cdc9d9-ddb5-4fa4-a97d-d965ccfc6d4b" outcome="Passed" testListId="8c84fa94-04c1-424b-9868-57a2d4851a1d" relativeResultsDirectory="c4660749-c70c-46d9-a67e-41307ff788bd" />
    <UnitTestResult executionId="e9f3180d-8e2f-4399-ba0f-50d33de657fa" testId="1bc38f96-d6bd-8160-ae92-e9ac005a0bf6" testName="Workspace_XamlContainsAnalysisCompareReferenceAndGuideContract (&quot;高光警告&quot;)" computerName="PC-20250309WEIZ" duration="00:00:00.0005158" startTime="2026-09-20T18:19:29.6366100+08:00" endTime="2026-09-20T18:19:29.6371673+08:00" testType="13cdc9d9-ddb5-4fa4-a97d-d965ccfc6d4b" outcome="Passed" testListId="8c84fa94-04c1-424b-9868-57a2d4851a1d" relativeResultsDirectory="e9f3180d-8e2f-4399-ba0f-50d33de657fa" />
    <UnitTestResult executionId="f5168618-318a-4860-9ad2-dc8b57e383ef" testId="1dd52893-ef79-8436-b707-78dabad33aa0" testName="Workspace_XamlContainsLocalAnnotationContract (&quot;客户收藏&quot;)" computerName="PC-20250309WEIZ" duration="00:00:00.0006028" startTime="2026-09-20T18:19:29.6477636+08:00" endTime="2026-09-20T18:19:29.6484082+08:00" testType="13cdc9d9-ddb5-4fa4-a97d-d965ccfc6d4b" outcome="Passed" testListId="8c84fa94-04c1-424b-9868-57a2d4851a1d" relativeResultsDirectory="f5168618-318a-4860-9ad2-dc8b57e383ef" />
    <UnitTestResult executionId="0c94a6c6-7400-440b-a800-c1d438ef719f" testId="1fe43bfb-7a57-8c89-9cf3-3129908e75b1" testName="Workspace_XamlContainsAnalysisCompareReferenceAndGuideContract (&quot;闪烁对比&quot;)" computerName="PC-20250309WEIZ" duration="00:00:00.0027985" startTime="2026-09-20T18:19:29.6389585+08:00" endTime="2026-09-20T18:19:29.6417894+08:00" testType="13cdc9d9-ddb5-4fa4-a97d-d965ccfc6d4b" outcome="Passed" testListId="8c84fa94-04c1-424b-9868-57a2d4851a1d" relativeResultsDirectory="0c94a6c6-7400-440b-a800-c1d438ef719f" />
    <UnitTestResult executionId="e522de70-59f7-4320-b856-2627f71af9bb" testId="1c8cc87d-79ff-88e8-8171-251876c5e30b" testName="MonitoringImplementation_PreservesWatchFolderAndFileSafetyBoundaries" computerName="PC-20250309WEIZ" duration="00:00:00.0015150" startTime="2026-09-20T18:19:30.1764248+08:00" endTime="2026-09-20T18:19:30.1779781+08:00" testType="13cdc9d9-ddb5-4fa4-a97d-d965ccfc6d4b" outcome="Passed" testListId="8c84fa94-04c1-424b-9868-57a2d4851a1d" relativeResultsDirectory="e522de70-59f7-4320-b856-2627f71af9bb" />
    <UnitTestResult executionId="549b7a36-d564-465d-adc6-7cac949f2304" testId="10265576-0e3f-8efa-bfcc-2b01bb325e2e" testName="Workspace_XamlContainsPreviewNavigationContract (&quot;Content=&quot;填满窗口&quot;&quot;)" computerName="PC-20250309WEIZ" duration="00:00:00.0004246" startTime="2026-09-20T18:19:29.6252522+08:00" endTime="2026-09-20T18:19:29.6257061+08:00" testType="13cdc9d9-ddb5-4fa4-a97d-d965ccfc6d4b" outcome="Passed" testListId="8c84fa94-04c1-424b-9868-57a2d4851a1d" relativeResultsDirectory="549b7a36-d564-465d-adc6-7cac949f2304" />
    <UnitTestResult executionId="25a45fd8-c95c-4d10-ae11-dc7ef7aae282" testId="189845ca-d92a-8f77-8984-594c524a29a8" testName="Workspace_XamlContainsLocalAnnotationContract (&quot;SetColorLabelCommand&quot;)" computerName="PC-20250309WEIZ" duration="00:00:00.0027798" startTime="2026-09-20T18:19:29.6510666+08:00" endTime="2026-09-20T18:19:29.6538934+08:00" testType="13cdc9d9-ddb5-4fa4-a97d-d965ccfc6d4b" outcome="Passed" testListId="8c84fa94-04c1-424b-9868-57a2d4851a1d" relativeResultsDirectory="25a45fd8-c95c-4d10-ae11-dc7ef7aae282" />
    <UnitTestResult executionId="2adbd910-3b80-46a6-9094-01ccb225ecc1" testId="122ec09f-4aab-83f0-aa63-978645d427de" testName="Workspace_XamlContainsPreviewNavigationContract (&quot;Content=&quot;下一张  →&quot;&quot;)" computerName="PC-20250309WEIZ" duration="00:00:00.0002262" startTime="2026-09-20T18:19:29.6268314+08:00" endTime="2026-09-20T18:19:29.6270710+08:00" testType="13cdc9d9-ddb5-4fa4-a97d-d965ccfc6d4b" outcome="Passed" testListId="8c84fa94-04c1-424b-9868-57a2d4851a1d" relativeResultsDirectory="2adbd910-3b80-46a6-9094-01ccb225ecc1" />
    <UnitTestResult executionId="7e8ed5d7-3551-45d1-a4e3-c11d8a7f6ae2" testId="1c5af36f-8b48-8012-80cd-a1f7fdff4d96" testName="Workspace_XamlContainsAnalysisCompareReferenceAndGuideContract (&quot;参考图叠加&quot;)" computerName="PC-20250309WEIZ" duration="00:00:00.0005481" startTime="2026-09-20T18:19:29.6418202+08:00" endTime="2026-09-20T18:19:29.6424100+08:00" testType="13cdc9d9-ddb5-4fa4-a97d-d965ccfc6d4b" outcome="Passed" testListId="8c84fa94-04c1-424b-9868-57a2d4851a1d" relativeResultsDirectory="7e8ed5d7-3551-45d1-a4e3-c11d8a7f6ae2" />
    <UnitTestResult executionId="51d5fafa-90af-4f81-80f2-3766658da549" testId="16389d71-3de0-83fb-b245-c88b6edee008" testName="Workspace_XamlContainsThreeColumnAndVirtualizationContract (&quot;ScrollUnit=&quot;Pixel&quot;&quot;)" computerName="PC-20250309WEIZ" duration="00:00:00.0002273" startTime="2026-09-20T18:19:29.6016008+08:00" endTime="2026-09-20T18:19:29.6018403+08:00" testType="13cdc9d9-ddb5-4fa4-a97d-d965ccfc6d4b" outcome="Passed" testListId="8c84fa94-04c1-424b-9868-57a2d4851a1d" relativeResultsDirectory="51d5fafa-90af-4f81-80f2-3766658da549" />
    <UnitTestResult executionId="d5ac68af-5d6a-4bc0-adcf-0e67a1e0da7c" testId="15765501-c22d-86ff-b8d7-04f1089b9b0c" testName="DisplaySettingsStore_RoundTripsReferenceAndGuideWithoutDatabase" computerName="PC-20250309WEIZ" duration="00:00:00.0543507" startTime="2026-09-20T18:19:29.8182186+08:00" endTime="2026-09-20T18:19:29.8726302+08:00" testType="13cdc9d9-ddb5-4fa4-a97d-d965ccfc6d4b" outcome="Passed" testListId="8c84fa94-04c1-424b-9868-57a2d4851a1d" relativeResultsDirectory="d5ac68af-5d6a-4bc0-adcf-0e67a1e0da7c" />
    <UnitTestResult executionId="a912578b-786e-4225-ae5f-54c7b4a289b4" testId="1e84bdfc-7116-895e-9096-a1c88c81881e" testName="Workspace_XamlContainsThreeColumnAndVirtualizationContract (&quot;Grid.ColumnDefinitions&quot;)" computerName="PC-20250309WEIZ" duration="00:00:00.0052110" startTime="2026-09-20T18:19:29.5759175+08:00" endTime="2026-09-20T18:19:29.5953273+08:00" testType="13cdc9d9-ddb5-4fa4-a97d-d965ccfc6d4b" outcome="Passed" testListId="8c84fa94-04c1-424b-9868-57a2d4851a1d" relativeResultsDirectory="a912578b-786e-4225-ae5f-54c7b4a289b4" />
    <UnitTestResult executionId="1efb2116-9d40-43dc-ae1e-231d2de34e90" testId="13792eb6-ef67-82ca-9c8d-dcaee823d827" testName="Workspace_XamlContainsThreeColumnAndVirtualizationContract (&quot;ThumbnailItem_Loaded&quot;)" computerName="PC-20250309WEIZ" duration="00:00:00.0002198" startTime="2026-09-20T18:19:29.6018488+08:00" endTime="2026-09-20T18:19:29.6020809+08:00" testType="13cdc9d9-ddb5-4fa4-a97d-d965ccfc6d4b" outcome="Passed" testListId="8c84fa94-04c1-424b-9868-57a2d4851a1d" relativeResultsDirectory="1efb2116-9d40-43dc-ae1e-231d2de34e90" />
    <UnitTestResult executionId="28d100e8-c7ba-49e5-bcbe-4354c09a33ab" testId="1cc008f4-4cc9-8eba-8d35-862397707ca7" testName="Workspace_XamlContainsThreeColumnAndVirtualizationContract (&quot;VirtualizationMode=&quot;Recycling&quot;&quot;)" computerName="PC-20250309WEIZ" duration="00:00:00.0002338" startTime="2026-09-20T18:19:29.6013446+08:00" endTime="2026-09-20T18:19:29.6015918+08:00" testType="13cdc9d9-ddb5-4fa4-a97d-d965ccfc6d4b" outcome="Passed" testListId="8c84fa94-04c1-424b-9868-57a2d4851a1d" relativeResultsDirectory="28d100e8-c7ba-49e5-bcbe-4354c09a33ab" />
  </Results>
  <TestDefinitions>
    <UnitTest name="PreviewRequestCoordinator_FiftyFastSwitchesLeaveOnlyNewestCurrent" storage="d:\ai agent\worktrees\pixel-tart-developer-preview-rc6\tests\rawselectionassistant.wpftests\bin\x64\release\net10.0-windows10.0.19041.0\rawselectionassistant.wpftests.dll" id="14ae8f3d-f559-887c-a669-d14802942243">
      <Execution id="a64ef4c6-4420-475d-8d61-e2115e965e75" />
      <TestMethod codeBase="D:\AI AGENT\worktrees\pixel-tart-developer-preview-rc6\tests\RAWSelectionAssistant.WpfTests\bin\x64\Release\net10.0-windows10.0.19041.0\RAWSelectionAssistant.WpfTests.dll" adapterTypeName="executor://mstestadapter/v4" className="RAWSelectionAssistant.WpfTests.Version230StageCLiveMonitorWpfTests" name="PreviewRequestCoordinator_FiftyFastSwitchesLeaveOnlyNewestCurrent" />
    </UnitTest>
    <UnitTest name="ViewModel_OneThousandAssetsAreIncrementalAndKeepItemInstances" storage="d:\ai agent\worktrees\pixel-tart-developer-preview-rc6\tests\rawselectionassistant.wpftests\bin\x64\release\net10.0-windows10.0.19041.0\rawselectionassistant.wpftests.dll" id="139ab4f0-5572-8510-aba3-d0408fc87c28">
      <Execution id="96f88207-ade4-48f1-8590-386d7b45064f" />
      <TestMethod codeBase="D:\AI AGENT\worktrees\pixel-tart-developer-preview-rc6\tests\RAWSelectionAssistant.WpfTests\bin\x64\Release\net10.0-windows10.0.19041.0\RAWSelectionAssistant.WpfTests.dll" adapterTypeName="executor://mstestadapter/v4" className="RAWSelectionAssistant.WpfTests.Version230StageCLiveMonitorWpfTests" name="ViewModel_OneThousandAssetsAreIncrementalAndKeepItemInstances" />
    </UnitTest>
    <UnitTest name="Workspace_XamlContainsPreviewNavigationContract (&quot;Content=&quot;上一张  ←&quot;&quot;)" storage="d:\ai agent\worktrees\pixel-tart-developer-preview-rc6\tests\rawselectionassistant.wpftests\bin\x64\release\net10.0-windows10.0.19041.0\rawselectionassistant.wpftests.dll" id="1443cf83-8fd1-83dd-9e7b-95918c1542be">
      <Execution id="e5594ec3-6de0-42fe-b3f9-7bab611bd95d" />
      <TestMethod codeBase="D:\AI AGENT\worktrees\pixel-tart-developer-preview-rc6\tests\RAWSelectionAssistant.WpfTests\bin\x64\Release\net10.0-windows10.0.19041.0\RAWSelectionAssistant.WpfTests.dll" adapterTypeName="executor://mstestadapter/v4" className="RAWSelectionAssistant.WpfTests.Version230StageCLiveMonitorWpfTests" name="Workspace_XamlContainsPreviewNavigationContract" />
    </UnitTest>
    <UnitTest name="FullResolutionMemoryManager_UsesBoundedLruAndReleasesOldImages" storage="d:\ai agent\worktrees\pixel-tart-developer-preview-rc6\tests\rawselectionassistant.wpftests\bin\x64\release\net10.0-windows10.0.19041.0\rawselectionassistant.wpftests.dll" id="12a54204-23a0-84c4-b781-4aeaf50e4304">
      <Execution id="c4660749-c70c-46d9-a67e-41307ff788bd" />
      <TestMethod codeBase="D:\AI AGENT\worktrees\pixel-tart-developer-preview-rc6\tests\RAWSelectionAssistant.WpfTests\bin\x64\Release\net10.0-windows10.0.19041.0\RAWSelectionAssistant.WpfTests.dll" adapterTypeName="executor://mstestadapter/v4" className="RAWSelectionAssistant.WpfTests.Version230StageCLiveMonitorWpfTests" name="FullResolutionMemoryManager_UsesBoundedLruAndReleasesOldImages" />
    </UnitTest>
    <UnitTest name="ExifService_MissingMetadataShowsNotProvidedAndHidesNothingByFabrication" storage="d:\ai agent\worktrees\pixel-tart-developer-preview-rc6\tests\rawselectionassistant.wpftests\bin\x64\release\net10.0-windows10.0.19041.0\rawselectionassistant.wpftests.dll" id="1dba8fee-91a4-8bdb-b8c2-6b9adc541fda">
      <Execution id="f2f86ce2-735e-4fe8-8428-beb1afd7ef4d" />
      <TestMethod codeBase="D:\AI AGENT\worktrees\pixel-tart-developer-preview-rc6\tests\RAWSelectionAssistant.WpfTests\bin\x64\Release\net10.0-windows10.0.19041.0\RAWSelectionAssistant.WpfTests.dll" adapterTypeName="executor://mstestadapter/v4" className="RAWSelectionAssistant.WpfTests.Version230StageCLiveMonitorWpfTests" name="ExifService_MissingMetadataShowsNotProvidedAndHidesNothingByFabrication" />
    </UnitTest>
    <UnitTest name="PreviewRequestCoordinator_CancelsOldRequestAndRejectsOldWriteback" storage="d:\ai agent\worktrees\pixel-tart-developer-preview-rc6\tests\rawselectionassistant.wpftests\bin\x64\release\net10.0-windows10.0.19041.0\rawselectionassistant.wpftests.dll" id="18c39a28-f5a9-8318-9c35-02e606668d2f">
      <Execution id="ca9a2da1-172f-4c1f-8a54-a2d13dffcc66" />
      <TestMethod codeBase="D:\AI AGENT\worktrees\pixel-tart-developer-preview-rc6\tests\RAWSelectionAssistant.WpfTests\bin\x64\Release\net10.0-windows10.0.19041.0\RAWSelectionAssistant.WpfTests.dll" adapterTypeName="executor://mstestadapter/v4" className="RAWSelectionAssistant.WpfTests.Version230StageCLiveMonitorWpfTests" name="PreviewRequestCoordinator_CancelsOldRequestAndRejectsOldWriteback" />
    </UnitTest>
    <UnitTest name="Workspace_XamlContainsAnalysisCompareReferenceAndGuideContract (&quot;基于监看代理图；不是RAW显影结果&quot;)" storage="d:\ai agent\worktrees\pixel-tart-developer-preview-rc6\tests\rawselectionassistant.wpftests\bin\x64\release\net10.0-windows10.0.19041.0\rawselectionassistant.wpftests.dll" id="1f1ac8ce-9ce9-893e-9c75-51ffb6c77823">
      <Execution id="71a88dfa-a535-47e4-b1b6-20e4b863b4e8" />
      <TestMethod codeBase="D:\AI AGENT\worktrees\pixel-tart-developer-preview-rc6\tests\RAWSelectionAssistant.WpfTests\bin\x64\Release\net10.0-windows10.0.19041.0\RAWSelectionAssistant.WpfTests.dll" adapterTypeName="executor://mstestadapter/v4" className="RAWSelectionAssistant.WpfTests.Version230StageCLiveMonitorWpfTests" name="Workspace_XamlContainsAnalysisCompareReferenceAndGuideContract" />
    </UnitTest>
    <UnitTest name="Workspace_XamlContainsLocalAnnotationContract (&quot;快速拒绝 / 取消&quot;)" storage="d:\ai agent\worktrees\pixel-tart-developer-preview-rc6\tests\rawselectionassistant.wpftests\bin\x64\release\net10.0-windows10.0.19041.0\rawselectionassistant.wpftests.dll" id="1753c481-df87-863b-b7f4-e96b7abe84f4">
      <Execution id="5cea0995-04a4-45ed-941f-cf2dcee3cd50" />
      <TestMethod codeBase="D:\AI AGENT\worktrees\pixel-tart-developer-preview-rc6\tests\RAWSelectionAssistant.WpfTests\bin\x64\Release\net10.0-windows10.0.19041.0\RAWSelectionAssistant.WpfTests.dll" adapterTypeName="executor://mstestadapter/v4" className="RAWSelectionAssistant.WpfTests.Version230StageCLiveMonitorWpfTests" name="Workspace_XamlContainsLocalAnnotationContract" />
    </UnitTest>
    <UnitTest name="Workspace_XamlContainsAnalysisCompareReferenceAndGuideContract (&quot;闪烁对比&quot;)" storage="d:\ai agent\worktrees\pixel-tart-developer-preview-rc6\tests\rawselectionassistant.wpftests\bin\x64\release\net10.0-windows10.0.19041.0\rawselectionassistant.wpftests.dll" id="1fe43bfb-7a57-8c89-9cf3-3129908e75b1">
      <Execution id="0c94a6c6-7400-440b-a800-c1d438ef719f" />
      <TestMethod codeBase="D:\AI AGENT\worktrees\pixel-tart-developer-preview-rc6\tests\RAWSelectionAssistant.WpfTests\bin\x64\Release\net10.0-windows10.0.19041.0\RAWSelectionAssistant.WpfTests.dll" adapterTypeName="executor://mstestadapter/v4" className="RAWSelectionAssistant.WpfTests.Version230StageCLiveMonitorWpfTests" name="Workspace_XamlContainsAnalysisCompareReferenceAndGuideContract" />
    </UnitTest>
    <UnitTest name="Workspace_XamlContainsThreeColumnAndVirtualizationContract (&quot;InspectorColumn&quot;)" storage="d:\ai agent\worktrees\pixel-tart-developer-preview-rc6\tests\rawselectionassistant.wpftests\bin\x64\release\net10.0-windows10.0.19041.0\rawselectionassistant.wpftests.dll" id="1bd72bdc-665e-80f7-8791-4ff0dd6a238d">
      <Execution id="ac182313-9735-4b71-9285-891d6a35c3cd" />
      <TestMethod codeBase="D:\AI AGENT\worktrees\pixel-tart-developer-preview-rc6\tests\RAWSelectionAssistant.WpfTests\bin\x64\Release\net10.0-windows10.0.19041.0\RAWSelectionAssistant.WpfTests.dll" adapterTypeName="executor://mstestadapter/v4" className="RAWSelectionAssistant.WpfTests.Version230StageCLiveMonitorWpfTests" name="Workspace_XamlContainsThreeColumnAndVirtualizationContract" />
    </UnitTest>
    <UnitTest name="Workspace_XamlContainsThreeColumnAndVirtualizationContract (&quot;VirtualizingPanel.IsVirtualizing=&quot;True&quot;&quot;)" storage="d:\ai agent\worktrees\pixel-tart-developer-preview-rc6\tests\rawselectionassistant.wpftests\bin\x64\release\net10.0-windows10.0.19041.0\rawselectionassistant.wpftests.dll" id="148001be-118c-8e27-98d5-f63904623da8">
      <Execution id="fd109016-5475-448d-afa1-e55b97bc66e1" />
      <TestMethod codeBase="D:\AI AGENT\worktrees\pixel-tart-developer-preview-rc6\tests\RAWSelectionAssistant.WpfTests\bin\x64\Release\net10.0-windows10.0.19041.0\RAWSelectionAssistant.WpfTests.dll" adapterTypeName="executor://mstestadapter/v4" className="RAWSelectionAssistant.WpfTests.Version230StageCLiveMonitorWpfTests" name="Workspace_XamlContainsThreeColumnAndVirtualizationContract" />
    </UnitTest>
    <UnitTest name="Workspace_ReadOnlyPreviewProgressBindingIsOneWay" storage="d:\ai agent\worktrees\pixel-tart-developer-preview-rc6\tests\rawselectionassistant.wpftests\bin\x64\release\net10.0-windows10.0.19041.0\rawselectionassistant.wpftests.dll" id="1a7135e1-99f9-829c-98b5-1177ef4954d1">
      <Execution id="8b4348d6-378e-4174-af93-f53187299378" />
      <TestMethod codeBase="D:\AI AGENT\worktrees\pixel-tart-developer-preview-rc6\tests\RAWSelectionAssistant.WpfTests\bin\x64\Release\net10.0-windows10.0.19041.0\RAWSelectionAssistant.WpfTests.dll" adapterTypeName="executor://mstestadapter/v4" className="RAWSelectionAssistant.WpfTests.Version230StageCLiveMonitorWpfTests" name="Workspace_ReadOnlyPreviewProgressBindingIsOneWay" />
    </UnitTest>
    <UnitTest name="Workspace_XamlContainsThreeColumnAndVirtualizationContract (&quot;MinWidth=&quot;640&quot;&quot;)" storage="d:\ai agent\worktrees\pixel-tart-developer-preview-rc6\tests\rawselectionassistant.wpftests\bin\x64\release\net10.0-windows10.0.19041.0\rawselectionassistant.wpftests.dll" id="1fba0f9f-180e-8891-bb02-bbb4bd551a8d">
      <Execution id="daa81b37-fcdf-43e9-84bb-80a5b503fcd5" />
      <TestMethod codeBase="D:\AI AGENT\worktrees\pixel-tart-developer-preview-rc6\tests\RAWSelectionAssistant.WpfTests\bin\x64\Release\net10.0-windows10.0.19041.0\RAWSelectionAssistant.WpfTests.dll" adapterTypeName="executor://mstestadapter/v4" className="RAWSelectionAssistant.WpfTests.Version230StageCLiveMonitorWpfTests" name="Workspace_XamlContainsThreeColumnAndVirtualizationContract" />
    </UnitTest>
    <UnitTest name="Workspace_XamlContainsPreviewNavigationContract (&quot;Content=&quot;下一张  →&quot;&quot;)" storage="d:\ai agent\worktrees\pixel-tart-developer-preview-rc6\tests\rawselectionassistant.wpftests\bin\x64\release\net10.0-windows10.0.19041.0\rawselectionassistant.wpftests.dll" id="122ec09f-4aab-83f0-aa63-978645d427de">
      <Execution id="2adbd910-3b80-46a6-9094-01ccb225ecc1" />
      <TestMethod codeBase="D:\AI AGENT\worktrees\pixel-tart-developer-preview-rc6\tests\RAWSelectionAssistant.WpfTests\bin\x64\Release\net10.0-windows10.0.19041.0\RAWSelectionAssistant.WpfTests.dll" adapterTypeName="executor://mstestadapter/v4" className="RAWSelectionAssistant.WpfTests.Version230StageCLiveMonitorWpfTests" name="Workspace_XamlContainsPreviewNavigationContract" />
    </UnitTest>
    <UnitTest name="Workspace_XamlContainsThreeColumnAndVirtualizationContract (&quot;InspectorDrawer&quot;)" storage="d:\ai agent\worktrees\pixel-tart-developer-preview-rc6\tests\rawselectionassistant.wpftests\bin\x64\release\net10.0-windows10.0.19041.0\rawselectionassistant.wpftests.dll" id="1303cc2d-0359-83b9-a460-edc114a98019">
      <Execution id="807aaf05-e771-43f7-b552-4191f07bb91b" />
      <TestMethod codeBase="D:\AI AGENT\worktrees\pixel-tart-developer-preview-rc6\tests\RAWSelectionAssistant.WpfTests\bin\x64\Release\net10.0-windows10.0.19041.0\RAWSelectionAssistant.WpfTests.dll" adapterTypeName="executor://mstestadapter/v4" className="RAWSelectionAssistant.WpfTests.Version230StageCLiveMonitorWpfTests" name="Workspace_XamlContainsThreeColumnAndVirtualizationContract" />
    </UnitTest>
    <UnitTest name="Workspace_XamlContainsThreeColumnAndVirtualizationContract (&quot;ScrollUnit=&quot;Pixel&quot;&quot;)" storage="d:\ai agent\worktrees\pixel-tart-developer-preview-rc6\tests\rawselectionassistant.wpftests\bin\x64\release\net10.0-windows10.0.19041.0\rawselectionassistant.wpftests.dll" id="16389d71-3de0-83fb-b245-c88b6edee008">
      <Execution id="51d5fafa-90af-4f81-80f2-3766658da549" />
      <TestMethod codeBase="D:\AI AGENT\worktrees\pixel-tart-developer-preview-rc6\tests\RAWSelectionAssistant.WpfTests\bin\x64\Release\net10.0-windows10.0.19041.0\RAWSelectionAssistant.WpfTests.dll" adapterTypeName="executor://mstestadapter/v4" className="RAWSelectionAssistant.WpfTests.Version230StageCLiveMonitorWpfTests" name="Workspace_XamlContainsThreeColumnAndVirtualizationContract" />
    </UnitTest>
    <UnitTest name="ExifService_CorruptMetadataDoesNotThrow" storage="d:\ai agent\worktrees\pixel-tart-developer-preview-rc6\tests\rawselectionassistant.wpftests\bin\x64\release\net10.0-windows10.0.19041.0\rawselectionassistant.wpftests.dll" id="164145db-78de-8a5f-ad85-1324451e43c4">
      <Execution id="c7210c09-e565-41c9-ae90-82316212147e" />
      <TestMethod codeBase="D:\AI AGENT\worktrees\pixel-tart-developer-preview-rc6\tests\RAWSelectionAssistant.WpfTests\bin\x64\Release\net10.0-windows10.0.19041.0\RAWSelectionAssistant.WpfTests.dll" adapterTypeName="executor://mstestadapter/v4" className="RAWSelectionAssistant.WpfTests.Version230StageCLiveMonitorWpfTests" name="ExifService_CorruptMetadataDoesNotThrow" />
    </UnitTest>
    <UnitTest name="Workspace_XamlContainsPreviewNavigationContract (&quot;MouseWheel=&quot;PreviewViewport_MouseWheel&quot;&quot;)" storage="d:\ai agent\worktrees\pixel-tart-developer-preview-rc6\tests\rawselectionassistant.wpftests\bin\x64\release\net10.0-windows10.0.19041.0\rawselectionassistant.wpftests.dll" id="14e80d9f-c115-8a73-94a5-f19fe6f3f556">
      <Execution id="3ba4933a-3d95-4bda-91b9-45f38ae03458" />
      <TestMethod codeBase="D:\AI AGENT\worktrees\pixel-tart-developer-preview-rc6\tests\RAWSelectionAssistant.WpfTests\bin\x64\Release\net10.0-windows10.0.19041.0\RAWSelectionAssistant.WpfTests.dll" adapterTypeName="executor://mstestadapter/v4" className="RAWSelectionAssistant.WpfTests.Version230StageCLiveMonitorWpfTests" name="Workspace_XamlContainsPreviewNavigationContract" />
    </UnitTest>
    <UnitTest name="Workspace_XamlContainsPreviewNavigationContract (&quot;Content=&quot;100%&quot;&quot;)" storage="d:\ai agent\worktrees\pixel-tart-developer-preview-rc6\tests\rawselectionassistant.wpftests\bin\x64\release\net10.0-windows10.0.19041.0\rawselectionassistant.wpftests.dll" id="16e0cb41-62ad-874c-b505-4d5897565b59">
      <Execution id="0e660a06-1b17-454b-9f6e-303a478ec844" />
      <TestMethod codeBase="D:\AI AGENT\worktrees\pixel-tart-developer-preview-rc6\tests\RAWSelectionAssistant.WpfTests\bin\x64\Release\net10.0-windows10.0.19041.0\RAWSelectionAssistant.WpfTests.dll" adapterTypeName="executor://mstestadapter/v4" className="RAWSelectionAssistant.WpfTests.Version230StageCLiveMonitorWpfTests" name="Workspace_XamlContainsPreviewNavigationContract" />
    </UnitTest>
    <UnitTest name="Workspace_XamlContainsThreeColumnAndVirtualizationContract (&quot;Grid.ColumnDefinitions&quot;)" storage="d:\ai agent\worktrees\pixel-tart-developer-preview-rc6\tests\rawselectionassistant.wpftests\bin\x64\release\net10.0-windows10.0.19041.0\rawselectionassistant.wpftests.dll" id="1e84bdfc-7116-895e-9096-a1c88c81881e">
      <Execution id="a912578b-786e-4225-ae5f-54c7b4a289b4" />
      <TestMethod codeBase="D:\AI AGENT\worktrees\pixel-tart-developer-preview-rc6\tests\RAWSelectionAssistant.WpfTests\bin\x64\Release\net10.0-windows10.0.19041.0\RAWSelectionAssistant.WpfTests.dll" adapterTypeName="executor://mstestadapter/v4" className="RAWSelectionAssistant.WpfTests.Version230StageCLiveMonitorWpfTests" name="Workspace_XamlContainsThreeColumnAndVirtualizationContract" />
    </UnitTest>
    <UnitTest name="OrdinaryPagesTaskCompletionAndProviderSafetyRemainWired" storage="d:\ai agent\worktrees\pixel-tart-developer-preview-rc6\tests\rawselectionassistant.wpftests\bin\x64\release\net10.0-windows10.0.19041.0\rawselectionassistant.wpftests.dll" id="1e213a93-d6f2-8172-a1d8-dde553210504">
      <Execution id="ff642ae8-ca60-4d82-8200-2213ec44d376" />
      <TestMethod codeBase="D:\AI AGENT\worktrees\pixel-tart-developer-preview-rc6\tests\RAWSelectionAssistant.WpfTests\bin\x64\Release\net10.0-windows10.0.19041.0\RAWSelectionAssistant.WpfTests.dll" adapterTypeName="executor://mstestadapter/v4" className="RAWSelectionAssistant.WpfTests.Version230StageCLiveMonitorWpfTests" name="OrdinaryPagesTaskCompletionAndProviderSafetyRemainWired" />
    </UnitTest>
    <UnitTest name="ViewModel_HundredIncomingAssetsRemainAvailableForMonitoring" storage="d:\ai agent\worktrees\pixel-tart-developer-preview-rc6\tests\rawselectionassistant.wpftests\bin\x64\release\net10.0-windows10.0.19041.0\rawselectionassistant.wpftests.dll" id="11a056e2-8627-855e-95d5-9df260180064">
      <Execution id="c4241c56-9f0d-47fe-9631-44a66cd7b942" />
      <TestMethod codeBase="D:\AI AGENT\worktrees\pixel-tart-developer-preview-rc6\tests\RAWSelectionAssistant.WpfTests\bin\x64\Release\net10.0-windows10.0.19041.0\RAWSelectionAssistant.WpfTests.dll" adapterTypeName="executor://mstestadapter/v4" className="RAWSelectionAssistant.WpfTests.Version230StageCLiveMonitorWpfTests" name="ViewModel_HundredIncomingAssetsRemainAvailableForMonitoring" />
    </UnitTest>
    <UnitTest name="FullResolutionLoader_UsesOnLoadAndReleasesSourceFile" storage="d:\ai agent\worktrees\pixel-tart-developer-preview-rc6\tests\rawselectionassistant.wpftests\bin\x64\release\net10.0-windows10.0.19041.0\rawselectionassistant.wpftests.dll" id="1147730f-8658-87a9-980a-fca1ce9ce1e8">
      <Execution id="c9b702d1-077a-4c93-8267-4f277d723731" />
      <TestMethod codeBase="D:\AI AGENT\worktrees\pixel-tart-developer-preview-rc6\tests\RAWSelectionAssistant.WpfTests\bin\x64\Release\net10.0-windows10.0.19041.0\RAWSelectionAssistant.WpfTests.dll" adapterTypeName="executor://mstestadapter/v4" className="RAWSelectionAssistant.WpfTests.Version230StageCLiveMonitorWpfTests" name="FullResolutionLoader_UsesOnLoadAndReleasesSourceFile" />
    </UnitTest>
    <UnitTest name="Workspace_XamlContainsThreeColumnAndVirtualizationContract (&quot;ThumbnailColumn&quot;)" storage="d:\ai agent\worktrees\pixel-tart-developer-preview-rc6\tests\rawselectionassistant.wpftests\bin\x64\release\net10.0-windows10.0.19041.0\rawselectionassistant.wpftests.dll" id="114e29b4-2209-88a6-b42b-abdf754e08b5">
      <Execution id="42def572-97f3-40c6-9c99-1f1020580f91" />
      <TestMethod codeBase="D:\AI AGENT\worktrees\pixel-tart-developer-preview-rc6\tests\RAWSelectionAssistant.WpfTests\bin\x64\Release\net10.0-windows10.0.19041.0\RAWSelectionAssistant.WpfTests.dll" adapterTypeName="executor://mstestadapter/v4" className="RAWSelectionAssistant.WpfTests.Version230StageCLiveMonitorWpfTests" name="Workspace_XamlContainsThreeColumnAndVirtualizationContract" />
    </UnitTest>
    <UnitTest name="Workspace_XamlContainsAnalysisCompareReferenceAndGuideContract (&quot;参考图叠加&quot;)" storage="d:\ai agent\worktrees\pixel-tart-developer-preview-rc6\tests\rawselectionassistant.wpftests\bin\x64\release\net10.0-windows10.0.19041.0\rawselectionassistant.wpftests.dll" id="1c5af36f-8b48-8012-80cd-a1f7fdff4d96">
      <Execution id="7e8ed5d7-3551-45d1-a4e3-c11d8a7f6ae2" />
      <TestMethod codeBase="D:\AI AGENT\worktrees\pixel-tart-developer-preview-rc6\tests\RAWSelectionAssistant.WpfTests\bin\x64\Release\net10.0-windows10.0.19041.0\RAWSelectionAssistant.WpfTests.dll" adapterTypeName="executor://mstestadapter/v4" className="RAWSelectionAssistant.WpfTests.Version230StageCLiveMonitorWpfTests" name="Workspace_XamlContainsAnalysisCompareReferenceAndGuideContract" />
    </UnitTest>
    <UnitTest name="Workspace_XamlContainsPreviewNavigationContract (&quot;Content=&quot;填满窗口&quot;&quot;)" storage="d:\ai agent\worktrees\pixel-tart-developer-preview-rc6\tests\rawselectionassistant.wpftests\bin\x64\release\net10.0-windows10.0.19041.0\rawselectionassistant.wpftests.dll" id="10265576-0e3f-8efa-bfcc-2b01bb325e2e">
      <Execution id="549b7a36-d564-465d-adc6-7cac949f2304" />
      <TestMethod codeBase="D:\AI AGENT\worktrees\pixel-tart-developer-preview-rc6\tests\RAWSelectionAssistant.WpfTests\bin\x64\Release\net10.0-windows10.0.19041.0\RAWSelectionAssistant.WpfTests.dll" adapterTypeName="executor://mstestadapter/v4" className="RAWSelectionAssistant.WpfTests.Version230StageCLiveMonitorWpfTests" name="Workspace_XamlContainsPreviewNavigationContract" />
    </UnitTest>
    <UnitTest name="Histogram_HonorsCancellation" storage="d:\ai agent\worktrees\pixel-tart-developer-preview-rc6\tests\rawselectionassistant.wpftests\bin\x64\release\net10.0-windows10.0.19041.0\rawselectionassistant.wpftests.dll" id="14b366af-5a1a-8b1d-a796-815f3af0c09e">
      <Execution id="2989ec9d-a442-4811-b999-e2163e1f5aea" />
      <TestMethod codeBase="D:\AI AGENT\worktrees\pixel-tart-developer-preview-rc6\tests\RAWSelectionAssistant.WpfTests\bin\x64\Release\net10.0-windows10.0.19041.0\RAWSelectionAssistant.WpfTests.dll" adapterTypeName="executor://mstestadapter/v4" className="RAWSelectionAssistant.WpfTests.Version230StageCLiveMonitorWpfTests" name="Histogram_HonorsCancellation" />
    </UnitTest>
    <UnitTest name="Workspace_XamlContainsLocalAnnotationContract (&quot;SetRatingCommand&quot;)" storage="d:\ai agent\worktrees\pixel-tart-developer-preview-rc6\tests\rawselectionassistant.wpftests\bin\x64\release\net10.0-windows10.0.19041.0\rawselectionassistant.wpftests.dll" id="140d1c1e-0ba3-8b75-87b4-9abf95a4b92e">
      <Execution id="efaf6e21-dcce-40be-8255-e0f40324e25a" />
      <TestMethod codeBase="D:\AI AGENT\worktrees\pixel-tart-developer-preview-rc6\tests\RAWSelectionAssistant.WpfTests\bin\x64\Release\net10.0-windows10.0.19041.0\RAWSelectionAssistant.WpfTests.dll" adapterTypeName="executor://mstestadapter/v4" className="RAWSelectionAssistant.WpfTests.Version230StageCLiveMonitorWpfTests" name="Workspace_XamlContainsLocalAnnotationContract" />
    </UnitTest>
    <UnitTest name="RawPreview_WithoutPairReturnsPlaceholder" storage="d:\ai agent\worktrees\pixel-tart-developer-preview-rc6\tests\rawselectionassistant.wpftests\bin\x64\release\net10.0-windows10.0.19041.0\rawselectionassistant.wpftests.dll" id="11ef9b29-c6c9-8fcb-8384-2b73b5e97fd7">
      <Execution id="5be52d66-0fc3-4f58-8058-91a6f6525c05" />
      <TestMethod codeBase="D:\AI AGENT\worktrees\pixel-tart-developer-preview-rc6\tests\RAWSelectionAssistant.WpfTests\bin\x64\Release\net10.0-windows10.0.19041.0\RAWSelectionAssistant.WpfTests.dll" adapterTypeName="executor://mstestadapter/v4" className="RAWSelectionAssistant.WpfTests.Version230StageCLiveMonitorWpfTests" name="RawPreview_WithoutPairReturnsPlaceholder" />
    </UnitTest>
    <UnitTest name="Workspace_XamlContainsPreviewNavigationContract (&quot;PreviewImage_MouseLeftButtonDown&quot;)" storage="d:\ai agent\worktrees\pixel-tart-developer-preview-rc6\tests\rawselectionassistant.wpftests\bin\x64\release\net10.0-windows10.0.19041.0\rawselectionassistant.wpftests.dll" id="14ac9f82-f9fa-84ac-9385-76c9a39956d2">
      <Execution id="75df62b2-dd9c-4547-a1dc-2ceb328274ae" />
      <TestMethod codeBase="D:\AI AGENT\worktrees\pixel-tart-developer-preview-rc6\tests\RAWSelectionAssistant.WpfTests\bin\x64\Release\net10.0-windows10.0.19041.0\RAWSelectionAssistant.WpfTests.dll" adapterTypeName="executor://mstestadapter/v4" className="RAWSelectionAssistant.WpfTests.Version230StageCLiveMonitorWpfTests" name="Workspace_XamlContainsPreviewNavigationContract" />
    </UnitTest>
    <UnitTest name="Workspace_XamlContainsPreviewNavigationContract (&quot;Content=&quot;适合窗口&quot;&quot;)" storage="d:\ai agent\worktrees\pixel-tart-developer-preview-rc6\tests\rawselectionassistant.wpftests\bin\x64\release\net10.0-windows10.0.19041.0\rawselectionassistant.wpftests.dll" id="139bc53d-ff57-8df8-a908-f77e0d189ffd">
      <Execution id="71606166-f5f0-42da-9bb9-9eda8923b50a" />
      <TestMethod codeBase="D:\AI AGENT\worktrees\pixel-tart-developer-preview-rc6\tests\RAWSelectionAssistant.WpfTests\bin\x64\Release\net10.0-windows10.0.19041.0\RAWSelectionAssistant.WpfTests.dll" adapterTypeName="executor://mstestadapter/v4" className="RAWSelectionAssistant.WpfTests.Version230StageCLiveMonitorWpfTests" name="Workspace_XamlContainsPreviewNavigationContract" />
    </UnitTest>
    <UnitTest name="Workspace_XamlContainsThreeColumnAndVirtualizationContract (&quot;ThumbnailItem_Loaded&quot;)" storage="d:\ai agent\worktrees\pixel-tart-developer-preview-rc6\tests\rawselectionassistant.wpftests\bin\x64\release\net10.0-windows10.0.19041.0\rawselectionassistant.wpftests.dll" id="13792eb6-ef67-82ca-9c8d-dcaee823d827">
      <Execution id="1efb2116-9d40-43dc-ae1e-231d2de34e90" />
      <TestMethod codeBase="D:\AI AGENT\worktrees\pixel-tart-developer-preview-rc6\tests\RAWSelectionAssistant.WpfTests\bin\x64\Release\net10.0-windows10.0.19041.0\RAWSelectionAssistant.WpfTests.dll" adapterTypeName="executor://mstestadapter/v4" className="RAWSelectionAssistant.WpfTests.Version230StageCLiveMonitorWpfTests" name="Workspace_XamlContainsThreeColumnAndVirtualizationContract" />
    </UnitTest>
    <UnitTest name="Workspace_XamlContainsAnalysisCompareReferenceAndGuideContract (&quot;阴影警告&quot;)" storage="d:\ai agent\worktrees\pixel-tart-developer-preview-rc6\tests\rawselectionassistant.wpftests\bin\x64\release\net10.0-windows10.0.19041.0\rawselectionassistant.wpftests.dll" id="1d755015-2c0e-825e-9454-b2dcd926ad0e">
      <Execution id="1f2f13ad-9054-47c0-b01e-599429679db0" />
      <TestMethod codeBase="D:\AI AGENT\worktrees\pixel-tart-developer-preview-rc6\tests\RAWSelectionAssistant.WpfTests\bin\x64\Release\net10.0-windows10.0.19041.0\RAWSelectionAssistant.WpfTests.dll" adapterTypeName="executor://mstestadapter/v4" className="RAWSelectionAssistant.WpfTests.Version230StageCLiveMonitorWpfTests" name="Workspace_XamlContainsAnalysisCompareReferenceAndGuideContract" />
    </UnitTest>
    <UnitTest name="ClippingOverlay_MarksHighlightsAndShadowsWithoutChangingSource" storage="d:\ai agent\worktrees\pixel-tart-developer-preview-rc6\tests\rawselectionassistant.wpftests\bin\x64\release\net10.0-windows10.0.19041.0\rawselectionassistant.wpftests.dll" id="19cf20bb-7137-81e0-bd86-a1eb13cfe2a3">
      <Execution id="70f36647-26bf-496d-82f5-6b950f8fe8a1" />
      <TestMethod codeBase="D:\AI AGENT\worktrees\pixel-tart-developer-preview-rc6\tests\RAWSelectionAssistant.WpfTests\bin\x64\Release\net10.0-windows10.0.19041.0\RAWSelectionAssistant.WpfTests.dll" adapterTypeName="executor://mstestadapter/v4" className="RAWSelectionAssistant.WpfTests.Version230StageCLiveMonitorWpfTests" name="ClippingOverlay_MarksHighlightsAndShadowsWithoutChangingSource" />
    </UnitTest>
    <UnitTest name="MonitoringImplementation_PreservesWatchFolderAndFileSafetyBoundaries" storage="d:\ai agent\worktrees\pixel-tart-developer-preview-rc6\tests\rawselectionassistant.wpftests\bin\x64\release\net10.0-windows10.0.19041.0\rawselectionassistant.wpftests.dll" id="1c8cc87d-79ff-88e8-8171-251876c5e30b">
      <Execution id="e522de70-59f7-4320-b856-2627f71af9bb" />
      <TestMethod codeBase="D:\AI AGENT\worktrees\pixel-tart-developer-preview-rc6\tests\RAWSelectionAssistant.WpfTests\bin\x64\Release\net10.0-windows10.0.19041.0\RAWSelectionAssistant.WpfTests.dll" adapterTypeName="executor://mstestadapter/v4" className="RAWSelectionAssistant.WpfTests.Version230StageCLiveMonitorWpfTests" name="MonitoringImplementation_PreservesWatchFolderAndFileSafetyBoundaries" />
    </UnitTest>
    <UnitTest name="Workspace_XamlContainsAnalysisCompareReferenceAndGuideContract (&quot;并排比较&quot;)" storage="d:\ai agent\worktrees\pixel-tart-developer-preview-rc6\tests\rawselectionassistant.wpftests\bin\x64\release\net10.0-windows10.0.19041.0\rawselectionassistant.wpftests.dll" id="1027a7a8-bf9a-8f8b-b1e8-481bbcc1804c">
      <Execution id="b7379007-f7e0-48b9-bd9d-0ce87bdc50a7" />
      <TestMethod codeBase="D:\AI AGENT\worktrees\pixel-tart-developer-preview-rc6\tests\RAWSelectionAssistant.WpfTests\bin\x64\Release\net10.0-windows10.0.19041.0\RAWSelectionAssistant.WpfTests.dll" adapterTypeName="executor://mstestadapter/v4" className="RAWSelectionAssistant.WpfTests.Version230StageCLiveMonitorWpfTests" name="Workspace_XamlContainsAnalysisCompareReferenceAndGuideContract" />
    </UnitTest>
    <UnitTest name="RawPreview_UsesPairedJpgWithoutDecodingRaw" storage="d:\ai agent\worktrees\pixel-tart-developer-preview-rc6\tests\rawselectionassistant.wpftests\bin\x64\release\net10.0-windows10.0.19041.0\rawselectionassistant.wpftests.dll" id="161bb52c-a452-8028-85f4-ff0d760a7862">
      <Execution id="8a867d6e-c9f3-426f-9972-341b08ca5c17" />
      <TestMethod codeBase="D:\AI AGENT\worktrees\pixel-tart-developer-preview-rc6\tests\RAWSelectionAssistant.WpfTests\bin\x64\Release\net10.0-windows10.0.19041.0\RAWSelectionAssistant.WpfTests.dll" adapterTypeName="executor://mstestadapter/v4" className="RAWSelectionAssistant.WpfTests.Version230StageCLiveMonitorWpfTests" name="RawPreview_UsesPairedJpgWithoutDecodingRaw" />
    </UnitTest>
    <UnitTest name="FullscreenImplementation_HidesShellWithoutStoppingWatchSession" storage="d:\ai agent\worktrees\pixel-tart-developer-preview-rc6\tests\rawselectionassistant.wpftests\bin\x64\release\net10.0-windows10.0.19041.0\rawselectionassistant.wpftests.dll" id="15e8c3ba-f93a-89f6-bb8d-2e5c130a3866">
      <Execution id="c2a93a37-f9b7-449e-b6bb-b81d6bdbf836" />
      <TestMethod codeBase="D:\AI AGENT\worktrees\pixel-tart-developer-preview-rc6\tests\RAWSelectionAssistant.WpfTests\bin\x64\Release\net10.0-windows10.0.19041.0\RAWSelectionAssistant.WpfTests.dll" adapterTypeName="executor://mstestadapter/v4" className="RAWSelectionAssistant.WpfTests.Version230StageCLiveMonitorWpfTests" name="FullscreenImplementation_HidesShellWithoutStoppingWatchSession" />
    </UnitTest>
    <UnitTest name="Workspace_XamlContainsLocalAnnotationContract (&quot;摄影师备注&quot;)" storage="d:\ai agent\worktrees\pixel-tart-developer-preview-rc6\tests\rawselectionassistant.wpftests\bin\x64\release\net10.0-windows10.0.19041.0\rawselectionassistant.wpftests.dll" id="1e8e5d81-5bef-8bca-8a75-535126c4ae25">
      <Execution id="8a741886-e4b0-486e-b0a0-032634d5abf5" />
      <TestMethod codeBase="D:\AI AGENT\worktrees\pixel-tart-developer-preview-rc6\tests\RAWSelectionAssistant.WpfTests\bin\x64\Release\net10.0-windows10.0.19041.0\RAWSelectionAssistant.WpfTests.dll" adapterTypeName="executor://mstestadapter/v4" className="RAWSelectionAssistant.WpfTests.Version230StageCLiveMonitorWpfTests" name="Workspace_XamlContainsLocalAnnotationContract" />
    </UnitTest>
    <UnitTest name="Workspace_XamlContainsLocalAnnotationContract (&quot;SetColorLabelCommand&quot;)" storage="d:\ai agent\worktrees\pixel-tart-developer-preview-rc6\tests\rawselectionassistant.wpftests\bin\x64\release\net10.0-windows10.0.19041.0\rawselectionassistant.wpftests.dll" id="189845ca-d92a-8f77-8984-594c524a29a8">
      <Execution id="25a45fd8-c95c-4d10-ae11-dc7ef7aae282" />
      <TestMethod codeBase="D:\AI AGENT\worktrees\pixel-tart-developer-preview-rc6\tests\RAWSelectionAssistant.WpfTests\bin\x64\Release\net10.0-windows10.0.19041.0\RAWSelectionAssistant.WpfTests.dll" adapterTypeName="executor://mstestadapter/v4" className="RAWSelectionAssistant.WpfTests.Version230StageCLiveMonitorWpfTests" name="Workspace_XamlContainsLocalAnnotationContract" />
    </UnitTest>
    <UnitTest name="Histogram_ComputesRgbAndLuminanceOffUiThreadCompatibleBitmap" storage="d:\ai agent\worktrees\pixel-tart-developer-preview-rc6\tests\rawselectionassistant.wpftests\bin\x64\release\net10.0-windows10.0.19041.0\rawselectionassistant.wpftests.dll" id="1bb588e4-fb49-8363-b27d-466739efa264">
      <Execution id="596c5e39-3dbb-47f2-a78f-c82f6f5434a7" />
      <TestMethod codeBase="D:\AI AGENT\worktrees\pixel-tart-developer-preview-rc6\tests\RAWSelectionAssistant.WpfTests\bin\x64\Release\net10.0-windows10.0.19041.0\RAWSelectionAssistant.WpfTests.dll" adapterTypeName="executor://mstestadapter/v4" className="RAWSelectionAssistant.WpfTests.Version230StageCLiveMonitorWpfTests" name="Histogram_ComputesRgbAndLuminanceOffUiThreadCompatibleBitmap" />
    </UnitTest>
    <UnitTest name="Workspace_XamlContainsAnalysisCompareReferenceAndGuideContract (&quot;9:16&quot;)" storage="d:\ai agent\worktrees\pixel-tart-developer-preview-rc6\tests\rawselectionassistant.wpftests\bin\x64\release\net10.0-windows10.0.19041.0\rawselectionassistant.wpftests.dll" id="1151597b-494a-8062-9688-5fdd3facaa0f">
      <Execution id="6b6be737-2546-4d0e-b526-5e3a198d4323" />
      <TestMethod codeBase="D:\AI AGENT\worktrees\pixel-tart-developer-preview-rc6\tests\RAWSelectionAssistant.WpfTests\bin\x64\Release\net10.0-windows10.0.19041.0\RAWSelectionAssistant.WpfTests.dll" adapterTypeName="executor://mstestadapter/v4" className="RAWSelectionAssistant.WpfTests.Version230StageCLiveMonitorWpfTests" name="Workspace_XamlContainsAnalysisCompareReferenceAndGuideContract" />
    </UnitTest>
    <UnitTest name="Workspace_XamlContainsLocalAnnotationContract (&quot;客户收藏&quot;)" storage="d:\ai agent\worktrees\pixel-tart-developer-preview-rc6\tests\rawselectionassistant.wpftests\bin\x64\release\net10.0-windows10.0.19041.0\rawselectionassistant.wpftests.dll" id="1dd52893-ef79-8436-b707-78dabad33aa0">
      <Execution id="f5168618-318a-4860-9ad2-dc8b57e383ef" />
      <TestMethod codeBase="D:\AI AGENT\worktrees\pixel-tart-developer-preview-rc6\tests\RAWSelectionAssistant.WpfTests\bin\x64\Release\net10.0-windows10.0.19041.0\RAWSelectionAssistant.WpfTests.dll" adapterTypeName="executor://mstestadapter/v4" className="RAWSelectionAssistant.WpfTests.Version230StageCLiveMonitorWpfTests" name="Workspace_XamlContainsLocalAnnotationContract" />
    </UnitTest>
    <UnitTest name="Workspace_XamlContainsThreeColumnAndVirtualizationContract (&quot;ThumbnailItem_Unloaded&quot;)" storage="d:\ai agent\worktrees\pixel-tart-developer-preview-rc6\tests\rawselectionassistant.wpftests\bin\x64\release\net10.0-windows10.0.19041.0\rawselectionassistant.wpftests.dll" id="1e09c936-1470-8409-9ab8-6b2413e5f8a4">
      <Execution id="76dd2ca7-9d1a-4258-9794-4119b29c979a" />
      <TestMethod codeBase="D:\AI AGENT\worktrees\pixel-tart-developer-preview-rc6\tests\RAWSelectionAssistant.WpfTests\bin\x64\Release\net10.0-windows10.0.19041.0\RAWSelectionAssistant.WpfTests.dll" adapterTypeName="executor://mstestadapter/v4" className="RAWSelectionAssistant.WpfTests.Version230StageCLiveMonitorWpfTests" name="Workspace_XamlContainsThreeColumnAndVirtualizationContract" />
    </UnitTest>
    <UnitTest name="DisplaySettingsStore_RoundTripsReferenceAndGuideWithoutDatabase" storage="d:\ai agent\worktrees\pixel-tart-developer-preview-rc6\tests\rawselectionassistant.wpftests\bin\x64\release\net10.0-windows10.0.19041.0\rawselectionassistant.wpftests.dll" id="15765501-c22d-86ff-b8d7-04f1089b9b0c">
      <Execution id="d5ac68af-5d6a-4bc0-adcf-0e67a1e0da7c" />
      <TestMethod codeBase="D:\AI AGENT\worktrees\pixel-tart-developer-preview-rc6\tests\RAWSelectionAssistant.WpfTests\bin\x64\Release\net10.0-windows10.0.19041.0\RAWSelectionAssistant.WpfTests.dll" adapterTypeName="executor://mstestadapter/v4" className="RAWSelectionAssistant.WpfTests.Version230StageCLiveMonitorWpfTests" name="DisplaySettingsStore_RoundTripsReferenceAndGuideWithoutDatabase" />
    </UnitTest>
    <UnitTest name="PreviewLoader_LoadsProxyAndReleasesProxyFile" storage="d:\ai agent\worktrees\pixel-tart-developer-preview-rc6\tests\rawselectionassistant.wpftests\bin\x64\release\net10.0-windows10.0.19041.0\rawselectionassistant.wpftests.dll" id="1217b941-ffc3-836e-8c6b-f28b6f1007b7">
      <Execution id="6d7b1e2a-c55a-44bb-ad1d-3fd91d896ae6" />
      <TestMethod codeBase="D:\AI AGENT\worktrees\pixel-tart-developer-preview-rc6\tests\RAWSelectionAssistant.WpfTests\bin\x64\Release\net10.0-windows10.0.19041.0\RAWSelectionAssistant.WpfTests.dll" adapterTypeName="executor://mstestadapter/v4" className="RAWSelectionAssistant.WpfTests.Version230StageCLiveMonitorWpfTests" name="PreviewLoader_LoadsProxyAndReleasesProxyFile" />
    </UnitTest>
    <UnitTest name="Workspace_XamlContainsAnalysisCompareReferenceAndGuideContract (&quot;三分法&quot;)" storage="d:\ai agent\worktrees\pixel-tart-developer-preview-rc6\tests\rawselectionassistant.wpftests\bin\x64\release\net10.0-windows10.0.19041.0\rawselectionassistant.wpftests.dll" id="1fb4590e-8762-8f64-8815-19c1d292f79e">
      <Execution id="483b918d-9304-4922-b710-57e88989b9e1" />
      <TestMethod codeBase="D:\AI AGENT\worktrees\pixel-tart-developer-preview-rc6\tests\RAWSelectionAssistant.WpfTests\bin\x64\Release\net10.0-windows10.0.19041.0\RAWSelectionAssistant.WpfTests.dll" adapterTypeName="executor://mstestadapter/v4" className="RAWSelectionAssistant.WpfTests.Version230StageCLiveMonitorWpfTests" name="Workspace_XamlContainsAnalysisCompareReferenceAndGuideContract" />
    </UnitTest>
    <UnitTest name="Workspace_XamlContainsAnalysisCompareReferenceAndGuideContract (&quot;重叠比较&quot;)" storage="d:\ai agent\worktrees\pixel-tart-developer-preview-rc6\tests\rawselectionassistant.wpftests\bin\x64\release\net10.0-windows10.0.19041.0\rawselectionassistant.wpftests.dll" id="1246a133-61f6-8dc6-be4d-d6e4de96a80b">
      <Execution id="c57cfe48-2cc3-44da-83bc-b7104bdd7f40" />
      <TestMethod codeBase="D:\AI AGENT\worktrees\pixel-tart-developer-preview-rc6\tests\RAWSelectionAssistant.WpfTests\bin\x64\Release\net10.0-windows10.0.19041.0\RAWSelectionAssistant.WpfTests.dll" adapterTypeName="executor://mstestadapter/v4" className="RAWSelectionAssistant.WpfTests.Version230StageCLiveMonitorWpfTests" name="Workspace_XamlContainsAnalysisCompareReferenceAndGuideContract" />
    </UnitTest>
    <UnitTest name="Workspace_XamlContainsPreviewNavigationContract (&quot;AutomationProperties.Name=&quot;全屏监看&quot;&quot;)" storage="d:\ai agent\worktrees\pixel-tart-developer-preview-rc6\tests\rawselectionassistant.wpftests\bin\x64\release\net10.0-windows10.0.19041.0\rawselectionassistant.wpftests.dll" id="1e1e322c-a952-8a77-9f0b-56713768cd81">
      <Execution id="da2d1170-02a6-4ca7-9762-a5ae392c94f6" />
      <TestMethod codeBase="D:\AI AGENT\worktrees\pixel-tart-developer-preview-rc6\tests\RAWSelectionAssistant.WpfTests\bin\x64\Release\net10.0-windows10.0.19041.0\RAWSelectionAssistant.WpfTests.dll" adapterTypeName="executor://mstestadapter/v4" className="RAWSelectionAssistant.WpfTests.Version230StageCLiveMonitorWpfTests" name="Workspace_XamlContainsPreviewNavigationContract" />
    </UnitTest>
    <UnitTest name="MonitoringLogsAndDiagnosticsExcludePrivateContent" storage="d:\ai agent\worktrees\pixel-tart-developer-preview-rc6\tests\rawselectionassistant.wpftests\bin\x64\release\net10.0-windows10.0.19041.0\rawselectionassistant.wpftests.dll" id="17980955-b948-8fce-8c2f-695bf1142de6">
      <Execution id="5e37901c-1b19-4180-a962-b493146e2576" />
      <TestMethod codeBase="D:\AI AGENT\worktrees\pixel-tart-developer-preview-rc6\tests\RAWSelectionAssistant.WpfTests\bin\x64\Release\net10.0-windows10.0.19041.0\RAWSelectionAssistant.WpfTests.dll" adapterTypeName="executor://mstestadapter/v4" className="RAWSelectionAssistant.WpfTests.Version230StageCLiveMonitorWpfTests" name="MonitoringLogsAndDiagnosticsExcludePrivateContent" />
    </UnitTest>
    <UnitTest name="Workspace_XamlContainsLocalAnnotationContract (&quot;只设置本地拒绝标记&quot;)" storage="d:\ai agent\worktrees\pixel-tart-developer-preview-rc6\tests\rawselectionassistant.wpftests\bin\x64\release\net10.0-windows10.0.19041.0\rawselectionassistant.wpftests.dll" id="15d29956-0455-89c2-8f84-0fb6d1726b91">
      <Execution id="0ce48702-6e2b-44d5-867b-7d842f1ba099" />
      <TestMethod codeBase="D:\AI AGENT\worktrees\pixel-tart-developer-preview-rc6\tests\RAWSelectionAssistant.WpfTests\bin\x64\Release\net10.0-windows10.0.19041.0\RAWSelectionAssistant.WpfTests.dll" adapterTypeName="executor://mstestadapter/v4" className="RAWSelectionAssistant.WpfTests.Version230StageCLiveMonitorWpfTests" name="Workspace_XamlContainsLocalAnnotationContract" />
    </UnitTest>
    <UnitTest name="Workspace_XamlContainsLocalAnnotationContract (&quot;不进入回收站&quot;)" storage="d:\ai agent\worktrees\pixel-tart-developer-preview-rc6\tests\rawselectionassistant.wpftests\bin\x64\release\net10.0-windows10.0.19041.0\rawselectionassistant.wpftests.dll" id="1b25f9c0-3b8e-8fda-aa73-f0b5529aac1b">
      <Execution id="5ccef910-01e2-4bf9-804e-f10b30e6644d" />
      <TestMethod codeBase="D:\AI AGENT\worktrees\pixel-tart-developer-preview-rc6\tests\RAWSelectionAssistant.WpfTests\bin\x64\Release\net10.0-windows10.0.19041.0\RAWSelectionAssistant.WpfTests.dll" adapterTypeName="executor://mstestadapter/v4" className="RAWSelectionAssistant.WpfTests.Version230StageCLiveMonitorWpfTests" name="Workspace_XamlContainsLocalAnnotationContract" />
    </UnitTest>
    <UnitTest name="Workspace_XamlContainsAnalysisCompareReferenceAndGuideContract (&quot;RGB直方图&quot;)" storage="d:\ai agent\worktrees\pixel-tart-developer-preview-rc6\tests\rawselectionassistant.wpftests\bin\x64\release\net10.0-windows10.0.19041.0\rawselectionassistant.wpftests.dll" id="11b0af94-e9c0-8c86-9010-77275322f10d">
      <Execution id="d5af148d-d1c0-403b-930a-8fc37535f3d3" />
      <TestMethod codeBase="D:\AI AGENT\worktrees\pixel-tart-developer-preview-rc6\tests\RAWSelectionAssistant.WpfTests\bin\x64\Release\net10.0-windows10.0.19041.0\RAWSelectionAssistant.WpfTests.dll" adapterTypeName="executor://mstestadapter/v4" className="RAWSelectionAssistant.WpfTests.Version230StageCLiveMonitorWpfTests" name="Workspace_XamlContainsAnalysisCompareReferenceAndGuideContract" />
    </UnitTest>
    <UnitTest name="Workspace_XamlContainsAnalysisCompareReferenceAndGuideContract (&quot;高光警告&quot;)" storage="d:\ai agent\worktrees\pixel-tart-developer-preview-rc6\tests\rawselectionassistant.wpftests\bin\x64\release\net10.0-windows10.0.19041.0\rawselectionassistant.wpftests.dll" id="1bc38f96-d6bd-8160-ae92-e9ac005a0bf6">
      <Execution id="e9f3180d-8e2f-4399-ba0f-50d33de657fa" />
      <TestMethod codeBase="D:\AI AGENT\worktrees\pixel-tart-developer-preview-rc6\tests\RAWSelectionAssistant.WpfTests\bin\x64\Release\net10.0-windows10.0.19041.0\RAWSelectionAssistant.WpfTests.dll" adapterTypeName="executor://mstestadapter/v4" className="RAWSelectionAssistant.WpfTests.Version230StageCLiveMonitorWpfTests" name="Workspace_XamlContainsAnalysisCompareReferenceAndGuideContract" />
    </UnitTest>
    <UnitTest name="Workspace_XamlContainsThreeColumnAndVirtualizationContract (&quot;VirtualizationMode=&quot;Recycling&quot;&quot;)" storage="d:\ai agent\worktrees\pixel-tart-developer-preview-rc6\tests\rawselectionassistant.wpftests\bin\x64\release\net10.0-windows10.0.19041.0\rawselectionassistant.wpftests.dll" id="1cc008f4-4cc9-8eba-8d35-862397707ca7">
      <Execution id="28d100e8-c7ba-49e5-bcbe-4354c09a33ab" />
      <TestMethod codeBase="D:\AI AGENT\worktrees\pixel-tart-developer-preview-rc6\tests\RAWSelectionAssistant.WpfTests\bin\x64\Release\net10.0-windows10.0.19041.0\RAWSelectionAssistant.WpfTests.dll" adapterTypeName="executor://mstestadapter/v4" className="RAWSelectionAssistant.WpfTests.Version230StageCLiveMonitorWpfTests" name="Workspace_XamlContainsThreeColumnAndVirtualizationContract" />
    </UnitTest>
    <UnitTest name="Workspace_XamlContainsLocalAnnotationContract (&quot;客户备注&quot;)" storage="d:\ai agent\worktrees\pixel-tart-developer-preview-rc6\tests\rawselectionassistant.wpftests\bin\x64\release\net10.0-windows10.0.19041.0\rawselectionassistant.wpftests.dll" id="1d8a1ca8-8b39-8b34-9b53-4479a981bc27">
      <Execution id="a8e3e896-fb5d-4cb7-a38e-b00be732f3b5" />
      <TestMethod codeBase="D:\AI AGENT\worktrees\pixel-tart-developer-preview-rc6\tests\RAWSelectionAssistant.WpfTests\bin\x64\Release\net10.0-windows10.0.19041.0\RAWSelectionAssistant.WpfTests.dll" adapterTypeName="executor://mstestadapter/v4" className="RAWSelectionAssistant.WpfTests.Version230StageCLiveMonitorWpfTests" name="Workspace_XamlContainsLocalAnnotationContract" />
    </UnitTest>
  </TestDefinitions>
  <TestEntries>
    <TestEntry testId="139bc53d-ff57-8df8-a908-f77e0d189ffd" executionId="71606166-f5f0-42da-9bb9-9eda8923b50a" testListId="8c84fa94-04c1-424b-9868-57a2d4851a1d" />
    <TestEntry testId="1b25f9c0-3b8e-8fda-aa73-f0b5529aac1b" executionId="5ccef910-01e2-4bf9-804e-f10b30e6644d" testListId="8c84fa94-04c1-424b-9868-57a2d4851a1d" />
    <TestEntry testId="1dba8fee-91a4-8bdb-b8c2-6b9adc541fda" executionId="f2f86ce2-735e-4fe8-8428-beb1afd7ef4d" testListId="8c84fa94-04c1-424b-9868-57a2d4851a1d" />
    <TestEntry testId="1246a133-61f6-8dc6-be4d-d6e4de96a80b" executionId="c57cfe48-2cc3-44da-83bc-b7104bdd7f40" testListId="8c84fa94-04c1-424b-9868-57a2d4851a1d" />
    <TestEntry testId="1027a7a8-bf9a-8f8b-b1e8-481bbcc1804c" executionId="b7379007-f7e0-48b9-bd9d-0ce87bdc50a7" testListId="8c84fa94-04c1-424b-9868-57a2d4851a1d" />
    <TestEntry testId="17980955-b948-8fce-8c2f-695bf1142de6" executionId="5e37901c-1b19-4180-a962-b493146e2576" testListId="8c84fa94-04c1-424b-9868-57a2d4851a1d" />
    <TestEntry testId="11b0af94-e9c0-8c86-9010-77275322f10d" executionId="d5af148d-d1c0-403b-930a-8fc37535f3d3" testListId="8c84fa94-04c1-424b-9868-57a2d4851a1d" />
    <TestEntry testId="1bd72bdc-665e-80f7-8791-4ff0dd6a238d" executionId="ac182313-9735-4b71-9285-891d6a35c3cd" testListId="8c84fa94-04c1-424b-9868-57a2d4851a1d" />
    <TestEntry testId="11a056e2-8627-855e-95d5-9df260180064" executionId="c4241c56-9f0d-47fe-9631-44a66cd7b942" testListId="8c84fa94-04c1-424b-9868-57a2d4851a1d" />
    <TestEntry testId="1bb588e4-fb49-8363-b27d-466739efa264" executionId="596c5e39-3dbb-47f2-a78f-c82f6f5434a7" testListId="8c84fa94-04c1-424b-9868-57a2d4851a1d" />
    <TestEntry testId="15d29956-0455-89c2-8f84-0fb6d1726b91" executionId="0ce48702-6e2b-44d5-867b-7d842f1ba099" testListId="8c84fa94-04c1-424b-9868-57a2d4851a1d" />
    <TestEntry testId="1fb4590e-8762-8f64-8815-19c1d292f79e" executionId="483b918d-9304-4922-b710-57e88989b9e1" testListId="8c84fa94-04c1-424b-9868-57a2d4851a1d" />
    <TestEntry testId="148001be-118c-8e27-98d5-f63904623da8" executionId="fd109016-5475-448d-afa1-e55b97bc66e1" testListId="8c84fa94-04c1-424b-9868-57a2d4851a1d" />
    <TestEntry testId="16e0cb41-62ad-874c-b505-4d5897565b59" executionId="0e660a06-1b17-454b-9f6e-303a478ec844" testListId="8c84fa94-04c1-424b-9868-57a2d4851a1d" />
    <TestEntry testId="139ab4f0-5572-8510-aba3-d0408fc87c28" executionId="96f88207-ade4-48f1-8590-386d7b45064f" testListId="8c84fa94-04c1-424b-9868-57a2d4851a1d" />
    <TestEntry testId="1217b941-ffc3-836e-8c6b-f28b6f1007b7" executionId="6d7b1e2a-c55a-44bb-ad1d-3fd91d896ae6" testListId="8c84fa94-04c1-424b-9868-57a2d4851a1d" />
    <TestEntry testId="1147730f-8658-87a9-980a-fca1ce9ce1e8" executionId="c9b702d1-077a-4c93-8267-4f277d723731" testListId="8c84fa94-04c1-424b-9868-57a2d4851a1d" />
    <TestEntry testId="140d1c1e-0ba3-8b75-87b4-9abf95a4b92e" executionId="efaf6e21-dcce-40be-8255-e0f40324e25a" testListId="8c84fa94-04c1-424b-9868-57a2d4851a1d" />
    <TestEntry testId="15e8c3ba-f93a-89f6-bb8d-2e5c130a3866" executionId="c2a93a37-f9b7-449e-b6bb-b81d6bdbf836" testListId="8c84fa94-04c1-424b-9868-57a2d4851a1d" />
    <TestEntry testId="14b366af-5a1a-8b1d-a796-815f3af0c09e" executionId="2989ec9d-a442-4811-b999-e2163e1f5aea" testListId="8c84fa94-04c1-424b-9868-57a2d4851a1d" />
    <TestEntry testId="1e8e5d81-5bef-8bca-8a75-535126c4ae25" executionId="8a741886-e4b0-486e-b0a0-032634d5abf5" testListId="8c84fa94-04c1-424b-9868-57a2d4851a1d" />
    <TestEntry testId="1d755015-2c0e-825e-9454-b2dcd926ad0e" executionId="1f2f13ad-9054-47c0-b01e-599429679db0" testListId="8c84fa94-04c1-424b-9868-57a2d4851a1d" />
    <TestEntry testId="1e213a93-d6f2-8172-a1d8-dde553210504" executionId="ff642ae8-ca60-4d82-8200-2213ec44d376" testListId="8c84fa94-04c1-424b-9868-57a2d4851a1d" />
    <TestEntry testId="18c39a28-f5a9-8318-9c35-02e606668d2f" executionId="ca9a2da1-172f-4c1f-8a54-a2d13dffcc66" testListId="8c84fa94-04c1-424b-9868-57a2d4851a1d" />
    <TestEntry testId="114e29b4-2209-88a6-b42b-abdf754e08b5" executionId="42def572-97f3-40c6-9c99-1f1020580f91" testListId="8c84fa94-04c1-424b-9868-57a2d4851a1d" />
    <TestEntry testId="19cf20bb-7137-81e0-bd86-a1eb13cfe2a3" executionId="70f36647-26bf-496d-82f5-6b950f8fe8a1" testListId="8c84fa94-04c1-424b-9868-57a2d4851a1d" />
    <TestEntry testId="1e09c936-1470-8409-9ab8-6b2413e5f8a4" executionId="76dd2ca7-9d1a-4258-9794-4119b29c979a" testListId="8c84fa94-04c1-424b-9868-57a2d4851a1d" />
    <TestEntry testId="14ac9f82-f9fa-84ac-9385-76c9a39956d2" executionId="75df62b2-dd9c-4547-a1dc-2ceb328274ae" testListId="8c84fa94-04c1-424b-9868-57a2d4851a1d" />
    <TestEntry testId="1753c481-df87-863b-b7f4-e96b7abe84f4" executionId="5cea0995-04a4-45ed-941f-cf2dcee3cd50" testListId="8c84fa94-04c1-424b-9868-57a2d4851a1d" />
    <TestEntry testId="164145db-78de-8a5f-ad85-1324451e43c4" executionId="c7210c09-e565-41c9-ae90-82316212147e" testListId="8c84fa94-04c1-424b-9868-57a2d4851a1d" />
    <TestEntry testId="1f1ac8ce-9ce9-893e-9c75-51ffb6c77823" executionId="71a88dfa-a535-47e4-b1b6-20e4b863b4e8" testListId="8c84fa94-04c1-424b-9868-57a2d4851a1d" />
    <TestEntry testId="1d8a1ca8-8b39-8b34-9b53-4479a981bc27" executionId="a8e3e896-fb5d-4cb7-a38e-b00be732f3b5" testListId="8c84fa94-04c1-424b-9868-57a2d4851a1d" />
    <TestEntry testId="1443cf83-8fd1-83dd-9e7b-95918c1542be" executionId="e5594ec3-6de0-42fe-b3f9-7bab611bd95d" testListId="8c84fa94-04c1-424b-9868-57a2d4851a1d" />
    <TestEntry testId="1151597b-494a-8062-9688-5fdd3facaa0f" executionId="6b6be737-2546-4d0e-b526-5e3a198d4323" testListId="8c84fa94-04c1-424b-9868-57a2d4851a1d" />
    <TestEntry testId="161bb52c-a452-8028-85f4-ff0d760a7862" executionId="8a867d6e-c9f3-426f-9972-341b08ca5c17" testListId="8c84fa94-04c1-424b-9868-57a2d4851a1d" />
    <TestEntry testId="1e1e322c-a952-8a77-9f0b-56713768cd81" executionId="da2d1170-02a6-4ca7-9762-a5ae392c94f6" testListId="8c84fa94-04c1-424b-9868-57a2d4851a1d" />
    <TestEntry testId="1303cc2d-0359-83b9-a460-edc114a98019" executionId="807aaf05-e771-43f7-b552-4191f07bb91b" testListId="8c84fa94-04c1-424b-9868-57a2d4851a1d" />
    <TestEntry testId="1fba0f9f-180e-8891-bb02-bbb4bd551a8d" executionId="daa81b37-fcdf-43e9-84bb-80a5b503fcd5" testListId="8c84fa94-04c1-424b-9868-57a2d4851a1d" />
    <TestEntry testId="11ef9b29-c6c9-8fcb-8384-2b73b5e97fd7" executionId="5be52d66-0fc3-4f58-8058-91a6f6525c05" testListId="8c84fa94-04c1-424b-9868-57a2d4851a1d" />
    <TestEntry testId="1a7135e1-99f9-829c-98b5-1177ef4954d1" executionId="8b4348d6-378e-4174-af93-f53187299378" testListId="8c84fa94-04c1-424b-9868-57a2d4851a1d" />
    <TestEntry testId="14e80d9f-c115-8a73-94a5-f19fe6f3f556" executionId="3ba4933a-3d95-4bda-91b9-45f38ae03458" testListId="8c84fa94-04c1-424b-9868-57a2d4851a1d" />
    <TestEntry testId="14ae8f3d-f559-887c-a669-d14802942243" executionId="a64ef4c6-4420-475d-8d61-e2115e965e75" testListId="8c84fa94-04c1-424b-9868-57a2d4851a1d" />
    <TestEntry testId="12a54204-23a0-84c4-b781-4aeaf50e4304" executionId="c4660749-c70c-46d9-a67e-41307ff788bd" testListId="8c84fa94-04c1-424b-9868-57a2d4851a1d" />
    <TestEntry testId="1bc38f96-d6bd-8160-ae92-e9ac005a0bf6" executionId="e9f3180d-8e2f-4399-ba0f-50d33de657fa" testListId="8c84fa94-04c1-424b-9868-57a2d4851a1d" />
    <TestEntry testId="1dd52893-ef79-8436-b707-78dabad33aa0" executionId="f5168618-318a-4860-9ad2-dc8b57e383ef" testListId="8c84fa94-04c1-424b-9868-57a2d4851a1d" />
    <TestEntry testId="1fe43bfb-7a57-8c89-9cf3-3129908e75b1" executionId="0c94a6c6-7400-440b-a800-c1d438ef719f" testListId="8c84fa94-04c1-424b-9868-57a2d4851a1d" />
    <TestEntry testId="1c8cc87d-79ff-88e8-8171-251876c5e30b" executionId="e522de70-59f7-4320-b856-2627f71af9bb" testListId="8c84fa94-04c1-424b-9868-57a2d4851a1d" />
    <TestEntry testId="10265576-0e3f-8efa-bfcc-2b01bb325e2e" executionId="549b7a36-d564-465d-adc6-7cac949f2304" testListId="8c84fa94-04c1-424b-9868-57a2d4851a1d" />
    <TestEntry testId="189845ca-d92a-8f77-8984-594c524a29a8" executionId="25a45fd8-c95c-4d10-ae11-dc7ef7aae282" testListId="8c84fa94-04c1-424b-9868-57a2d4851a1d" />
    <TestEntry testId="122ec09f-4aab-83f0-aa63-978645d427de" executionId="2adbd910-3b80-46a6-9094-01ccb225ecc1" testListId="8c84fa94-04c1-424b-9868-57a2d4851a1d" />
    <TestEntry testId="1c5af36f-8b48-8012-80cd-a1f7fdff4d96" executionId="7e8ed5d7-3551-45d1-a4e3-c11d8a7f6ae2" testListId="8c84fa94-04c1-424b-9868-57a2d4851a1d" />
    <TestEntry testId="16389d71-3de0-83fb-b245-c88b6edee008" executionId="51d5fafa-90af-4f81-80f2-3766658da549" testListId="8c84fa94-04c1-424b-9868-57a2d4851a1d" />
    <TestEntry testId="15765501-c22d-86ff-b8d7-04f1089b9b0c" executionId="d5ac68af-5d6a-4bc0-adcf-0e67a1e0da7c" testListId="8c84fa94-04c1-424b-9868-57a2d4851a1d" />
    <TestEntry testId="1e84bdfc-7116-895e-9096-a1c88c81881e" executionId="a912578b-786e-4225-ae5f-54c7b4a289b4" testListId="8c84fa94-04c1-424b-9868-57a2d4851a1d" />
    <TestEntry testId="13792eb6-ef67-82ca-9c8d-dcaee823d827" executionId="1efb2116-9d40-43dc-ae1e-231d2de34e90" testListId="8c84fa94-04c1-424b-9868-57a2d4851a1d" />
    <TestEntry testId="1cc008f4-4cc9-8eba-8d35-862397707ca7" executionId="28d100e8-c7ba-49e5-bcbe-4354c09a33ab" testListId="8c84fa94-04c1-424b-9868-57a2d4851a1d" />
  </TestEntries>
  <TestLists>
    <TestList name="列表中未列出的结果" id="8c84fa94-04c1-424b-9868-57a2d4851a1d" />
    <TestList name="所有已加载的结果" id="19431567-8539-422a-85d7-44ee4e166bda" />
  </TestLists>
  <ResultSummary outcome="Completed">
    <Counters total="56" executed="56" passed="56" failed="0" error="0" timeout="0" aborted="0" inconclusive="0" passedButRunAborted="0" notRunnable="0" notExecuted="0" disconnected="0" warning="0" completed="0" inProgress="0" pending="0" />
  </ResultSummary>
</TestRun>