<?xml version="1.0" encoding="utf-8"?>
<TestRun id="0c67756c-f36c-4d11-a88b-83013c36ce5f" name="Administrator@PC-20250309WEIZ 2026-09-20 18:19:31" runUser="PC-20250309WEIZ\Administrator" xmlns="http://microsoft.com/schemas/VisualStudio/TeamTest/2010">
  <Times creation="2026-09-20T18:19:31.6743667+08:00" queuing="2026-09-20T18:19:31.6743672+08:00" start="2026-09-20T18:19:31.0502444+08:00" finish="2026-09-20T18:19:31.7243533+08:00" />
  <TestSettings name="default" id="6cff4eef-192e-480f-ac13-ccce17694aa3">
    <Deployment runDeploymentRoot="Administrator_PC-20250309WEIZ_2026-09-20_18_19_31" />
  </TestSettings>
  <Results>
    <UnitTestResult executionId="2810cec8-c0e4-47ce-8d74-5c471c7c115a" testId="131a8b99-4545-89fd-ab8c-490012b27a68" testName="Cache_InvalidationNeverTouchesOutsideRoot" computerName="PC-20250309WEIZ" duration="00:00:00.0041401" startTime="2026-09-20T18:19:31.6563182+08:00" endTime="2026-09-20T18:19:31.6605094+08:00" testType="13cdc9d9-ddb5-4fa4-a97d-d965ccfc6d4b" outcome="Passed" testListId="8c84fa94-04c1-424b-9868-57a2d4851a1d" relativeResultsDirectory="2810cec8-c0e4-47ce-8d74-5c471c7c115a" />
    <UnitTestResult executionId="d06ca023-962b-4e28-9ed5-8ed694bfc6ec" testId="12ac6b99-c541-8ec3-89f7-2b5135350a5f" testName="CpuPreview_StrengthZeroMatchesSource" computerName="PC-20250309WEIZ" duration="00:00:00.0021565" startTime="2026-09-20T18:19:31.5637752+08:00" endTime="2026-09-20T18:19:31.5659900+08:00" testType="13cdc9d9-ddb5-4fa4-a97d-d965ccfc6d4b" outcome="Passed" testListId="8c84fa94-04c1-424b-9868-57a2d4851a1d" relativeResultsDirectory="d06ca023-962b-4e28-9ed5-8ed694bfc6ec" />
    <UnitTestResult executionId="f644f0c9-007f-4c3f-b97f-cbf7243326c4" testId="1226f6a8-c58c-81db-b235-ed9cb1d3c781" testName="ColorPipelineFailureDoesNotStopWatchFolder" computerName="PC-20250309WEIZ" duration="00:00:00.0002567" startTime="2026-09-20T18:19:31.6687653+08:00" endTime="2026-09-20T18:19:31.6690466+08:00" testType="13cdc9d9-ddb5-4fa4-a97d-d965ccfc6d4b" outcome="Passed" testListId="8c84fa94-04c1-424b-9868-57a2d4851a1d" relativeResultsDirectory="f644f0c9-007f-4c3f-b97f-cbf7243326c4" />
    <UnitTestResult executionId="0ad9824e-5a06-4a29-b0c4-e6ac3e3ab217" testId="13d67dc0-8579-8547-8fed-c43189c07eb8" testName="CpuPreview_InvalidIccFallsBackSrgb" computerName="PC-20250309WEIZ" duration="00:00:00.0032560" startTime="2026-09-20T18:19:31.5701852+08:00" endTime="2026-09-20T18:19:31.5734815+08:00" testType="13cdc9d9-ddb5-4fa4-a97d-d965ccfc6d4b" outcome="Passed" testListId="8c84fa94-04c1-424b-9868-57a2d4851a1d" relativeResultsDirectory="0ad9824e-5a06-4a29-b0c4-e6ac3e3ab217" />
    <UnitTestResult executionId="35a477fb-1e46-4131-9905-1ac0a7fef943" testId="18259be7-0c2e-8746-aa11-98a2c56fc713" testName="CpuPreview_ThreeDimensionalProcessesProxy" computerName="PC-20250309WEIZ" duration="00:00:00.0047834" startTime="2026-09-20T18:19:31.5582475+08:00" endTime="2026-09-20T18:19:31.5633548+08:00" testType="13cdc9d9-ddb5-4fa4-a97d-d965ccfc6d4b" outcome="Passed" testListId="8c84fa94-04c1-424b-9868-57a2d4851a1d" relativeResultsDirectory="35a477fb-1e46-4131-9905-1ac0a7fef943" />
    <UnitTestResult executionId="fdb1ec3e-4f1e-4de0-b4fa-5662a52ebc22" testId="1a4ab688-1d19-8daa-bdd0-92655c43de2c" testName="ClientMonitorWindow_EscapeAndF11CloseOnlyWindow" computerName="PC-20250309WEIZ" duration="00:00:00.0002090" startTime="2026-09-20T18:19:31.6621096+08:00" endTime="2026-09-20T18:19:31.6623409+08:00" testType="13cdc9d9-ddb5-4fa4-a97d-d965ccfc6d4b" outcome="Passed" testListId="8c84fa94-04c1-424b-9868-57a2d4851a1d" relativeResultsDirectory="fdb1ec3e-4f1e-4de0-b4fa-5662a52ebc22" />
    <UnitTestResult executionId="a9a5ee64-009d-43c9-8e15-39975e74aab0" testId="1658a491-d2a2-8e66-8f9b-1617b189697b" testName="ColorPipelineLatestRequestWins" computerName="PC-20250309WEIZ" duration="00:00:00.0002618" startTime="2026-09-20T18:19:31.6684561+08:00" endTime="2026-09-20T18:19:31.6687470+08:00" testType="13cdc9d9-ddb5-4fa4-a97d-d965ccfc6d4b" outcome="Passed" testListId="8c84fa94-04c1-424b-9868-57a2d4851a1d" relativeResultsDirectory="a9a5ee64-009d-43c9-8e15-39975e74aab0" />
    <UnitTestResult executionId="bf2c02cc-ef0c-48f6-97e4-8513ab9e8d7c" testId="1c74c7fa-51fe-8677-95b8-331d66af7d61" testName="TetherWorkspace_HasLutImportSearchFavoriteDefaultsAndRelocation" computerName="PC-20250309WEIZ" duration="00:00:00.0008554" startTime="2026-09-20T18:19:31.6623562+08:00" endTime="2026-09-20T18:19:31.6632391+08:00" testType="13cdc9d9-ddb5-4fa4-a97d-d965ccfc6d4b" outcome="Passed" testListId="8c84fa94-04c1-424b-9868-57a2d4851a1d" relativeResultsDirectory="bf2c02cc-ef0c-48f6-97e4-8513ab9e8d7c" />
    <UnitTestResult executionId="d959a235-927b-41f8-9226-629ba735c7c5" testId="1d9b9cb1-ce45-83ca-bff2-2c1f89751c98" testName="Cache_UsesOpaqueKeyAndDoesNotExposePaths" computerName="PC-20250309WEIZ" duration="00:00:00.0047180" startTime="2026-09-20T18:19:31.5739004+08:00" endTime="2026-09-20T18:19:31.5786595+08:00" testType="13cdc9d9-ddb5-4fa4-a97d-d965ccfc6d4b" outcome="Passed" testListId="8c84fa94-04c1-424b-9868-57a2d4851a1d" relativeResultsDirectory="d959a235-927b-41f8-9226-629ba735c7c5" />
    <UnitTestResult executionId="802ae69e-b109-4078-b2d9-8fb8321765a0" testId="124f765e-8c10-87be-867e-0a7336340791" testName="Cache_StoresAndResolvesValidPng" computerName="PC-20250309WEIZ" duration="00:00:00.0309516" startTime="2026-09-20T18:19:31.5786875+08:00" endTime="2026-09-20T18:19:31.6096958+08:00" testType="13cdc9d9-ddb5-4fa4-a97d-d965ccfc6d4b" outcome="Passed" testListId="8c84fa94-04c1-424b-9868-57a2d4851a1d" relativeResultsDirectory="802ae69e-b109-4078-b2d9-8fb8321765a0" />
    <UnitTestResult executionId="975578f3-9635-482e-904b-48c778537cde" testId="1a6f4c4f-50eb-88e0-8221-75170e2c7383" testName="ClientMonitorXaml_HasNoFileOperations" computerName="PC-20250309WEIZ" duration="00:00:00.0006185" startTime="2026-09-20T18:19:31.6611757+08:00" endTime="2026-09-20T18:19:31.6618272+08:00" testType="13cdc9d9-ddb5-4fa4-a97d-d965ccfc6d4b" outcome="Passed" testListId="8c84fa94-04c1-424b-9868-57a2d4851a1d" relativeResultsDirectory="975578f3-9635-482e-904b-48c778537cde" />
    <UnitTestResult executionId="692a4788-6001-4b08-8fb2-6ba36574cecc" testId="1c56ad77-ccfd-86a5-8444-65939a09aebd" testName="TetherWorkspace_HasPerDisplayIccAndDisclaimer" computerName="PC-20250309WEIZ" duration="00:00:00.0007048" startTime="2026-09-20T18:19:31.6659358+08:00" endTime="2026-09-20T18:19:31.6666830+08:00" testType="13cdc9d9-ddb5-4fa4-a97d-d965ccfc6d4b" outcome="Passed" testListId="8c84fa94-04c1-424b-9868-57a2d4851a1d" relativeResultsDirectory="692a4788-6001-4b08-8fb2-6ba36574cecc" />
    <UnitTestResult executionId="1fec3ed2-1a53-4470-9907-603828216d0b" testId="1ac93605-459d-896d-8614-53831c01e7f1" testName="TetherWorkspace_HasThreeFollowModes" computerName="PC-20250309WEIZ" duration="00:00:00.0003424" startTime="2026-09-20T18:19:31.6667063+08:00" endTime="2026-09-20T18:19:31.6670775+08:00" testType="13cdc9d9-ddb5-4fa4-a97d-d965ccfc6d4b" outcome="Passed" testListId="8c84fa94-04c1-424b-9868-57a2d4851a1d" relativeResultsDirectory="1fec3ed2-1a53-4470-9907-603828216d0b" />
    <UnitTestResult executionId="008fbba6-3479-47e3-8995-d2f9cc328af9" testId="1207d5d2-ffb7-8e6c-8e65-037afd0bb6f7" testName="TopologyChangeSafelyWithdrawsWindow" computerName="PC-20250309WEIZ" duration="00:00:00.0003105" startTime="2026-09-20T18:19:31.6681067+08:00" endTime="2026-09-20T18:19:31.6684400+08:00" testType="13cdc9d9-ddb5-4fa4-a97d-d965ccfc6d4b" outcome="Passed" testListId="8c84fa94-04c1-424b-9868-57a2d4851a1d" relativeResultsDirectory="008fbba6-3479-47e3-8995-d2f9cc328af9" />
    <UnitTestResult executionId="7cd50dd9-637c-421d-9751-282bb0dea014" testId="10f6da51-b8c8-8e75-a6cd-5cdd9dc5e137" testName="Cache_CorruptFileIsRejectedAndRebuildable" computerName="PC-20250309WEIZ" duration="00:00:00.0093365" startTime="2026-09-20T18:19:31.6097380+08:00" endTime="2026-09-20T18:19:31.6191438+08:00" testType="13cdc9d9-ddb5-4fa4-a97d-d965ccfc6d4b" outcome="Passed" testListId="8c84fa94-04c1-424b-9868-57a2d4851a1d" relativeResultsDirectory="7cd50dd9-637c-421d-9751-282bb0dea014" />
    <UnitTestResult executionId="8372e183-2100-4092-bf4f-e4f83d5c2df5" testId="133da64e-25de-8298-adef-0e7b34f3e20a" testName="ClientMonitorXaml_HasFavoriteAndNoteAccessibility" computerName="PC-20250309WEIZ" duration="00:00:00.0002182" startTime="2026-09-20T18:19:31.6618486+08:00" endTime="2026-09-20T18:19:31.6620928+08:00" testType="13cdc9d9-ddb5-4fa4-a97d-d965ccfc6d4b" outcome="Passed" testListId="8c84fa94-04c1-424b-9868-57a2d4851a1d" relativeResultsDirectory="8372e183-2100-4092-bf4f-e4f83d5c2df5" />
    <UnitTestResult executionId="547eedde-d43c-498c-acbe-7f754351b044" testId="11cb02fa-da6b-8eeb-a9d6-77584320ab85" testName="Cache_LruTrimsOldest" computerName="PC-20250309WEIZ" duration="00:00:00.0157616" startTime="2026-09-20T18:19:31.6404510+08:00" endTime="2026-09-20T18:19:31.6562809+08:00" testType="13cdc9d9-ddb5-4fa4-a97d-d965ccfc6d4b" outcome="Passed" testListId="8c84fa94-04c1-424b-9868-57a2d4851a1d" relativeResultsDirectory="547eedde-d43c-498c-acbe-7f754351b044" />
    <UnitTestResult executionId="2c953a0d-e9f3-4a64-9198-6f504ab083dc" testId="1b7c7cf2-9107-8815-a690-544367239275" testName="CpuPreview_HonorsCancellation" computerName="PC-20250309WEIZ" duration="00:00:00.0040855" startTime="2026-09-20T18:19:31.5660207+08:00" endTime="2026-09-20T18:19:31.5701535+08:00" testType="13cdc9d9-ddb5-4fa4-a97d-d965ccfc6d4b" outcome="Passed" testListId="8c84fa94-04c1-424b-9868-57a2d4851a1d" relativeResultsDirectory="2c953a0d-e9f3-4a64-9198-6f504ab083dc" />
    <UnitTestResult executionId="634de528-cc38-4e6b-993d-bacaa6448fc4" testId="13c2dcee-3b7c-8f9e-90b0-db71d2bc3278" testName="TetherWorkspace_HasInputSpaceUnknownWarning" computerName="PC-20250309WEIZ" duration="00:00:00.0006311" startTime="2026-09-20T18:19:31.6640231+08:00" endTime="2026-09-20T18:19:31.6646832+08:00" testType="13cdc9d9-ddb5-4fa4-a97d-d965ccfc6d4b" outcome="Passed" testListId="8c84fa94-04c1-424b-9868-57a2d4851a1d" relativeResultsDirectory="634de528-cc38-4e6b-993d-bacaa6448fc4" />
    <UnitTestResult executionId="4bdb5877-fa22-42eb-9ddd-81ae5a7ceebe" testId="1e4f5d47-0d23-84df-950d-d11b3d72b201" testName="NoLocalhostAndReleaseProviderNoneRemain" computerName="PC-20250309WEIZ" duration="00:00:00.0006037" startTime="2026-09-20T18:19:31.6707481+08:00" endTime="2026-09-20T18:19:31.6723815+08:00" testType="13cdc9d9-ddb5-4fa4-a97d-d965ccfc6d4b" outcome="Passed" testListId="8c84fa94-04c1-424b-9868-57a2d4851a1d" relativeResultsDirectory="4bdb5877-fa22-42eb-9ddd-81ae5a7ceebe" />
    <UnitTestResult executionId="35d8c48f-a8ea-406a-9eab-bc2999a2ab29" testId="1b75311a-4214-829a-abfb-ada4dd80ac05" testName="NoGpuOrVendorSdkIntroduced" computerName="PC-20250309WEIZ" duration="00:00:00.0005270" startTime="2026-09-20T18:19:31.6695751+08:00" endTime="2026-09-20T18:19:31.6701272+08:00" testType="13cdc9d9-ddb5-4fa4-a97d-d965ccfc6d4b" outcome="Passed" testListId="8c84fa94-04c1-424b-9868-57a2d4851a1d" relativeResultsDirectory="35d8c48f-a8ea-406a-9eab-bc2999a2ab29" />
    <UnitTestResult executionId="c3e320e6-9d6a-49a7-aa30-282ffb783b9f" testId="1725ca56-9c39-8901-b0b9-516db91b88a3" testName="TopologyUsesStableKeyAndNotDisplayIndex" computerName="PC-20250309WEIZ" duration="00:00:00.0002495" startTime="2026-09-20T18:19:31.6678183+08:00" endTime="2026-09-20T18:19:31.6680918+08:00" testType="13cdc9d9-ddb5-4fa4-a97d-d965ccfc6d4b" outcome="Passed" testListId="8c84fa94-04c1-424b-9868-57a2d4851a1d" relativeResultsDirectory="c3e320e6-9d6a-49a7-aa30-282ffb783b9f" />
    <UnitTestResult executionId="0391dd10-97ab-4477-a1d0-17cd7fbeaecf" testId="17675a38-edef-84e6-a458-2c5d1125db6e" testName="TetherWorkspace_HasDefaultPrivacyToggles" computerName="PC-20250309WEIZ" duration="00:00:00.0006771" startTime="2026-09-20T18:19:31.6670954+08:00" endTime="2026-09-20T18:19:31.6677990+08:00" testType="13cdc9d9-ddb5-4fa4-a97d-d965ccfc6d4b" outcome="Passed" testListId="8c84fa94-04c1-424b-9868-57a2d4851a1d" relativeResultsDirectory="0391dd10-97ab-4477-a1d0-17cd7fbeaecf" />
    <UnitTestResult executionId="5659bd4e-76bb-4871-8335-30fd6da402a7" testId="1ad8741e-1482-822f-b3b8-d0350c872c8f" testName="CpuPreview_OneDimensionalProcessesProxyWithoutChangingSource" computerName="PC-20250309WEIZ" duration="00:00:00.0421222" startTime="2026-09-20T18:19:31.4972547+08:00" endTime="2026-09-20T18:19:31.5547650+08:00" testType="13cdc9d9-ddb5-4fa4-a97d-d965ccfc6d4b" outcome="Passed" testListId="8c84fa94-04c1-424b-9868-57a2d4851a1d" relativeResultsDirectory="5659bd4e-76bb-4871-8335-30fd6da402a7" />
    <UnitTestResult executionId="8400361b-db44-4963-8471-fbf47bb68ad4" testId="13e6808c-798c-85ac-8bf2-d706edc8e0ec" testName="ColorConversion_MissingProfileReturnsSameImage" computerName="PC-20250309WEIZ" duration="00:00:00.0003051" startTime="2026-09-20T18:19:31.5735253+08:00" endTime="2026-09-20T18:19:31.5738780+08:00" testType="13cdc9d9-ddb5-4fa4-a97d-d965ccfc6d4b" outcome="Passed" testListId="8c84fa94-04c1-424b-9868-57a2d4851a1d" relativeResultsDirectory="8400361b-db44-4963-8471-fbf47bb68ad4" />
    <UnitTestResult executionId="1a8b837e-fa51-4b24-a65c-1a97f023c664" testId="1f0be2fe-5b3c-8c56-938e-fa89fe376c84" testName="TetherWorkspace_HasStrengthBeforeAfterAndSplit" computerName="PC-20250309WEIZ" duration="00:00:00.0007082" startTime="2026-09-20T18:19:31.6632610+08:00" endTime="2026-09-20T18:19:31.6640017+08:00" testType="13cdc9d9-ddb5-4fa4-a97d-d965ccfc6d4b" outcome="Passed" testListId="8c84fa94-04c1-424b-9868-57a2d4851a1d" relativeResultsDirectory="1a8b837e-fa51-4b24-a65c-1a97f023c664" />
    <UnitTestResult executionId="9994e4d6-5437-427e-940c-df600b556aa1" testId="1b17e65c-9e98-8b9c-9c5e-26f14e9bf0a1" testName="ClientNotesDoNotEnterLogs" computerName="PC-20250309WEIZ" duration="00:00:00.0004739" startTime="2026-09-20T18:19:31.6690618+08:00" endTime="2026-09-20T18:19:31.6695592+08:00" testType="13cdc9d9-ddb5-4fa4-a97d-d965ccfc6d4b" outcome="Passed" testListId="8c84fa94-04c1-424b-9868-57a2d4851a1d" relativeResultsDirectory="9994e4d6-5437-427e-940c-df600b556aa1" />
    <UnitTestResult executionId="d6ffeb16-4eba-4579-b43c-3392f59a9b6a" testId="19e100b5-6a04-8e12-bad0-9145c7374f85" testName="ClientMonitorXaml_DefaultsHidePrivateMetadata" computerName="PC-20250309WEIZ" duration="00:00:00.0005661" startTime="2026-09-20T18:19:31.6605418+08:00" endTime="2026-09-20T18:19:31.6611503+08:00" testType="13cdc9d9-ddb5-4fa4-a97d-d965ccfc6d4b" outcome="Passed" testListId="8c84fa94-04c1-424b-9868-57a2d4851a1d" relativeResultsDirectory="d6ffeb16-4eba-4579-b43c-3392f59a9b6a" />
  </Results>
  <TestDefinitions>
    <UnitTest name="TetherWorkspace_HasStrengthBeforeAfterAndSplit" storage="d:\ai agent\worktrees\pixel-tart-developer-preview-rc6\tests\rawselectionassistant.wpftests\bin\x64\release\net10.0-windows10.0.19041.0\rawselectionassistant.wpftests.dll" id="1f0be2fe-5b3c-8c56-938e-fa89fe376c84">
      <Execution id="1a8b837e-fa51-4b24-a65c-1a97f023c664" />
      <TestMethod codeBase="D:\AI AGENT\worktrees\pixel-tart-developer-preview-rc6\tests\RAWSelectionAssistant.WpfTests\bin\x64\Release\net10.0-windows10.0.19041.0\RAWSelectionAssistant.WpfTests.dll" adapterTypeName="executor://mstestadapter/v4" className="RAWSelectionAssistant.WpfTests.Version230StageDColorWpfTests" name="TetherWorkspace_HasStrengthBeforeAfterAndSplit" />
    </UnitTest>
    <UnitTest name="Cache_StoresAndResolvesValidPng" storage="d:\ai agent\worktrees\pixel-tart-developer-preview-rc6\tests\rawselectionassistant.wpftests\bin\x64\release\net10.0-windows10.0.19041.0\rawselectionassistant.wpftests.dll" id="124f765e-8c10-87be-867e-0a7336340791">
      <Execution id="802ae69e-b109-4078-b2d9-8fb8321765a0" />
      <TestMethod codeBase="D:\AI AGENT\worktrees\pixel-tart-developer-preview-rc6\tests\RAWSelectionAssistant.WpfTests\bin\x64\Release\net10.0-windows10.0.19041.0\RAWSelectionAssistant.WpfTests.dll" adapterTypeName="executor://mstestadapter/v4" className="RAWSelectionAssistant.WpfTests.Version230StageDColorWpfTests" name="Cache_StoresAndResolvesValidPng" />
    </UnitTest>
    <UnitTest name="TetherWorkspace_HasInputSpaceUnknownWarning" storage="d:\ai agent\worktrees\pixel-tart-developer-preview-rc6\tests\rawselectionassistant.wpftests\bin\x64\release\net10.0-windows10.0.19041.0\rawselectionassistant.wpftests.dll" id="13c2dcee-3b7c-8f9e-90b0-db71d2bc3278">
      <Execution id="634de528-cc38-4e6b-993d-bacaa6448fc4" />
      <TestMethod codeBase="D:\AI AGENT\worktrees\pixel-tart-developer-preview-rc6\tests\RAWSelectionAssistant.WpfTests\bin\x64\Release\net10.0-windows10.0.19041.0\RAWSelectionAssistant.WpfTests.dll" adapterTypeName="executor://mstestadapter/v4" className="RAWSelectionAssistant.WpfTests.Version230StageDColorWpfTests" name="TetherWorkspace_HasInputSpaceUnknownWarning" />
    </UnitTest>
    <UnitTest name="ColorPipelineLatestRequestWins" storage="d:\ai agent\worktrees\pixel-tart-developer-preview-rc6\tests\rawselectionassistant.wpftests\bin\x64\release\net10.0-windows10.0.19041.0\rawselectionassistant.wpftests.dll" id="1658a491-d2a2-8e66-8f9b-1617b189697b">
      <Execution id="a9a5ee64-009d-43c9-8e15-39975e74aab0" />
      <TestMethod codeBase="D:\AI AGENT\worktrees\pixel-tart-developer-preview-rc6\tests\RAWSelectionAssistant.WpfTests\bin\x64\Release\net10.0-windows10.0.19041.0\RAWSelectionAssistant.WpfTests.dll" adapterTypeName="executor://mstestadapter/v4" className="RAWSelectionAssistant.WpfTests.Version230StageDColorWpfTests" name="ColorPipelineLatestRequestWins" />
    </UnitTest>
    <UnitTest name="CpuPreview_OneDimensionalProcessesProxyWithoutChangingSource" storage="d:\ai agent\worktrees\pixel-tart-developer-preview-rc6\tests\rawselectionassistant.wpftests\bin\x64\release\net10.0-windows10.0.19041.0\rawselectionassistant.wpftests.dll" id="1ad8741e-1482-822f-b3b8-d0350c872c8f">
      <Execution id="5659bd4e-76bb-4871-8335-30fd6da402a7" />
      <TestMethod codeBase="D:\AI AGENT\worktrees\pixel-tart-developer-preview-rc6\tests\RAWSelectionAssistant.WpfTests\bin\x64\Release\net10.0-windows10.0.19041.0\RAWSelectionAssistant.WpfTests.dll" adapterTypeName="executor://mstestadapter/v4" className="RAWSelectionAssistant.WpfTests.Version230StageDColorWpfTests" name="CpuPreview_OneDimensionalProcessesProxyWithoutChangingSource" />
    </UnitTest>
    <UnitTest name="ClientMonitorWindow_EscapeAndF11CloseOnlyWindow" storage="d:\ai agent\worktrees\pixel-tart-developer-preview-rc6\tests\rawselectionassistant.wpftests\bin\x64\release\net10.0-windows10.0.19041.0\rawselectionassistant.wpftests.dll" id="1a4ab688-1d19-8daa-bdd0-92655c43de2c">
      <Execution id="fdb1ec3e-4f1e-4de0-b4fa-5662a52ebc22" />
      <TestMethod codeBase="D:\AI AGENT\worktrees\pixel-tart-developer-preview-rc6\tests\RAWSelectionAssistant.WpfTests\bin\x64\Release\net10.0-windows10.0.19041.0\RAWSelectionAssistant.WpfTests.dll" adapterTypeName="executor://mstestadapter/v4" className="RAWSelectionAssistant.WpfTests.Version230StageDColorWpfTests" name="ClientMonitorWindow_EscapeAndF11CloseOnlyWindow" />
    </UnitTest>
    <UnitTest name="Cache_CorruptFileIsRejectedAndRebuildable" storage="d:\ai agent\worktrees\pixel-tart-developer-preview-rc6\tests\rawselectionassistant.wpftests\bin\x64\release\net10.0-windows10.0.19041.0\rawselectionassistant.wpftests.dll" id="10f6da51-b8c8-8e75-a6cd-5cdd9dc5e137">
      <Execution id="7cd50dd9-637c-421d-9751-282bb0dea014" />
      <TestMethod codeBase="D:\AI AGENT\worktrees\pixel-tart-developer-preview-rc6\tests\RAWSelectionAssistant.WpfTests\bin\x64\Release\net10.0-windows10.0.19041.0\RAWSelectionAssistant.WpfTests.dll" adapterTypeName="executor://mstestadapter/v4" className="RAWSelectionAssistant.WpfTests.Version230StageDColorWpfTests" name="Cache_CorruptFileIsRejectedAndRebuildable" />
    </UnitTest>
    <UnitTest name="Cache_LruTrimsOldest" storage="d:\ai agent\worktrees\pixel-tart-developer-preview-rc6\tests\rawselectionassistant.wpftests\bin\x64\release\net10.0-windows10.0.19041.0\rawselectionassistant.wpftests.dll" id="11cb02fa-da6b-8eeb-a9d6-77584320ab85">
      <Execution id="547eedde-d43c-498c-acbe-7f754351b044" />
      <TestMethod codeBase="D:\AI AGENT\worktrees\pixel-tart-developer-preview-rc6\tests\RAWSelectionAssistant.WpfTests\bin\x64\Release\net10.0-windows10.0.19041.0\RAWSelectionAssistant.WpfTests.dll" adapterTypeName="executor://mstestadapter/v4" className="RAWSelectionAssistant.WpfTests.Version230StageDColorWpfTests" name="Cache_LruTrimsOldest" />
    </UnitTest>
    <UnitTest name="TetherWorkspace_HasThreeFollowModes" storage="d:\ai agent\worktrees\pixel-tart-developer-preview-rc6\tests\rawselectionassistant.wpftests\bin\x64\release\net10.0-windows10.0.19041.0\rawselectionassistant.wpftests.dll" id="1ac93605-459d-896d-8614-53831c01e7f1">
      <Execution id="1fec3ed2-1a53-4470-9907-603828216d0b" />
      <TestMethod codeBase="D:\AI AGENT\worktrees\pixel-tart-developer-preview-rc6\tests\RAWSelectionAssistant.WpfTests\bin\x64\Release\net10.0-windows10.0.19041.0\RAWSelectionAssistant.WpfTests.dll" adapterTypeName="executor://mstestadapter/v4" className="RAWSelectionAssistant.WpfTests.Version230StageDColorWpfTests" name="TetherWorkspace_HasThreeFollowModes" />
    </UnitTest>
    <UnitTest name="CpuPreview_HonorsCancellation" storage="d:\ai agent\worktrees\pixel-tart-developer-preview-rc6\tests\rawselectionassistant.wpftests\bin\x64\release\net10.0-windows10.0.19041.0\rawselectionassistant.wpftests.dll" id="1b7c7cf2-9107-8815-a690-544367239275">
      <Execution id="2c953a0d-e9f3-4a64-9198-6f504ab083dc" />
      <TestMethod codeBase="D:\AI AGENT\worktrees\pixel-tart-developer-preview-rc6\tests\RAWSelectionAssistant.WpfTests\bin\x64\Release\net10.0-windows10.0.19041.0\RAWSelectionAssistant.WpfTests.dll" adapterTypeName="executor://mstestadapter/v4" className="RAWSelectionAssistant.WpfTests.Version230StageDColorWpfTests" name="CpuPreview_HonorsCancellation" />
    </UnitTest>
    <UnitTest name="CpuPreview_StrengthZeroMatchesSource" storage="d:\ai agent\worktrees\pixel-tart-developer-preview-rc6\tests\rawselectionassistant.wpftests\bin\x64\release\net10.0-windows10.0.19041.0\rawselectionassistant.wpftests.dll" id="12ac6b99-c541-8ec3-89f7-2b5135350a5f">
      <Execution id="d06ca023-962b-4e28-9ed5-8ed694bfc6ec" />
      <TestMethod codeBase="D:\AI AGENT\worktrees\pixel-tart-developer-preview-rc6\tests\RAWSelectionAssistant.WpfTests\bin\x64\Release\net10.0-windows10.0.19041.0\RAWSelectionAssistant.WpfTests.dll" adapterTypeName="executor://mstestadapter/v4" className="RAWSelectionAssistant.WpfTests.Version230StageDColorWpfTests" name="CpuPreview_StrengthZeroMatchesSource" />
    </UnitTest>
    <UnitTest name="TopologyChangeSafelyWithdrawsWindow" storage="d:\ai agent\worktrees\pixel-tart-developer-preview-rc6\tests\rawselectionassistant.wpftests\bin\x64\release\net10.0-windows10.0.19041.0\rawselectionassistant.wpftests.dll" id="1207d5d2-ffb7-8e6c-8e65-037afd0bb6f7">
      <Execution id="008fbba6-3479-47e3-8995-d2f9cc328af9" />
      <TestMethod codeBase="D:\AI AGENT\worktrees\pixel-tart-developer-preview-rc6\tests\RAWSelectionAssistant.WpfTests\bin\x64\Release\net10.0-windows10.0.19041.0\RAWSelectionAssistant.WpfTests.dll" adapterTypeName="executor://mstestadapter/v4" className="RAWSelectionAssistant.WpfTests.Version230StageDColorWpfTests" name="TopologyChangeSafelyWithdrawsWindow" />
    </UnitTest>
    <UnitTest name="NoGpuOrVendorSdkIntroduced" storage="d:\ai agent\worktrees\pixel-tart-developer-preview-rc6\tests\rawselectionassistant.wpftests\bin\x64\release\net10.0-windows10.0.19041.0\rawselectionassistant.wpftests.dll" id="1b75311a-4214-829a-abfb-ada4dd80ac05">
      <Execution id="35d8c48f-a8ea-406a-9eab-bc2999a2ab29" />
      <TestMethod codeBase="D:\AI AGENT\worktrees\pixel-tart-developer-preview-rc6\tests\RAWSelectionAssistant.WpfTests\bin\x64\Release\net10.0-windows10.0.19041.0\RAWSelectionAssistant.WpfTests.dll" adapterTypeName="executor://mstestadapter/v4" className="RAWSelectionAssistant.WpfTests.Version230StageDColorWpfTests" name="NoGpuOrVendorSdkIntroduced" />
    </UnitTest>
    <UnitTest name="TetherWorkspace_HasPerDisplayIccAndDisclaimer" storage="d:\ai agent\worktrees\pixel-tart-developer-preview-rc6\tests\rawselectionassistant.wpftests\bin\x64\release\net10.0-windows10.0.19041.0\rawselectionassistant.wpftests.dll" id="1c56ad77-ccfd-86a5-8444-65939a09aebd">
      <Execution id="692a4788-6001-4b08-8fb2-6ba36574cecc" />
      <TestMethod codeBase="D:\AI AGENT\worktrees\pixel-tart-developer-preview-rc6\tests\RAWSelectionAssistant.WpfTests\bin\x64\Release\net10.0-windows10.0.19041.0\RAWSelectionAssistant.WpfTests.dll" adapterTypeName="executor://mstestadapter/v4" className="RAWSelectionAssistant.WpfTests.Version230StageDColorWpfTests" name="TetherWorkspace_HasPerDisplayIccAndDisclaimer" />
    </UnitTest>
    <UnitTest name="TopologyUsesStableKeyAndNotDisplayIndex" storage="d:\ai agent\worktrees\pixel-tart-developer-preview-rc6\tests\rawselectionassistant.wpftests\bin\x64\release\net10.0-windows10.0.19041.0\rawselectionassistant.wpftests.dll" id="1725ca56-9c39-8901-b0b9-516db91b88a3">
      <Execution id="c3e320e6-9d6a-49a7-aa30-282ffb783b9f" />
      <TestMethod codeBase="D:\AI AGENT\worktrees\pixel-tart-developer-preview-rc6\tests\RAWSelectionAssistant.WpfTests\bin\x64\Release\net10.0-windows10.0.19041.0\RAWSelectionAssistant.WpfTests.dll" adapterTypeName="executor://mstestadapter/v4" className="RAWSelectionAssistant.WpfTests.Version230StageDColorWpfTests" name="TopologyUsesStableKeyAndNotDisplayIndex" />
    </UnitTest>
    <UnitTest name="ColorConversion_MissingProfileReturnsSameImage" storage="d:\ai agent\worktrees\pixel-tart-developer-preview-rc6\tests\rawselectionassistant.wpftests\bin\x64\release\net10.0-windows10.0.19041.0\rawselectionassistant.wpftests.dll" id="13e6808c-798c-85ac-8bf2-d706edc8e0ec">
      <Execution id="8400361b-db44-4963-8471-fbf47bb68ad4" />
      <TestMethod codeBase="D:\AI AGENT\worktrees\pixel-tart-developer-preview-rc6\tests\RAWSelectionAssistant.WpfTests\bin\x64\Release\net10.0-windows10.0.19041.0\RAWSelectionAssistant.WpfTests.dll" adapterTypeName="executor://mstestadapter/v4" className="RAWSelectionAssistant.WpfTests.Version230StageDColorWpfTests" name="ColorConversion_MissingProfileReturnsSameImage" />
    </UnitTest>
    <UnitTest name="Cache_InvalidationNeverTouchesOutsideRoot" storage="d:\ai agent\worktrees\pixel-tart-developer-preview-rc6\tests\rawselectionassistant.wpftests\bin\x64\release\net10.0-windows10.0.19041.0\rawselectionassistant.wpftests.dll" id="131a8b99-4545-89fd-ab8c-490012b27a68">
      <Execution id="2810cec8-c0e4-47ce-8d74-5c471c7c115a" />
      <TestMethod codeBase="D:\AI AGENT\worktrees\pixel-tart-developer-preview-rc6\tests\RAWSelectionAssistant.WpfTests\bin\x64\Release\net10.0-windows10.0.19041.0\RAWSelectionAssistant.WpfTests.dll" adapterTypeName="executor://mstestadapter/v4" className="RAWSelectionAssistant.WpfTests.Version230StageDColorWpfTests" name="Cache_InvalidationNeverTouchesOutsideRoot" />
    </UnitTest>
    <UnitTest name="NoLocalhostAndReleaseProviderNoneRemain" storage="d:\ai agent\worktrees\pixel-tart-developer-preview-rc6\tests\rawselectionassistant.wpftests\bin\x64\release\net10.0-windows10.0.19041.0\rawselectionassistant.wpftests.dll" id="1e4f5d47-0d23-84df-950d-d11b3d72b201">
      <Execution id="4bdb5877-fa22-42eb-9ddd-81ae5a7ceebe" />
      <TestMethod codeBase="D:\AI AGENT\worktrees\pixel-tart-developer-preview-rc6\tests\RAWSelectionAssistant.WpfTests\bin\x64\Release\net10.0-windows10.0.19041.0\RAWSelectionAssistant.WpfTests.dll" adapterTypeName="executor://mstestadapter/v4" className="RAWSelectionAssistant.WpfTests.Version230StageDColorWpfTests" name="NoLocalhostAndReleaseProviderNoneRemain" />
    </UnitTest>
    <UnitTest name="CpuPreview_InvalidIccFallsBackSrgb" storage="d:\ai agent\worktrees\pixel-tart-developer-preview-rc6\tests\rawselectionassistant.wpftests\bin\x64\release\net10.0-windows10.0.19041.0\rawselectionassistant.wpftests.dll" id="13d67dc0-8579-8547-8fed-c43189c07eb8">
      <Execution id="0ad9824e-5a06-4a29-b0c4-e6ac3e3ab217" />
      <TestMethod codeBase="D:\AI AGENT\worktrees\pixel-tart-developer-preview-rc6\tests\RAWSelectionAssistant.WpfTests\bin\x64\Release\net10.0-windows10.0.19041.0\RAWSelectionAssistant.WpfTests.dll" adapterTypeName="executor://mstestadapter/v4" className="RAWSelectionAssistant.WpfTests.Version230StageDColorWpfTests" name="CpuPreview_InvalidIccFallsBackSrgb" />
    </UnitTest>
    <UnitTest name="CpuPreview_ThreeDimensionalProcessesProxy" storage="d:\ai agent\worktrees\pixel-tart-developer-preview-rc6\tests\rawselectionassistant.wpftests\bin\x64\release\net10.0-windows10.0.19041.0\rawselectionassistant.wpftests.dll" id="18259be7-0c2e-8746-aa11-98a2c56fc713">
      <Execution id="35a477fb-1e46-4131-9905-1ac0a7fef943" />
      <TestMethod codeBase="D:\AI AGENT\worktrees\pixel-tart-developer-preview-rc6\tests\RAWSelectionAssistant.WpfTests\bin\x64\Release\net10.0-windows10.0.19041.0\RAWSelectionAssistant.WpfTests.dll" adapterTypeName="executor://mstestadapter/v4" className="RAWSelectionAssistant.WpfTests.Version230StageDColorWpfTests" name="CpuPreview_ThreeDimensionalProcessesProxy" />
    </UnitTest>
    <UnitTest name="TetherWorkspace_HasDefaultPrivacyToggles" storage="d:\ai agent\worktrees\pixel-tart-developer-preview-rc6\tests\rawselectionassistant.wpftests\bin\x64\release\net10.0-windows10.0.19041.0\rawselectionassistant.wpftests.dll" id="17675a38-edef-84e6-a458-2c5d1125db6e">
      <Execution id="0391dd10-97ab-4477-a1d0-17cd7fbeaecf" />
      <TestMethod codeBase="D:\AI AGENT\worktrees\pixel-tart-developer-preview-rc6\tests\RAWSelectionAssistant.WpfTests\bin\x64\Release\net10.0-windows10.0.19041.0\RAWSelectionAssistant.WpfTests.dll" adapterTypeName="executor://mstestadapter/v4" className="RAWSelectionAssistant.WpfTests.Version230StageDColorWpfTests" name="TetherWorkspace_HasDefaultPrivacyToggles" />
    </UnitTest>
    <UnitTest name="ClientMonitorXaml_HasFavoriteAndNoteAccessibility" storage="d:\ai agent\worktrees\pixel-tart-developer-preview-rc6\tests\rawselectionassistant.wpftests\bin\x64\release\net10.0-windows10.0.19041.0\rawselectionassistant.wpftests.dll" id="133da64e-25de-8298-adef-0e7b34f3e20a">
      <Execution id="8372e183-2100-4092-bf4f-e4f83d5c2df5" />
      <TestMethod codeBase="D:\AI AGENT\worktrees\pixel-tart-developer-preview-rc6\tests\RAWSelectionAssistant.WpfTests\bin\x64\Release\net10.0-windows10.0.19041.0\RAWSelectionAssistant.WpfTests.dll" adapterTypeName="executor://mstestadapter/v4" className="RAWSelectionAssistant.WpfTests.Version230StageDColorWpfTests" name="ClientMonitorXaml_HasFavoriteAndNoteAccessibility" />
    </UnitTest>
    <UnitTest name="ColorPipelineFailureDoesNotStopWatchFolder" storage="d:\ai agent\worktrees\pixel-tart-developer-preview-rc6\tests\rawselectionassistant.wpftests\bin\x64\release\net10.0-windows10.0.19041.0\rawselectionassistant.wpftests.dll" id="1226f6a8-c58c-81db-b235-ed9cb1d3c781">
      <Execution id="f644f0c9-007f-4c3f-b97f-cbf7243326c4" />
      <TestMethod codeBase="D:\AI AGENT\worktrees\pixel-tart-developer-preview-rc6\tests\RAWSelectionAssistant.WpfTests\bin\x64\Release\net10.0-windows10.0.19041.0\RAWSelectionAssistant.WpfTests.dll" adapterTypeName="executor://mstestadapter/v4" className="RAWSelectionAssistant.WpfTests.Version230StageDColorWpfTests" name="ColorPipelineFailureDoesNotStopWatchFolder" />
    </UnitTest>
    <UnitTest name="TetherWorkspace_HasLutImportSearchFavoriteDefaultsAndRelocation" storage="d:\ai agent\worktrees\pixel-tart-developer-preview-rc6\tests\rawselectionassistant.wpftests\bin\x64\release\net10.0-windows10.0.19041.0\rawselectionassistant.wpftests.dll" id="1c74c7fa-51fe-8677-95b8-331d66af7d61">
      <Execution id="bf2c02cc-ef0c-48f6-97e4-8513ab9e8d7c" />
      <TestMethod codeBase="D:\AI AGENT\worktrees\pixel-tart-developer-preview-rc6\tests\RAWSelectionAssistant.WpfTests\bin\x64\Release\net10.0-windows10.0.19041.0\RAWSelectionAssistant.WpfTests.dll" adapterTypeName="executor://mstestadapter/v4" className="RAWSelectionAssistant.WpfTests.Version230StageDColorWpfTests" name="TetherWorkspace_HasLutImportSearchFavoriteDefaultsAndRelocation" />
    </UnitTest>
    <UnitTest name="Cache_UsesOpaqueKeyAndDoesNotExposePaths" storage="d:\ai agent\worktrees\pixel-tart-developer-preview-rc6\tests\rawselectionassistant.wpftests\bin\x64\release\net10.0-windows10.0.19041.0\rawselectionassistant.wpftests.dll" id="1d9b9cb1-ce45-83ca-bff2-2c1f89751c98">
      <Execution id="d959a235-927b-41f8-9226-629ba735c7c5" />
      <TestMethod codeBase="D:\AI AGENT\worktrees\pixel-tart-developer-preview-rc6\tests\RAWSelectionAssistant.WpfTests\bin\x64\Release\net10.0-windows10.0.19041.0\RAWSelectionAssistant.WpfTests.dll" adapterTypeName="executor://mstestadapter/v4" className="RAWSelectionAssistant.WpfTests.Version230StageDColorWpfTests" name="Cache_UsesOpaqueKeyAndDoesNotExposePaths" />
    </UnitTest>
    <UnitTest name="ClientMonitorXaml_HasNoFileOperations" storage="d:\ai agent\worktrees\pixel-tart-developer-preview-rc6\tests\rawselectionassistant.wpftests\bin\x64\release\net10.0-windows10.0.19041.0\rawselectionassistant.wpftests.dll" id="1a6f4c4f-50eb-88e0-8221-75170e2c7383">
      <Execution id="975578f3-9635-482e-904b-48c778537cde" />
      <TestMethod codeBase="D:\AI AGENT\worktrees\pixel-tart-developer-preview-rc6\tests\RAWSelectionAssistant.WpfTests\bin\x64\Release\net10.0-windows10.0.19041.0\RAWSelectionAssistant.WpfTests.dll" adapterTypeName="executor://mstestadapter/v4" className="RAWSelectionAssistant.WpfTests.Version230StageDColorWpfTests" name="ClientMonitorXaml_HasNoFileOperations" />
    </UnitTest>
    <UnitTest name="ClientNotesDoNotEnterLogs" storage="d:\ai agent\worktrees\pixel-tart-developer-preview-rc6\tests\rawselectionassistant.wpftests\bin\x64\release\net10.0-windows10.0.19041.0\rawselectionassistant.wpftests.dll" id="1b17e65c-9e98-8b9c-9c5e-26f14e9bf0a1">
      <Execution id="9994e4d6-5437-427e-940c-df600b556aa1" />
      <TestMethod codeBase="D:\AI AGENT\worktrees\pixel-tart-developer-preview-rc6\tests\RAWSelectionAssistant.WpfTests\bin\x64\Release\net10.0-windows10.0.19041.0\RAWSelectionAssistant.WpfTests.dll" adapterTypeName="executor://mstestadapter/v4" className="RAWSelectionAssistant.WpfTests.Version230StageDColorWpfTests" name="ClientNotesDoNotEnterLogs" />
    </UnitTest>
    <UnitTest name="ClientMonitorXaml_DefaultsHidePrivateMetadata" storage="d:\ai agent\worktrees\pixel-tart-developer-preview-rc6\tests\rawselectionassistant.wpftests\bin\x64\release\net10.0-windows10.0.19041.0\rawselectionassistant.wpftests.dll" id="19e100b5-6a04-8e12-bad0-9145c7374f85">
      <Execution id="d6ffeb16-4eba-4579-b43c-3392f59a9b6a" />
      <TestMethod codeBase="D:\AI AGENT\worktrees\pixel-tart-developer-preview-rc6\tests\RAWSelectionAssistant.WpfTests\bin\x64\Release\net10.0-windows10.0.19041.0\RAWSelectionAssistant.WpfTests.dll" adapterTypeName="executor://mstestadapter/v4" className="RAWSelectionAssistant.WpfTests.Version230StageDColorWpfTests" name="ClientMonitorXaml_DefaultsHidePrivateMetadata" />
    </UnitTest>
  </TestDefinitions>
  <TestEntries>
    <TestEntry testId="131a8b99-4545-89fd-ab8c-490012b27a68" executionId="2810cec8-c0e4-47ce-8d74-5c471c7c115a" testListId="8c84fa94-04c1-424b-9868-57a2d4851a1d" />
    <TestEntry testId="12ac6b99-c541-8ec3-89f7-2b5135350a5f" executionId="d06ca023-962b-4e28-9ed5-8ed694bfc6ec" testListId="8c84fa94-04c1-424b-9868-57a2d4851a1d" />
    <TestEntry testId="1226f6a8-c58c-81db-b235-ed9cb1d3c781" executionId="f644f0c9-007f-4c3f-b97f-cbf7243326c4" testListId="8c84fa94-04c1-424b-9868-57a2d4851a1d" />
    <TestEntry testId="13d67dc0-8579-8547-8fed-c43189c07eb8" executionId="0ad9824e-5a06-4a29-b0c4-e6ac3e3ab217" testListId="8c84fa94-04c1-424b-9868-57a2d4851a1d" />
    <TestEntry testId="18259be7-0c2e-8746-aa11-98a2c56fc713" executionId="35a477fb-1e46-4131-9905-1ac0a7fef943" testListId="8c84fa94-04c1-424b-9868-57a2d4851a1d" />
    <TestEntry testId="1a4ab688-1d19-8daa-bdd0-92655c43de2c" executionId="fdb1ec3e-4f1e-4de0-b4fa-5662a52ebc22" testListId="8c84fa94-04c1-424b-9868-57a2d4851a1d" />
    <TestEntry testId="1658a491-d2a2-8e66-8f9b-1617b189697b" executionId="a9a5ee64-009d-43c9-8e15-39975e74aab0" testListId="8c84fa94-04c1-424b-9868-57a2d4851a1d" />
    <TestEntry testId="1c74c7fa-51fe-8677-95b8-331d66af7d61" executionId="bf2c02cc-ef0c-48f6-97e4-8513ab9e8d7c" testListId="8c84fa94-04c1-424b-9868-57a2d4851a1d" />
    <TestEntry testId="1d9b9cb1-ce45-83ca-bff2-2c1f89751c98" executionId="d959a235-927b-41f8-9226-629ba735c7c5" testListId="8c84fa94-04c1-424b-9868-57a2d4851a1d" />
    <TestEntry testId="124f765e-8c10-87be-867e-0a7336340791" executionId="802ae69e-b109-4078-b2d9-8fb8321765a0" testListId="8c84fa94-04c1-424b-9868-57a2d4851a1d" />
    <TestEntry testId="1a6f4c4f-50eb-88e0-8221-75170e2c7383" executionId="975578f3-9635-482e-904b-48c778537cde" testListId="8c84fa94-04c1-424b-9868-57a2d4851a1d" />
    <TestEntry testId="1c56ad77-ccfd-86a5-8444-65939a09aebd" executionId="692a4788-6001-4b08-8fb2-6ba36574cecc" testListId="8c84fa94-04c1-424b-9868-57a2d4851a1d" />
    <TestEntry testId="1ac93605-459d-896d-8614-53831c01e7f1" executionId="1fec3ed2-1a53-4470-9907-603828216d0b" testListId="8c84fa94-04c1-424b-9868-57a2d4851a1d" />
    <TestEntry testId="1207d5d2-ffb7-8e6c-8e65-037afd0bb6f7" executionId="008fbba6-3479-47e3-8995-d2f9cc328af9" testListId="8c84fa94-04c1-424b-9868-57a2d4851a1d" />
    <TestEntry testId="10f6da51-b8c8-8e75-a6cd-5cdd9dc5e137" executionId="7cd50dd9-637c-421d-9751-282bb0dea014" testListId="8c84fa94-04c1-424b-9868-57a2d4851a1d" />
    <TestEntry testId="133da64e-25de-8298-adef-0e7b34f3e20a" executionId="8372e183-2100-4092-bf4f-e4f83d5c2df5" testListId="8c84fa94-04c1-424b-9868-57a2d4851a1d" />
    <TestEntry testId="11cb02fa-da6b-8eeb-a9d6-77584320ab85" executionId="547eedde-d43c-498c-acbe-7f754351b044" testListId="8c84fa94-04c1-424b-9868-57a2d4851a1d" />
    <TestEntry testId="1b7c7cf2-9107-8815-a690-544367239275" executionId="2c953a0d-e9f3-4a64-9198-6f504ab083dc" testListId="8c84fa94-04c1-424b-9868-57a2d4851a1d" />
    <TestEntry testId="13c2dcee-3b7c-8f9e-90b0-db71d2bc3278" executionId="634de528-cc38-4e6b-993d-bacaa6448fc4" testListId="8c84fa94-04c1-424b-9868-57a2d4851a1d" />
    <TestEntry testId="1e4f5d47-0d23-84df-950d-d11b3d72b201" executionId="4bdb5877-fa22-42eb-9ddd-81ae5a7ceebe" testListId="8c84fa94-04c1-424b-9868-57a2d4851a1d" />
    <TestEntry testId="1b75311a-4214-829a-abfb-ada4dd80ac05" executionId="35d8c48f-a8ea-406a-9eab-bc2999a2ab29" testListId="8c84fa94-04c1-424b-9868-57a2d4851a1d" />
    <TestEntry testId="1725ca56-9c39-8901-b0b9-516db91b88a3" executionId="c3e320e6-9d6a-49a7-aa30-282ffb783b9f" testListId="8c84fa94-04c1-424b-9868-57a2d4851a1d" />
    <TestEntry testId="17675a38-edef-84e6-a458-2c5d1125db6e" executionId="0391dd10-97ab-4477-a1d0-17cd7fbeaecf" testListId="8c84fa94-04c1-424b-9868-57a2d4851a1d" />
    <TestEntry testId="1ad8741e-1482-822f-b3b8-d0350c872c8f" executionId="5659bd4e-76bb-4871-8335-30fd6da402a7" testListId="8c84fa94-04c1-424b-9868-57a2d4851a1d" />
    <TestEntry testId="13e6808c-798c-85ac-8bf2-d706edc8e0ec" executionId="8400361b-db44-4963-8471-fbf47bb68ad4" testListId="8c84fa94-04c1-424b-9868-57a2d4851a1d" />
    <TestEntry testId="1f0be2fe-5b3c-8c56-938e-fa89fe376c84" executionId="1a8b837e-fa51-4b24-a65c-1a97f023c664" testListId="8c84fa94-04c1-424b-9868-57a2d4851a1d" />
    <TestEntry testId="1b17e65c-9e98-8b9c-9c5e-26f14e9bf0a1" executionId="9994e4d6-5437-427e-940c-df600b556aa1" testListId="8c84fa94-04c1-424b-9868-57a2d4851a1d" />
    <TestEntry testId="19e100b5-6a04-8e12-bad0-9145c7374f85" executionId="d6ffeb16-4eba-4579-b43c-3392f59a9b6a" testListId="8c84fa94-04c1-424b-9868-57a2d4851a1d" />
  </TestEntries>
  <TestLists>
    <TestList name="列表中未列出的结果" id="8c84fa94-04c1-424b-9868-57a2d4851a1d" />
    <TestList name="所有已加载的结果" id="19431567-8539-422a-85d7-44ee4e166bda" />
  </TestLists>
  <ResultSummary outcome="Completed">
    <Counters total="28" executed="28" passed="28" failed="0" error="0" timeout="0" aborted="0" inconclusive="0" passedButRunAborted="0" notRunnable="0" notExecuted="0" disconnected="0" warning="0" completed="0" inProgress="0" pending="0" />
  </ResultSummary>
</TestRun>