<?xml version="1.0" encoding="utf-8"?>
<TestRun id="6d9b02d5-7a30-4e02-8d37-5a8071fc7293" name="Administrator@PC-20250309WEIZ 2026-09-20 18:19:34" runUser="PC-20250309WEIZ\Administrator" xmlns="http://microsoft.com/schemas/VisualStudio/TeamTest/2010">
  <Times creation="2026-09-20T18:19:34.4990881+08:00" queuing="2026-09-20T18:19:34.4990886+08:00" start="2026-09-20T18:19:33.9703021+08:00" finish="2026-09-20T18:19:34.6510292+08:00" />
  <TestSettings name="default" id="cdc01606-88b7-4195-ad58-f6ea26007d08">
    <Deployment runDeploymentRoot="Administrator_PC-20250309WEIZ_2026-09-20_18_19_34" />
  </TestSettings>
  <Results>
    <UnitTestResult executionId="733135e0-e1c3-4872-940b-8bc41bd84004" testId="1fb69d35-14eb-89db-8d79-5c8d5b0f9bf2" testName="ProxyCache_CorruptEntryIsRebuilt" computerName="PC-20250309WEIZ" duration="00:00:00.0199804" startTime="2026-09-20T18:19:34.5544722+08:00" endTime="2026-09-20T18:19:34.5745090+08:00" testType="13cdc9d9-ddb5-4fa4-a97d-d965ccfc6d4b" outcome="Passed" testListId="8c84fa94-04c1-424b-9868-57a2d4851a1d" relativeResultsDirectory="733135e0-e1c3-4872-940b-8bc41bd84004" />
    <UnitTestResult executionId="b954566f-2af5-4a38-b9cb-c7418113ec21" testId="16e766e1-ff02-8eec-853b-99465683320d" testName="TetherPage_UsesReservedAnnotationsForStageCLocalEditor" computerName="PC-20250309WEIZ" duration="00:00:00.0007639" startTime="2026-09-20T18:19:34.4412772+08:00" endTime="2026-09-20T18:19:34.4420639+08:00" testType="13cdc9d9-ddb5-4fa4-a97d-d965ccfc6d4b" outcome="Passed" testListId="8c84fa94-04c1-424b-9868-57a2d4851a1d" relativeResultsDirectory="b954566f-2af5-4a38-b9cb-c7418113ec21" />
    <UnitTestResult executionId="8d635346-21bd-411a-b68d-051be77dddfe" testId="1cf105a2-d6ec-8c80-8ee8-12b8d7bb3179" testName="ProxyCache_GeneratesSupportedPreviewAndReleasesSourceStream (&quot;jpg&quot;)" computerName="PC-20250309WEIZ" duration="00:00:00.0707160" startTime="2026-09-20T18:19:34.4651545+08:00" endTime="2026-09-20T18:19:34.5384531+08:00" testType="13cdc9d9-ddb5-4fa4-a97d-d965ccfc6d4b" outcome="Passed" testListId="8c84fa94-04c1-424b-9868-57a2d4851a1d" relativeResultsDirectory="8d635346-21bd-411a-b68d-051be77dddfe" />
    <UnitTestResult executionId="6963781d-e557-45c9-8d02-74bac228c3f7" testId="16dc565d-bda3-8c9e-93dd-f97899085d35" testName="ProxyCache_ConstrainsLongestEdgeAndClearKeepsOriginal" computerName="PC-20250309WEIZ" duration="00:00:00.0123477" startTime="2026-09-20T18:19:34.5877297+08:00" endTime="2026-09-20T18:19:34.6001416+08:00" testType="13cdc9d9-ddb5-4fa4-a97d-d965ccfc6d4b" outcome="Passed" testListId="8c84fa94-04c1-424b-9868-57a2d4851a1d" relativeResultsDirectory="6963781d-e557-45c9-8d02-74bac228c3f7" />
    <UnitTestResult executionId="70490dbd-0f43-4edd-bccd-5c1be518c0f0" testId="17f6e9fe-1aef-8712-a61f-5532e69a3935" testName="ProxyCache_GeneratesSupportedPreviewAndReleasesSourceStream (&quot;tiff&quot;)" computerName="PC-20250309WEIZ" duration="00:00:00.0076191" startTime="2026-09-20T18:19:34.5467555+08:00" endTime="2026-09-20T18:19:34.5544352+08:00" testType="13cdc9d9-ddb5-4fa4-a97d-d965ccfc6d4b" outcome="Passed" testListId="8c84fa94-04c1-424b-9868-57a2d4851a1d" relativeResultsDirectory="70490dbd-0f43-4edd-bccd-5c1be518c0f0" />
    <UnitTestResult executionId="34016200-4d8b-4aa5-bc3b-7a5132bf56a5" testId="15012a10-6942-8a4e-88b8-bc89fc2e758d" testName="TetherPage_ShowsRawPlaceholderPairingAndAttentionStates" computerName="PC-20250309WEIZ" duration="00:00:00.0007654" startTime="2026-09-20T18:19:34.4404716+08:00" endTime="2026-09-20T18:19:34.4412599+08:00" testType="13cdc9d9-ddb5-4fa4-a97d-d965ccfc6d4b" outcome="Passed" testListId="8c84fa94-04c1-424b-9868-57a2d4851a1d" relativeResultsDirectory="34016200-4d8b-4aa5-bc3b-7a5132bf56a5" />
    <UnitTestResult executionId="85005b22-f3ed-4f0b-b9c6-9f649f560d5d" testId="1e373c14-c2a0-80a3-ae95-992ace2b5348" testName="TetherPage_ExposesImportCountPreviewAndDefaultSafeCopyChoices" computerName="PC-20250309WEIZ" duration="00:00:00.0003640" startTime="2026-09-20T18:19:34.4400680+08:00" endTime="2026-09-20T18:19:34.4404553+08:00" testType="13cdc9d9-ddb5-4fa4-a97d-d965ccfc6d4b" outcome="Passed" testListId="8c84fa94-04c1-424b-9868-57a2d4851a1d" relativeResultsDirectory="85005b22-f3ed-4f0b-b9c6-9f649f560d5d" />
    <UnitTestResult executionId="4665bdee-8a1d-4858-b19c-2ae9f8a123cf" testId="171526b6-1773-8ad5-9908-8ed73d85d54b" testName="ProxyCache_UsesOnLoadBoundedSizeOpaqueKeysAndNoSqlite" computerName="PC-20250309WEIZ" duration="00:00:00.0002703" startTime="2026-09-20T18:19:34.4424783+08:00" endTime="2026-09-20T18:19:34.4427701+08:00" testType="13cdc9d9-ddb5-4fa4-a97d-d965ccfc6d4b" outcome="Passed" testListId="8c84fa94-04c1-424b-9868-57a2d4851a1d" relativeResultsDirectory="4665bdee-8a1d-4858-b19c-2ae9f8a123cf" />
    <UnitTestResult executionId="d381b7eb-bb4c-4f7f-b5a3-b6ebde7d35a1" testId="14076090-fa3d-8cec-a6e1-3048d04024b1" testName="ProxyCache_GeneratesSupportedPreviewAndReleasesSourceStream (&quot;png&quot;)" computerName="PC-20250309WEIZ" duration="00:00:00.0081451" startTime="2026-09-20T18:19:34.5384943+08:00" endTime="2026-09-20T18:19:34.5467252+08:00" testType="13cdc9d9-ddb5-4fa4-a97d-d965ccfc6d4b" outcome="Passed" testListId="8c84fa94-04c1-424b-9868-57a2d4851a1d" relativeResultsDirectory="d381b7eb-bb4c-4f7f-b5a3-b6ebde7d35a1" />
    <UnitTestResult executionId="f7ba7f1b-bfa6-4515-b6eb-4f56bd814f59" testId="1c528892-8286-8bf8-814b-c3e8d6162825" testName="TetherPage_RequiresExplicitStartAndShowsNonRecursiveBoundary" computerName="PC-20250309WEIZ" duration="00:00:00.0004258" startTime="2026-09-20T18:19:34.4395896+08:00" endTime="2026-09-20T18:19:34.4400492+08:00" testType="13cdc9d9-ddb5-4fa4-a97d-d965ccfc6d4b" outcome="Passed" testListId="8c84fa94-04c1-424b-9868-57a2d4851a1d" relativeResultsDirectory="f7ba7f1b-bfa6-4515-b6eb-4f56bd814f59" />
    <UnitTestResult executionId="6d654ebd-3a99-4b61-9bc6-b3e7cdaceca5" testId="19e58b86-d85d-844a-9cf0-8c95f240b04d" testName="ProxyCache_LruRemovesOldestEntryAtConfiguredBound" computerName="PC-20250309WEIZ" duration="00:00:00.0130850" startTime="2026-09-20T18:19:34.5745447+08:00" endTime="2026-09-20T18:19:34.5876911+08:00" testType="13cdc9d9-ddb5-4fa4-a97d-d965ccfc6d4b" outcome="Passed" testListId="8c84fa94-04c1-424b-9868-57a2d4851a1d" relativeResultsDirectory="6d654ebd-3a99-4b61-9bc6-b3e7cdaceca5" />
    <UnitTestResult executionId="aa423448-8bd6-4a5b-b9af-1ddef021f514" testId="16008bb1-1946-8e72-b090-2a514c32e6e9" testName="TetherViewModel_DefaultsCopiesAndImportToFalse" computerName="PC-20250309WEIZ" duration="00:00:00.0003537" startTime="2026-09-20T18:19:34.4427852+08:00" endTime="2026-09-20T18:19:34.4431589+08:00" testType="13cdc9d9-ddb5-4fa4-a97d-d965ccfc6d4b" outcome="Passed" testListId="8c84fa94-04c1-424b-9868-57a2d4851a1d" relativeResultsDirectory="aa423448-8bd6-4a5b-b9af-1ddef021f514" />
    <UnitTestResult executionId="561ec691-61bb-444b-886f-a37d9e96ca0e" testId="1818da8b-4be2-851c-aa3c-8e51d32acf9d" testName="MainNavigation_ExposesIndependentTetherPage" computerName="PC-20250309WEIZ" duration="00:00:00.0053684" startTime="2026-09-20T18:19:34.4153401+08:00" endTime="2026-09-20T18:19:34.4347864+08:00" testType="13cdc9d9-ddb5-4fa4-a97d-d965ccfc6d4b" outcome="Passed" testListId="8c84fa94-04c1-424b-9868-57a2d4851a1d" relativeResultsDirectory="561ec691-61bb-444b-886f-a37d9e96ca0e" />
    <UnitTestResult executionId="51fdc309-7b23-44f9-895b-fc65e727b7d9" testId="153641d8-b637-8664-9c23-58271b4c9a35" testName="TetherPage_UsesDynamicThemeResourcesWithoutLiteralWhiteBackgrounds" computerName="PC-20250309WEIZ" duration="00:00:00.0003602" startTime="2026-09-20T18:19:34.4420803+08:00" endTime="2026-09-20T18:19:34.4424627+08:00" testType="13cdc9d9-ddb5-4fa4-a97d-d965ccfc6d4b" outcome="Passed" testListId="8c84fa94-04c1-424b-9868-57a2d4851a1d" relativeResultsDirectory="51fdc309-7b23-44f9-895b-fc65e727b7d9" />
    <UnitTestResult executionId="6bd8cedb-caed-4e56-9c1d-41bbe0121789" testId="10000c29-8ff0-8790-8176-18751ac6961d" testName="TetherPage_ClearlyLabelsWatchFolderNotUsbDirect" computerName="PC-20250309WEIZ" duration="00:00:00.0007565" startTime="2026-09-20T18:19:34.4383260+08:00" endTime="2026-09-20T18:19:34.4393335+08:00" testType="13cdc9d9-ddb5-4fa4-a97d-d965ccfc6d4b" outcome="Passed" testListId="8c84fa94-04c1-424b-9868-57a2d4851a1d" relativeResultsDirectory="6bd8cedb-caed-4e56-9c1d-41bbe0121789" />
    <UnitTestResult executionId="e90308b3-cfe8-4a2f-a455-0d1a5e68f8f7" testId="192deb6d-97dc-8487-a122-ad78d4d36bb7" testName="TetherControl_IsPartOfSharedLogicalViewportGate" computerName="PC-20250309WEIZ" duration="00:00:00.0003620" startTime="2026-09-20T18:19:34.6001810+08:00" endTime="2026-09-20T18:19:34.6016039+08:00" testType="13cdc9d9-ddb5-4fa4-a97d-d965ccfc6d4b" outcome="Passed" testListId="8c84fa94-04c1-424b-9868-57a2d4851a1d" relativeResultsDirectory="e90308b3-cfe8-4a2f-a455-0d1a5e68f8f7" />
  </Results>
  <TestDefinitions>
    <UnitTest name="ProxyCache_GeneratesSupportedPreviewAndReleasesSourceStream (&quot;tiff&quot;)" storage="d:\ai agent\worktrees\pixel-tart-developer-preview-rc6\tests\rawselectionassistant.wpftests\bin\x64\release\net10.0-windows10.0.19041.0\rawselectionassistant.wpftests.dll" id="17f6e9fe-1aef-8712-a61f-5532e69a3935">
      <Execution id="70490dbd-0f43-4edd-bccd-5c1be518c0f0" />
      <TestMethod codeBase="D:\AI AGENT\worktrees\pixel-tart-developer-preview-rc6\tests\RAWSelectionAssistant.WpfTests\bin\x64\Release\net10.0-windows10.0.19041.0\RAWSelectionAssistant.WpfTests.dll" adapterTypeName="executor://mstestadapter/v4" className="RAWSelectionAssistant.WpfTests.Version230TetherUiTests" name="ProxyCache_GeneratesSupportedPreviewAndReleasesSourceStream" />
    </UnitTest>
    <UnitTest name="ProxyCache_CorruptEntryIsRebuilt" storage="d:\ai agent\worktrees\pixel-tart-developer-preview-rc6\tests\rawselectionassistant.wpftests\bin\x64\release\net10.0-windows10.0.19041.0\rawselectionassistant.wpftests.dll" id="1fb69d35-14eb-89db-8d79-5c8d5b0f9bf2">
      <Execution id="733135e0-e1c3-4872-940b-8bc41bd84004" />
      <TestMethod codeBase="D:\AI AGENT\worktrees\pixel-tart-developer-preview-rc6\tests\RAWSelectionAssistant.WpfTests\bin\x64\Release\net10.0-windows10.0.19041.0\RAWSelectionAssistant.WpfTests.dll" adapterTypeName="executor://mstestadapter/v4" className="RAWSelectionAssistant.WpfTests.Version230TetherUiTests" name="ProxyCache_CorruptEntryIsRebuilt" />
    </UnitTest>
    <UnitTest name="ProxyCache_GeneratesSupportedPreviewAndReleasesSourceStream (&quot;png&quot;)" storage="d:\ai agent\worktrees\pixel-tart-developer-preview-rc6\tests\rawselectionassistant.wpftests\bin\x64\release\net10.0-windows10.0.19041.0\rawselectionassistant.wpftests.dll" id="14076090-fa3d-8cec-a6e1-3048d04024b1">
      <Execution id="d381b7eb-bb4c-4f7f-b5a3-b6ebde7d35a1" />
      <TestMethod codeBase="D:\AI AGENT\worktrees\pixel-tart-developer-preview-rc6\tests\RAWSelectionAssistant.WpfTests\bin\x64\Release\net10.0-windows10.0.19041.0\RAWSelectionAssistant.WpfTests.dll" adapterTypeName="executor://mstestadapter/v4" className="RAWSelectionAssistant.WpfTests.Version230TetherUiTests" name="ProxyCache_GeneratesSupportedPreviewAndReleasesSourceStream" />
    </UnitTest>
    <UnitTest name="TetherPage_ShowsRawPlaceholderPairingAndAttentionStates" storage="d:\ai agent\worktrees\pixel-tart-developer-preview-rc6\tests\rawselectionassistant.wpftests\bin\x64\release\net10.0-windows10.0.19041.0\rawselectionassistant.wpftests.dll" id="15012a10-6942-8a4e-88b8-bc89fc2e758d">
      <Execution id="34016200-4d8b-4aa5-bc3b-7a5132bf56a5" />
      <TestMethod codeBase="D:\AI AGENT\worktrees\pixel-tart-developer-preview-rc6\tests\RAWSelectionAssistant.WpfTests\bin\x64\Release\net10.0-windows10.0.19041.0\RAWSelectionAssistant.WpfTests.dll" adapterTypeName="executor://mstestadapter/v4" className="RAWSelectionAssistant.WpfTests.Version230TetherUiTests" name="TetherPage_ShowsRawPlaceholderPairingAndAttentionStates" />
    </UnitTest>
    <UnitTest name="TetherControl_IsPartOfSharedLogicalViewportGate" storage="d:\ai agent\worktrees\pixel-tart-developer-preview-rc6\tests\rawselectionassistant.wpftests\bin\x64\release\net10.0-windows10.0.19041.0\rawselectionassistant.wpftests.dll" id="192deb6d-97dc-8487-a122-ad78d4d36bb7">
      <Execution id="e90308b3-cfe8-4a2f-a455-0d1a5e68f8f7" />
      <TestMethod codeBase="D:\AI AGENT\worktrees\pixel-tart-developer-preview-rc6\tests\RAWSelectionAssistant.WpfTests\bin\x64\Release\net10.0-windows10.0.19041.0\RAWSelectionAssistant.WpfTests.dll" adapterTypeName="executor://mstestadapter/v4" className="RAWSelectionAssistant.WpfTests.Version230TetherUiTests" name="TetherControl_IsPartOfSharedLogicalViewportGate" />
    </UnitTest>
    <UnitTest name="TetherPage_RequiresExplicitStartAndShowsNonRecursiveBoundary" storage="d:\ai agent\worktrees\pixel-tart-developer-preview-rc6\tests\rawselectionassistant.wpftests\bin\x64\release\net10.0-windows10.0.19041.0\rawselectionassistant.wpftests.dll" id="1c528892-8286-8bf8-814b-c3e8d6162825">
      <Execution id="f7ba7f1b-bfa6-4515-b6eb-4f56bd814f59" />
      <TestMethod codeBase="D:\AI AGENT\worktrees\pixel-tart-developer-preview-rc6\tests\RAWSelectionAssistant.WpfTests\bin\x64\Release\net10.0-windows10.0.19041.0\RAWSelectionAssistant.WpfTests.dll" adapterTypeName="executor://mstestadapter/v4" className="RAWSelectionAssistant.WpfTests.Version230TetherUiTests" name="TetherPage_RequiresExplicitStartAndShowsNonRecursiveBoundary" />
    </UnitTest>
    <UnitTest name="ProxyCache_ConstrainsLongestEdgeAndClearKeepsOriginal" storage="d:\ai agent\worktrees\pixel-tart-developer-preview-rc6\tests\rawselectionassistant.wpftests\bin\x64\release\net10.0-windows10.0.19041.0\rawselectionassistant.wpftests.dll" id="16dc565d-bda3-8c9e-93dd-f97899085d35">
      <Execution id="6963781d-e557-45c9-8d02-74bac228c3f7" />
      <TestMethod codeBase="D:\AI AGENT\worktrees\pixel-tart-developer-preview-rc6\tests\RAWSelectionAssistant.WpfTests\bin\x64\Release\net10.0-windows10.0.19041.0\RAWSelectionAssistant.WpfTests.dll" adapterTypeName="executor://mstestadapter/v4" className="RAWSelectionAssistant.WpfTests.Version230TetherUiTests" name="ProxyCache_ConstrainsLongestEdgeAndClearKeepsOriginal" />
    </UnitTest>
    <UnitTest name="TetherPage_UsesReservedAnnotationsForStageCLocalEditor" storage="d:\ai agent\worktrees\pixel-tart-developer-preview-rc6\tests\rawselectionassistant.wpftests\bin\x64\release\net10.0-windows10.0.19041.0\rawselectionassistant.wpftests.dll" id="16e766e1-ff02-8eec-853b-99465683320d">
      <Execution id="b954566f-2af5-4a38-b9cb-c7418113ec21" />
      <TestMethod codeBase="D:\AI AGENT\worktrees\pixel-tart-developer-preview-rc6\tests\RAWSelectionAssistant.WpfTests\bin\x64\Release\net10.0-windows10.0.19041.0\RAWSelectionAssistant.WpfTests.dll" adapterTypeName="executor://mstestadapter/v4" className="RAWSelectionAssistant.WpfTests.Version230TetherUiTests" name="TetherPage_UsesReservedAnnotationsForStageCLocalEditor" />
    </UnitTest>
    <UnitTest name="ProxyCache_GeneratesSupportedPreviewAndReleasesSourceStream (&quot;jpg&quot;)" storage="d:\ai agent\worktrees\pixel-tart-developer-preview-rc6\tests\rawselectionassistant.wpftests\bin\x64\release\net10.0-windows10.0.19041.0\rawselectionassistant.wpftests.dll" id="1cf105a2-d6ec-8c80-8ee8-12b8d7bb3179">
      <Execution id="8d635346-21bd-411a-b68d-051be77dddfe" />
      <TestMethod codeBase="D:\AI AGENT\worktrees\pixel-tart-developer-preview-rc6\tests\RAWSelectionAssistant.WpfTests\bin\x64\Release\net10.0-windows10.0.19041.0\RAWSelectionAssistant.WpfTests.dll" adapterTypeName="executor://mstestadapter/v4" className="RAWSelectionAssistant.WpfTests.Version230TetherUiTests" name="ProxyCache_GeneratesSupportedPreviewAndReleasesSourceStream" />
    </UnitTest>
    <UnitTest name="TetherPage_ExposesImportCountPreviewAndDefaultSafeCopyChoices" storage="d:\ai agent\worktrees\pixel-tart-developer-preview-rc6\tests\rawselectionassistant.wpftests\bin\x64\release\net10.0-windows10.0.19041.0\rawselectionassistant.wpftests.dll" id="1e373c14-c2a0-80a3-ae95-992ace2b5348">
      <Execution id="85005b22-f3ed-4f0b-b9c6-9f649f560d5d" />
      <TestMethod codeBase="D:\AI AGENT\worktrees\pixel-tart-developer-preview-rc6\tests\RAWSelectionAssistant.WpfTests\bin\x64\Release\net10.0-windows10.0.19041.0\RAWSelectionAssistant.WpfTests.dll" adapterTypeName="executor://mstestadapter/v4" className="RAWSelectionAssistant.WpfTests.Version230TetherUiTests" name="TetherPage_ExposesImportCountPreviewAndDefaultSafeCopyChoices" />
    </UnitTest>
    <UnitTest name="ProxyCache_UsesOnLoadBoundedSizeOpaqueKeysAndNoSqlite" storage="d:\ai agent\worktrees\pixel-tart-developer-preview-rc6\tests\rawselectionassistant.wpftests\bin\x64\release\net10.0-windows10.0.19041.0\rawselectionassistant.wpftests.dll" id="171526b6-1773-8ad5-9908-8ed73d85d54b">
      <Execution id="4665bdee-8a1d-4858-b19c-2ae9f8a123cf" />
      <TestMethod codeBase="D:\AI AGENT\worktrees\pixel-tart-developer-preview-rc6\tests\RAWSelectionAssistant.WpfTests\bin\x64\Release\net10.0-windows10.0.19041.0\RAWSelectionAssistant.WpfTests.dll" adapterTypeName="executor://mstestadapter/v4" className="RAWSelectionAssistant.WpfTests.Version230TetherUiTests" name="ProxyCache_UsesOnLoadBoundedSizeOpaqueKeysAndNoSqlite" />
    </UnitTest>
    <UnitTest name="TetherPage_ClearlyLabelsWatchFolderNotUsbDirect" storage="d:\ai agent\worktrees\pixel-tart-developer-preview-rc6\tests\rawselectionassistant.wpftests\bin\x64\release\net10.0-windows10.0.19041.0\rawselectionassistant.wpftests.dll" id="10000c29-8ff0-8790-8176-18751ac6961d">
      <Execution id="6bd8cedb-caed-4e56-9c1d-41bbe0121789" />
      <TestMethod codeBase="D:\AI AGENT\worktrees\pixel-tart-developer-preview-rc6\tests\RAWSelectionAssistant.WpfTests\bin\x64\Release\net10.0-windows10.0.19041.0\RAWSelectionAssistant.WpfTests.dll" adapterTypeName="executor://mstestadapter/v4" className="RAWSelectionAssistant.WpfTests.Version230TetherUiTests" name="TetherPage_ClearlyLabelsWatchFolderNotUsbDirect" />
    </UnitTest>
    <UnitTest name="ProxyCache_LruRemovesOldestEntryAtConfiguredBound" storage="d:\ai agent\worktrees\pixel-tart-developer-preview-rc6\tests\rawselectionassistant.wpftests\bin\x64\release\net10.0-windows10.0.19041.0\rawselectionassistant.wpftests.dll" id="19e58b86-d85d-844a-9cf0-8c95f240b04d">
      <Execution id="6d654ebd-3a99-4b61-9bc6-b3e7cdaceca5" />
      <TestMethod codeBase="D:\AI AGENT\worktrees\pixel-tart-developer-preview-rc6\tests\RAWSelectionAssistant.WpfTests\bin\x64\Release\net10.0-windows10.0.19041.0\RAWSelectionAssistant.WpfTests.dll" adapterTypeName="executor://mstestadapter/v4" className="RAWSelectionAssistant.WpfTests.Version230TetherUiTests" name="ProxyCache_LruRemovesOldestEntryAtConfiguredBound" />
    </UnitTest>
    <UnitTest name="TetherViewModel_DefaultsCopiesAndImportToFalse" storage="d:\ai agent\worktrees\pixel-tart-developer-preview-rc6\tests\rawselectionassistant.wpftests\bin\x64\release\net10.0-windows10.0.19041.0\rawselectionassistant.wpftests.dll" id="16008bb1-1946-8e72-b090-2a514c32e6e9">
      <Execution id="aa423448-8bd6-4a5b-b9af-1ddef021f514" />
      <TestMethod codeBase="D:\AI AGENT\worktrees\pixel-tart-developer-preview-rc6\tests\RAWSelectionAssistant.WpfTests\bin\x64\Release\net10.0-windows10.0.19041.0\RAWSelectionAssistant.WpfTests.dll" adapterTypeName="executor://mstestadapter/v4" className="RAWSelectionAssistant.WpfTests.Version230TetherUiTests" name="TetherViewModel_DefaultsCopiesAndImportToFalse" />
    </UnitTest>
    <UnitTest name="MainNavigation_ExposesIndependentTetherPage" storage="d:\ai agent\worktrees\pixel-tart-developer-preview-rc6\tests\rawselectionassistant.wpftests\bin\x64\release\net10.0-windows10.0.19041.0\rawselectionassistant.wpftests.dll" id="1818da8b-4be2-851c-aa3c-8e51d32acf9d">
      <Execution id="561ec691-61bb-444b-886f-a37d9e96ca0e" />
      <TestMethod codeBase="D:\AI AGENT\worktrees\pixel-tart-developer-preview-rc6\tests\RAWSelectionAssistant.WpfTests\bin\x64\Release\net10.0-windows10.0.19041.0\RAWSelectionAssistant.WpfTests.dll" adapterTypeName="executor://mstestadapter/v4" className="RAWSelectionAssistant.WpfTests.Version230TetherUiTests" name="MainNavigation_ExposesIndependentTetherPage" />
    </UnitTest>
    <UnitTest name="TetherPage_UsesDynamicThemeResourcesWithoutLiteralWhiteBackgrounds" storage="d:\ai agent\worktrees\pixel-tart-developer-preview-rc6\tests\rawselectionassistant.wpftests\bin\x64\release\net10.0-windows10.0.19041.0\rawselectionassistant.wpftests.dll" id="153641d8-b637-8664-9c23-58271b4c9a35">
      <Execution id="51fdc309-7b23-44f9-895b-fc65e727b7d9" />
      <TestMethod codeBase="D:\AI AGENT\worktrees\pixel-tart-developer-preview-rc6\tests\RAWSelectionAssistant.WpfTests\bin\x64\Release\net10.0-windows10.0.19041.0\RAWSelectionAssistant.WpfTests.dll" adapterTypeName="executor://mstestadapter/v4" className="RAWSelectionAssistant.WpfTests.Version230TetherUiTests" name="TetherPage_UsesDynamicThemeResourcesWithoutLiteralWhiteBackgrounds" />
    </UnitTest>
  </TestDefinitions>
  <TestEntries>
    <TestEntry testId="1fb69d35-14eb-89db-8d79-5c8d5b0f9bf2" executionId="733135e0-e1c3-4872-940b-8bc41bd84004" testListId="8c84fa94-04c1-424b-9868-57a2d4851a1d" />
    <TestEntry testId="16e766e1-ff02-8eec-853b-99465683320d" executionId="b954566f-2af5-4a38-b9cb-c7418113ec21" testListId="8c84fa94-04c1-424b-9868-57a2d4851a1d" />
    <TestEntry testId="1cf105a2-d6ec-8c80-8ee8-12b8d7bb3179" executionId="8d635346-21bd-411a-b68d-051be77dddfe" testListId="8c84fa94-04c1-424b-9868-57a2d4851a1d" />
    <TestEntry testId="16dc565d-bda3-8c9e-93dd-f97899085d35" executionId="6963781d-e557-45c9-8d02-74bac228c3f7" testListId="8c84fa94-04c1-424b-9868-57a2d4851a1d" />
    <TestEntry testId="17f6e9fe-1aef-8712-a61f-5532e69a3935" executionId="70490dbd-0f43-4edd-bccd-5c1be518c0f0" testListId="8c84fa94-04c1-424b-9868-57a2d4851a1d" />
    <TestEntry testId="15012a10-6942-8a4e-88b8-bc89fc2e758d" executionId="34016200-4d8b-4aa5-bc3b-7a5132bf56a5" testListId="8c84fa94-04c1-424b-9868-57a2d4851a1d" />
    <TestEntry testId="1e373c14-c2a0-80a3-ae95-992ace2b5348" executionId="85005b22-f3ed-4f0b-b9c6-9f649f560d5d" testListId="8c84fa94-04c1-424b-9868-57a2d4851a1d" />
    <TestEntry testId="171526b6-1773-8ad5-9908-8ed73d85d54b" executionId="4665bdee-8a1d-4858-b19c-2ae9f8a123cf" testListId="8c84fa94-04c1-424b-9868-57a2d4851a1d" />
    <TestEntry testId="14076090-fa3d-8cec-a6e1-3048d04024b1" executionId="d381b7eb-bb4c-4f7f-b5a3-b6ebde7d35a1" testListId="8c84fa94-04c1-424b-9868-57a2d4851a1d" />
    <TestEntry testId="1c528892-8286-8bf8-814b-c3e8d6162825" executionId="f7ba7f1b-bfa6-4515-b6eb-4f56bd814f59" testListId="8c84fa94-04c1-424b-9868-57a2d4851a1d" />
    <TestEntry testId="19e58b86-d85d-844a-9cf0-8c95f240b04d" executionId="6d654ebd-3a99-4b61-9bc6-b3e7cdaceca5" testListId="8c84fa94-04c1-424b-9868-57a2d4851a1d" />
    <TestEntry testId="16008bb1-1946-8e72-b090-2a514c32e6e9" executionId="aa423448-8bd6-4a5b-b9af-1ddef021f514" testListId="8c84fa94-04c1-424b-9868-57a2d4851a1d" />
    <TestEntry testId="1818da8b-4be2-851c-aa3c-8e51d32acf9d" executionId="561ec691-61bb-444b-886f-a37d9e96ca0e" testListId="8c84fa94-04c1-424b-9868-57a2d4851a1d" />
    <TestEntry testId="153641d8-b637-8664-9c23-58271b4c9a35" executionId="51fdc309-7b23-44f9-895b-fc65e727b7d9" testListId="8c84fa94-04c1-424b-9868-57a2d4851a1d" />
    <TestEntry testId="10000c29-8ff0-8790-8176-18751ac6961d" executionId="6bd8cedb-caed-4e56-9c1d-41bbe0121789" testListId="8c84fa94-04c1-424b-9868-57a2d4851a1d" />
    <TestEntry testId="192deb6d-97dc-8487-a122-ad78d4d36bb7" executionId="e90308b3-cfe8-4a2f-a455-0d1a5e68f8f7" testListId="8c84fa94-04c1-424b-9868-57a2d4851a1d" />
  </TestEntries>
  <TestLists>
    <TestList name="列表中未列出的结果" id="8c84fa94-04c1-424b-9868-57a2d4851a1d" />
    <TestList name="所有已加载的结果" id="19431567-8539-422a-85d7-44ee4e166bda" />
  </TestLists>
  <ResultSummary outcome="Completed">
    <Counters total="16" executed="16" passed="16" failed="0" error="0" timeout="0" aborted="0" inconclusive="0" passedButRunAborted="0" notRunnable="0" notExecuted="0" disconnected="0" warning="0" completed="0" inProgress="0" pending="0" />
  </ResultSummary>
</TestRun>