2026-10-04 20:11:38.914 [INFO] 应用程序已退出。
2026-10-04 20:11:39.498 [INFO] STARTUP_STAGE=02 Logging
2026-10-04 20:11:39.511 [INFO] STARTUP_STAGE=04 Database and composition
2026-10-04 20:11:39.610 [INFO] STARTUP_STAGE=05 Services and modules
2026-10-04 20:11:39.626 [INFO] STARTUP_STAGE=03 Settings
2026-10-04 20:11:39.751 [INFO] STARTUP_STAGE=06 Theme
2026-10-04 20:11:40.093 [INFO] STARTUP_STAGE=08 Workspace
2026-10-04 20:11:40.230 [INFO] 导航请求[cf0e5f8af04f4693bf75e31e5023acf6]：Workbench -> Workflow
2026-10-04 20:11:40.236 [INFO] STARTUP_STAGE=09 Restore Session
2026-10-04 20:11:40.238 [INFO] STARTUP_STAGE=07 MainWindow
2026-10-04 20:11:42.125 [INFO] 像素蛋挞已启动。
2026-10-04 20:11:42.126 [INFO] STARTUP_OK BuildId=2.3.0-dev.dc2ba3d ProductSourceSha=dc2ba3d47e9937e6ab41395a589ae1c44a2b1ed7 Windows=Microsoft Windows NT 10.0.26200.0 DataRoot=AppData-or-explicit-override LibraryRoot=user-managed LastWorkspace=ReferenceColor
2026-10-04 20:13:12.981 [INFO] 导航请求[17f900a1d084430b9bbfa18078d989f7]：Workbench -> ReferenceColor
2026-10-04 20:23:27.236 [INFO] 导航请求[ced7828c739e4c779a68b261468b0dcd]：ReferenceColor -> AssetLibrary
2026-10-04 20:30:48.064 [INFO] 应用程序已退出。
2026-10-04 20:32:36.935 [INFO] STARTUP_STAGE=02 Logging
2026-10-04 20:32:36.947 [INFO] STARTUP_STAGE=04 Database and composition
2026-10-04 20:32:37.038 [INFO] STARTUP_STAGE=05 Services and modules
2026-10-04 20:32:37.053 [INFO] STARTUP_STAGE=03 Settings
2026-10-04 20:32:37.183 [INFO] STARTUP_STAGE=06 Theme
2026-10-04 20:32:37.475 [INFO] STARTUP_STAGE=08 Workspace
2026-10-04 20:32:37.607 [INFO] 导航请求[c2f9baf36a9b49f0a053e59134bdfc68]：Workbench -> Workflow
2026-10-04 20:32:37.613 [INFO] STARTUP_STAGE=09 Restore Session
2026-10-04 20:32:37.615 [INFO] STARTUP_STAGE=07 MainWindow
2026-10-04 20:32:39.371 [INFO] 像素蛋挞已启动。
2026-10-04 20:32:39.372 [INFO] STARTUP_OK BuildId=2.3.0-dev.dc2ba3d ProductSourceSha=dc2ba3d47e9937e6ab41395a589ae1c44a2b1ed7 Windows=Microsoft Windows NT 10.0.26200.0 DataRoot=AppData-or-explicit-override LibraryRoot=user-managed LastWorkspace=AssetLibrary
